<?xml version="1.0" encoding="utf-8"?><testsuites name="pytest tests"><testsuite name="pytest" errors="0" failures="3" skipped="18" tests="1683" time="319.598" timestamp="2026-01-09T01:21:45.808360-06:00" hostname="DESKTOP-5IB5S6R"><testcase classname="tests.altdata.test_market_mood_analyzer.TestMoodState" name="test_mood_state_values" time="0.002" /><testcase classname="tests.altdata.test_market_mood_analyzer.TestMarketMood" name="test_market_mood_to_dict" time="0.001" /><testcase classname="tests.altdata.test_market_mood_analyzer.TestMarketMood" name="test_market_mood_default_timestamp" time="0.000" /><testcase classname="tests.altdata.test_market_mood_analyzer.TestMarketMoodAnalyzer" name="test_initialization_defaults" time="0.000" /><testcase classname="tests.altdata.test_market_mood_analyzer.TestMarketMoodAnalyzer" name="test_initialization_custom_weights" time="0.000" /><testcase classname="tests.altdata.test_market_mood_analyzer.TestMarketMoodAnalyzer" name="test_weights_normalized" time="0.000" /><testcase classname="tests.altdata.test_market_mood_analyzer.TestVixToMoodScore" name="test_extreme_fear_high_vix" time="0.000" /><testcase classname="tests.altdata.test_market_mood_analyzer.TestVixToMoodScore" name="test_fear_zone_vix" time="0.000" /><testcase classname="tests.altdata.test_market_mood_analyzer.TestVixToMoodScore" name="test_neutral_zone_vix" time="0.000" /><testcase classname="tests.altdata.test_market_mood_analyzer.TestVixToMoodScore" name="test_greed_zone_vix" time="0.000" /><testcase classname="tests.altdata.test_market_mood_analyzer.TestVixToMoodScore" name="test_extreme_greed_low_vix" time="0.000" /><testcase classname="tests.altdata.test_market_mood_analyzer.TestDetermineMoodState" name="test_extreme_fear_state" time="0.000" /><testcase classname="tests.altdata.test_market_mood_analyzer.TestDetermineMoodState" name="test_fear_state" time="0.000" /><testcase classname="tests.altdata.test_market_mood_analyzer.TestDetermineMoodState" name="test_neutral_state" time="0.000" /><testcase classname="tests.altdata.test_market_mood_analyzer.TestDetermineMoodState" name="test_greed_state" time="0.000" /><testcase classname="tests.altdata.test_market_mood_analyzer.TestDetermineMoodState" name="test_extreme_greed_state" time="0.000" /><testcase classname="tests.altdata.test_market_mood_analyzer.TestGetMarketMood" name="test_returns_dict_format" time="0.000" /><testcase classname="tests.altdata.test_market_mood_analyzer.TestGetMarketMood" name="test_high_vix_extreme_fear" time="0.000" /><testcase classname="tests.altdata.test_market_mood_analyzer.TestGetMarketMood" name="test_low_vix_greed" time="0.000" /><testcase classname="tests.altdata.test_market_mood_analyzer.TestGetMarketMood" name="test_neutral_conditions" time="0.000" /><testcase classname="tests.altdata.test_market_mood_analyzer.TestGetMarketMood" name="test_vix_override" time="0.000" /><testcase classname="tests.altdata.test_market_mood_analyzer.TestGetMarketMood" name="test_sentiment_override" time="0.000" /><testcase classname="tests.altdata.test_market_mood_analyzer.TestGetMarketMood" name="test_combined_vix_and_sentiment" time="0.000" /><testcase classname="tests.altdata.test_market_mood_analyzer.TestGetMarketMood" name="test_missing_data_uses_defaults" time="0.000" /><testcase classname="tests.altdata.test_market_mood_analyzer.TestExtremeMoodDetection" name="test_extreme_fear_is_extreme" time="0.000" /><testcase classname="tests.altdata.test_market_mood_analyzer.TestExtremeMoodDetection" name="test_extreme_greed_is_extreme" time="0.000" /><testcase classname="tests.altdata.test_market_mood_analyzer.TestExtremeMoodDetection" name="test_moderate_conditions_not_extreme" time="0.000" /><testcase classname="tests.altdata.test_market_mood_analyzer.TestExtremeMoodDetection" name="test_lower_threshold_triggers_extreme" time="0.000" /><testcase classname="tests.altdata.test_market_mood_analyzer.TestMoodDescription" name="test_extreme_fear_description" time="0.000" /><testcase classname="tests.altdata.test_market_mood_analyzer.TestMoodDescription" name="test_neutral_description" time="0.000" /><testcase classname="tests.altdata.test_market_mood_analyzer.TestIntrospection" name="test_introspect_returns_string" time="0.000" /><testcase classname="tests.altdata.test_market_mood_analyzer.TestSingleton" name="test_get_market_mood_analyzer_returns_same_instance" time="0.001" /><testcase classname="tests.altdata.test_market_mood_analyzer.TestEdgeCases" name="test_zero_vix" time="0.000" /><testcase classname="tests.altdata.test_market_mood_analyzer.TestEdgeCases" name="test_negative_vix" time="0.000" /><testcase classname="tests.altdata.test_market_mood_analyzer.TestEdgeCases" name="test_sentiment_out_of_range" time="0.000" /><testcase classname="tests.altdata.test_news_processor" name="test_news_processor_init" time="0.001" /><testcase classname="tests.altdata.test_news_processor" name="test_get_sentiment_scores" time="0.001" /><testcase classname="tests.altdata.test_news_processor" name="test_fetch_news_basic" time="0.001" /><testcase classname="tests.altdata.test_news_processor" name="test_fetch_news_by_symbol" time="0.001" /><testcase classname="tests.altdata.test_news_processor" name="test_fetch_news_by_query" time="0.001" /><testcase classname="tests.altdata.test_news_processor" name="test_fetch_news_by_date_range" time="0.001" /><testcase classname="tests.altdata.test_news_processor" name="test_get_aggregated_sentiment_overall" time="0.001" /><testcase classname="tests.altdata.test_news_processor" name="test_get_aggregated_sentiment_no_news" time="0.001" /><testcase classname="tests.altdata.test_news_processor" name="test_get_news_processor_singleton" time="0.007" /><testcase classname="tests.altdata.test_sentiment_fingpt.TestFinGPTSentimentBasic" name="test_positive_sentiment" time="1.445" /><testcase classname="tests.altdata.test_sentiment_fingpt.TestFinGPTSentimentBasic" name="test_negative_sentiment" time="0.121" /><testcase classname="tests.altdata.test_sentiment_fingpt.TestFinGPTSentimentBasic" name="test_neutral_sentiment" time="0.119" /><testcase classname="tests.altdata.test_sentiment_fingpt.TestFinGPTSentimentBasic" name="test_score_range" time="0.110" /><testcase classname="tests.altdata.test_sentiment_fingpt.TestFinGPTSentimentEdgeCases" name="test_empty_text" time="0.000" /><testcase classname="tests.altdata.test_sentiment_fingpt.TestFinGPTSentimentEdgeCases" name="test_none_text" time="0.000" /><testcase classname="tests.altdata.test_sentiment_fingpt.TestFinGPTSentimentEdgeCases" name="test_very_short_text" time="0.001" /><testcase classname="tests.altdata.test_sentiment_fingpt.TestFinGPTSentimentEdgeCases" name="test_very_long_text" time="0.327" /><testcase classname="tests.altdata.test_sentiment_fingpt.TestFinGPTSentimentEdgeCases" name="test_special_characters" time="0.128" /><testcase classname="tests.altdata.test_sentiment_fingpt.TestFinGPTSentimentEdgeCases" name="test_unicode_text" time="0.114" /><testcase classname="tests.altdata.test_sentiment_fingpt.TestFinGPTPerformance" name="test_single_inference_latency" time="0.038" /><testcase classname="tests.altdata.test_sentiment_fingpt.TestFinGPTPerformance" name="test_cache_effectiveness" time="0.001" /><testcase classname="tests.altdata.test_sentiment_fingpt.TestFinGPTPerformance" name="test_batch_processing_faster" time="0.223" /><testcase classname="tests.altdata.test_sentiment_fingpt.TestFinGPTVsVADER" name="test_vader_fingpt_both_work" time="0.008" /><testcase classname="tests.altdata.test_sentiment_fingpt.TestFinGPTVsVADER" name="test_positive_news_both_positive" time="0.044"><failure message="AssertionError: VADER should be positive&#10;assert 0.0 &gt; 0">E   AssertionError: VADER should be positive
    assert 0.0 &gt; 0</failure></testcase><testcase classname="tests.altdata.test_sentiment_fingpt.TestFinGPTVsVADER" name="test_negative_news_both_negative" time="0.047" /><testcase classname="tests.altdata.test_sentiment_fingpt.TestFinGPTVsVADER" name="test_financial_domain_advantage" time="0.270" /><testcase classname="tests.altdata.test_sentiment_fingpt.TestABTestMode" name="test_ab_test_mode_runs_both_models" time="0.022" /><testcase classname="tests.altdata.test_sentiment_fingpt.TestABTestMode" name="test_sentiment_model_info" time="0.000" /><testcase classname="tests.altdata.test_sentiment_fingpt.TestFinGPTStatisticalValidation" name="test_reproducibility" time="0.001" /><testcase classname="tests.altdata.test_sentiment_fingpt.TestFinGPTStatisticalValidation" name="test_sensitivity_to_wording" time="0.073"><failure message="AssertionError: Scores not ordered: -0.00 &lt; 0.90 &lt; 0.81&#10;assert 0.8996075855392178 &lt; 0.805254626310913">E   AssertionError: Scores not ordered: -0.00 &lt; 0.90 &lt; 0.81
    assert 0.8996075855392178 &lt; 0.805254626310913</failure></testcase><testcase classname="tests.altdata.test_sentiment_fingpt.TestFinGPTStatisticalValidation" name="test_symmetry_positive_negative" time="0.143"><failure message="AssertionError: Expected opposite signs: -0.10 vs -0.82&#10;assert (-0.10108169381991372 * -0.8233266939601539) &lt; 0">E   AssertionError: Expected opposite signs: -0.10 vs -0.82
    assert (-0.10108169381991372 * -0.8233266939601539) &lt; 0</failure></testcase><testcase classname="tests.backtest.test_pnl_calculation.TestBasicPnLCalculation" name="test_winning_long_trade" time="0.002" /><testcase classname="tests.backtest.test_pnl_calculation.TestBasicPnLCalculation" name="test_losing_long_trade" time="0.001" /><testcase classname="tests.backtest.test_pnl_calculation.TestBasicPnLCalculation" name="test_partial_exit" time="0.001" /><testcase classname="tests.backtest.test_pnl_calculation.TestBasicPnLCalculation" name="test_multiple_trades_accumulate" time="0.001" /><testcase classname="tests.backtest.test_pnl_calculation.TestSlippageImpact" name="test_slippage_reduces_profit" time="0.000" /><testcase classname="tests.backtest.test_pnl_calculation.TestCommissionImpact" name="test_commission_reduces_cash" time="0.000" /><testcase classname="tests.backtest.test_pnl_calculation.TestCommissionImpact" name="test_sec_taf_fees_on_sell" time="0.000" /><testcase classname="tests.backtest.test_pnl_calculation.TestPositionTracking" name="test_position_qty_updates" time="0.000" /><testcase classname="tests.backtest.test_pnl_calculation.TestPositionTracking" name="test_average_cost_updates" time="0.000" /><testcase classname="tests.backtest.test_pnl_calculation.TestPositionTracking" name="test_cannot_oversell" time="0.000" /><testcase classname="tests.backtest.test_pnl_calculation.TestTradeRecording" name="test_trades_recorded_correctly" time="0.000" /><testcase classname="tests.cognitive.test_adjudicator.TestVerdictDataclass" name="test_verdict_creation" time="0.002" /><testcase classname="tests.cognitive.test_adjudicator.TestVerdictDataclass" name="test_verdict_rejected" time="0.000" /><testcase classname="tests.cognitive.test_adjudicator.TestHeuristicFunction" name="test_good_signal_approved" time="0.000" /><testcase classname="tests.cognitive.test_adjudicator.TestHeuristicFunction" name="test_penny_stock_penalized" time="0.000" /><testcase classname="tests.cognitive.test_adjudicator.TestHeuristicFunction" name="test_wide_stop_penalized" time="0.000" /><testcase classname="tests.cognitive.test_adjudicator.TestHeuristicFunction" name="test_multiple_penalties" time="0.000" /><testcase classname="tests.cognitive.test_adjudicator.TestHeuristicFunction" name="test_score_clamped_to_zero" time="0.000" /><testcase classname="tests.cognitive.test_adjudicator.TestHeuristicFunction" name="test_handles_missing_prices" time="0.000" /><testcase classname="tests.cognitive.test_adjudicator.TestHeuristicFunction" name="test_handles_invalid_prices" time="0.000" /><testcase classname="tests.cognitive.test_adjudicator.TestAdjudicateFunction" name="test_adjudicate_returns_verdict" time="0.000" /><testcase classname="tests.cognitive.test_adjudicator.TestAdjudicateFunction" name="test_adjudicate_good_signal" time="0.000" /><testcase classname="tests.cognitive.test_adjudicator.TestAdjudicateFunction" name="test_adjudicate_bad_signal" time="0.000" /><testcase classname="tests.cognitive.test_adjudicator.TestAdjudicateFunction" name="test_adjudicate_empty_signal" time="0.000" /><testcase classname="tests.cognitive.test_adjudicator.TestScoreThresholds" name="test_score_exactly_at_threshold" time="0.000" /><testcase classname="tests.cognitive.test_adjudicator.TestScoreThresholds" name="test_score_just_below_threshold" time="0.000" /><testcase classname="tests.cognitive.test_adjudicator.TestEdgeCases" name="test_zero_entry_price" time="0.000" /><testcase classname="tests.cognitive.test_adjudicator.TestEdgeCases" name="test_negative_prices" time="0.000" /><testcase classname="tests.cognitive.test_adjudicator.TestEdgeCases" name="test_none_values" time="0.001" /><testcase classname="tests.cognitive.test_adjudicator.TestIntegration" name="test_adjudicator_with_full_signal" time="0.000" /><testcase classname="tests.cognitive.test_cognitive_brain.TestCognitiveBrainInitialization" name="test_default_initialization" time="0.000" /><testcase classname="tests.cognitive.test_cognitive_brain.TestCognitiveBrainInitialization" name="test_custom_initialization" time="0.000" /><testcase classname="tests.cognitive.test_cognitive_brain.TestCognitiveBrainInitialization" name="test_lazy_loading_components" time="0.000" /><testcase classname="tests.cognitive.test_cognitive_brain.TestCognitiveBrainInitialization" name="test_singleton_factory" time="0.000" /><testcase classname="tests.cognitive.test_cognitive_brain.TestCognitiveBrainDeliberation" name="test_basic_deliberation_act" time="0.287" /><testcase classname="tests.cognitive.test_cognitive_brain.TestCognitiveBrainDeliberation" name="test_basic_deliberation_stand_down" time="0.001" /><testcase classname="tests.cognitive.test_cognitive_brain.TestCognitiveBrainDeliberation" name="test_deliberation_increments_decision_count" time="0.001" /><testcase classname="tests.cognitive.test_cognitive_brain.TestCognitiveBrainDeliberation" name="test_deliberation_records_processing_time" time="0.001" /><testcase classname="tests.cognitive.test_cognitive_brain.TestCognitiveBrainDeliberation" name="test_deliberation_with_missing_context" time="0.001" /><testcase classname="tests.cognitive.test_cognitive_brain.TestCognitiveBrainLearning" name="test_learn_from_winning_outcome" time="0.510" /><testcase classname="tests.cognitive.test_cognitive_brain.TestCognitiveBrainLearning" name="test_learn_from_losing_outcome" time="0.303" /><testcase classname="tests.cognitive.test_cognitive_brain.TestCognitiveBrainThinkDeeper" name="test_think_deeper_returns_adjusted_confidence" time="0.001" /><testcase classname="tests.cognitive.test_cognitive_brain.TestCognitiveBrainThinkDeeper" name="test_think_deeper_caps_confidence" time="0.001" /><testcase classname="tests.cognitive.test_cognitive_brain.TestCognitiveBrainConsolidation" name="test_daily_consolidation" time="0.216" /><testcase classname="tests.cognitive.test_cognitive_brain.TestCognitiveBrainConsolidation" name="test_weekly_consolidation" time="0.004" /><testcase classname="tests.cognitive.test_cognitive_brain.TestCognitiveBrainIntrospection" name="test_get_status" time="0.052" /><testcase classname="tests.cognitive.test_cognitive_brain.TestCognitiveBrainIntrospection" name="test_introspect" time="0.053" /><testcase classname="tests.cognitive.test_cognitive_brain.TestCognitiveBrainSizeMultiplier" name="test_size_multiplier_high_confidence" time="0.000" /><testcase classname="tests.cognitive.test_cognitive_brain.TestCognitiveBrainSizeMultiplier" name="test_size_multiplier_low_confidence" time="0.000" /><testcase classname="tests.cognitive.test_cognitive_brain.TestCognitiveBrainSizeMultiplier" name="test_size_multiplier_boundary" time="0.000" /><testcase classname="tests.cognitive.test_cognitive_brain.TestCognitiveDecision" name="test_cognitive_decision_to_dict" time="0.000" /><testcase classname="tests.cognitive.test_contradiction_resolver.TestSignal" name="test_signal_creation" time="0.003" /><testcase classname="tests.cognitive.test_contradiction_resolver.TestSignal" name="test_signal_serialization" time="0.000" /><testcase classname="tests.cognitive.test_contradiction_resolver.TestContradiction" name="test_contradiction_creation" time="0.000" /><testcase classname="tests.cognitive.test_contradiction_resolver.TestResolution" name="test_resolution_creation" time="0.000" /><testcase classname="tests.cognitive.test_contradiction_resolver.TestResolution" name="test_resolution_serialization" time="0.000" /><testcase classname="tests.cognitive.test_contradiction_resolver.TestContradictionResolver" name="test_initialization" time="0.000" /><testcase classname="tests.cognitive.test_contradiction_resolver.TestContradictionResolver" name="test_find_contradictions_opposite_directions" time="0.000" /><testcase classname="tests.cognitive.test_contradiction_resolver.TestContradictionResolver" name="test_find_contradictions_no_contradictions" time="0.000" /><testcase classname="tests.cognitive.test_contradiction_resolver.TestContradictionResolver" name="test_are_contradictory_opposite_directions" time="0.000" /><testcase classname="tests.cognitive.test_contradiction_resolver.TestContradictionResolver" name="test_are_contradictory_same_direction" time="0.000" /><testcase classname="tests.cognitive.test_contradiction_resolver.TestContradictionResolver" name="test_resolve_with_contradictions" time="0.710" /><testcase classname="tests.cognitive.test_contradiction_resolver.TestContradictionResolver" name="test_simple_aggregate_all_long" time="0.000" /><testcase classname="tests.cognitive.test_contradiction_resolver.TestContradictionResolver" name="test_simple_aggregate_mixed_with_majority" time="0.000" /><testcase classname="tests.cognitive.test_contradiction_resolver.TestSingletonPattern" name="test_get_resolver_returns_instance" time="0.000" /><testcase classname="tests.cognitive.test_contradiction_resolver.TestEdgeCases" name="test_empty_signals_list" time="0.000" /><testcase classname="tests.cognitive.test_contradiction_resolver.TestEdgeCases" name="test_single_signal" time="0.000" /><testcase classname="tests.cognitive.test_contradiction_resolver.TestEdgeCases" name="test_all_stand_down_signals" time="0.000" /><testcase classname="tests.cognitive.test_contradiction_resolver.TestEnums" name="test_signal_direction_values" time="0.000" /><testcase classname="tests.cognitive.test_contradiction_resolver.TestEnums" name="test_resolution_method_values" time="0.001" /><testcase classname="tests.cognitive.test_contradiction_resolver.TestEnums" name="test_contradiction_severity_values" time="0.000" /><testcase classname="tests.cognitive.test_curiosity_engine.TestHypothesisStatusEnum" name="test_status_values" time="0.000" /><testcase classname="tests.cognitive.test_curiosity_engine.TestHypothesisDataclass" name="test_hypothesis_creation" time="0.000" /><testcase classname="tests.cognitive.test_curiosity_engine.TestHypothesisDataclass" name="test_hypothesis_to_dict" time="0.000" /><testcase classname="tests.cognitive.test_curiosity_engine.TestEdgeDataclass" name="test_edge_creation" time="0.000" /><testcase classname="tests.cognitive.test_curiosity_engine.TestEdgeDataclass" name="test_edge_to_dict" time="0.000" /><testcase classname="tests.cognitive.test_curiosity_engine.TestCuriosityEngineInitialization" name="test_default_initialization" time="0.001" /><testcase classname="tests.cognitive.test_curiosity_engine.TestCuriosityEngineInitialization" name="test_custom_parameters" time="0.001" /><testcase classname="tests.cognitive.test_curiosity_engine.TestGetValidatedEdges" name="test_get_validated_edges_empty" time="0.001" /><testcase classname="tests.cognitive.test_curiosity_engine.TestGetActiveHypotheses" name="test_get_active_hypotheses_empty" time="0.001" /><testcase classname="tests.cognitive.test_curiosity_engine.TestTestAllPending" name="test_test_all_pending_empty" time="0.001" /><testcase classname="tests.cognitive.test_curiosity_engine.TestStatistics" name="test_get_stats_empty" time="0.001" /><testcase classname="tests.cognitive.test_curiosity_engine.TestIntrospection" name="test_introspect" time="0.001" /><testcase classname="tests.cognitive.test_curiosity_engine.TestStatePersistence" name="test_state_persists_across_instances" time="0.010" /><testcase classname="tests.cognitive.test_episodic_memory.TestEpisodeOutcomeEnum" name="test_outcome_values" time="0.000" /><testcase classname="tests.cognitive.test_episodic_memory.TestEpisodeDataclass" name="test_episode_creation" time="0.000" /><testcase classname="tests.cognitive.test_episodic_memory.TestEpisodeDataclass" name="test_episode_to_dict" time="0.000" /><testcase classname="tests.cognitive.test_episodic_memory.TestEpisodeDataclass" name="test_episode_from_dict" time="0.000" /><testcase classname="tests.cognitive.test_episodic_memory.TestEpisodeDataclass" name="test_episode_context_signature" time="0.000" /><testcase classname="tests.cognitive.test_episodic_memory.TestEpisodeDataclass" name="test_episode_different_context_different_signature" time="0.000" /><testcase classname="tests.cognitive.test_episodic_memory.TestEpisodicMemoryInitialization" name="test_initialization_creates_directory" time="0.001" /><testcase classname="tests.cognitive.test_episodic_memory.TestEpisodicMemoryInitialization" name="test_initialization_with_custom_max_episodes" time="0.001" /><testcase classname="tests.cognitive.test_episodic_memory.TestEpisodeLifecycle" name="test_start_episode" time="0.001" /><testcase classname="tests.cognitive.test_episodic_memory.TestEpisodeLifecycle" name="test_add_reasoning" time="0.001" /><testcase classname="tests.cognitive.test_episodic_memory.TestEpisodeLifecycle" name="test_add_reasoning_list" time="0.001" /><testcase classname="tests.cognitive.test_episodic_memory.TestEpisodeLifecycle" name="test_add_concern" time="0.001" /><testcase classname="tests.cognitive.test_episodic_memory.TestEpisodeLifecycle" name="test_add_concerns_multiple" time="0.001" /><testcase classname="tests.cognitive.test_episodic_memory.TestEpisodeLifecycle" name="test_add_action" time="0.001" /><testcase classname="tests.cognitive.test_episodic_memory.TestEpisodeLifecycle" name="test_complete_episode_win" time="0.001" /><testcase classname="tests.cognitive.test_episodic_memory.TestEpisodeLifecycle" name="test_complete_episode_loss" time="0.002" /><testcase classname="tests.cognitive.test_episodic_memory.TestEpisodeLifecycle" name="test_complete_episode_stand_down" time="0.001" /><testcase classname="tests.cognitive.test_episodic_memory.TestFindingSimilarEpisodes" name="test_find_similar_empty" time="0.001" /><testcase classname="tests.cognitive.test_episodic_memory.TestFindingSimilarEpisodes" name="test_find_similar_with_matching_context" time="0.002" /><testcase classname="tests.cognitive.test_episodic_memory.TestFindingSimilarEpisodes" name="test_find_similar_respects_limit" time="0.002" /><testcase classname="tests.cognitive.test_episodic_memory.TestLessonsForContext" name="test_get_lessons_for_context_empty" time="0.001" /><testcase classname="tests.cognitive.test_episodic_memory.TestLessonsForContext" name="test_get_lessons_includes_postmortem_lessons" time="0.001" /><testcase classname="tests.cognitive.test_episodic_memory.TestWinRateForContext" name="test_win_rate_empty" time="0.001" /><testcase classname="tests.cognitive.test_episodic_memory.TestWinRateForContext" name="test_win_rate_calculation" time="0.002" /><testcase classname="tests.cognitive.test_episodic_memory.TestRecentEpisodes" name="test_get_recent_episodes" time="0.001" /><testcase classname="tests.cognitive.test_episodic_memory.TestPostmortem" name="test_add_postmortem" time="0.001" /><testcase classname="tests.cognitive.test_episodic_memory.TestStatistics" name="test_get_stats_empty" time="0.001" /><testcase classname="tests.cognitive.test_episodic_memory.TestStatistics" name="test_get_stats_with_episodes" time="0.001" /><testcase classname="tests.cognitive.test_episodic_memory.TestPruning" name="test_prune_least_important" time="0.002" /><testcase classname="tests.cognitive.test_episodic_memory.TestPersistence" name="test_save_and_load_episode" time="0.013" /><testcase classname="tests.cognitive.test_episodic_memory.TestSingletonFactory" name="test_get_episodic_memory_singleton" time="0.000" /><testcase classname="tests.cognitive.test_game_briefings.TestBriefingContext" name="test_required_fields" time="0.000" /><testcase classname="tests.cognitive.test_game_briefings.TestBriefingContext" name="test_default_values" time="0.000" /><testcase classname="tests.cognitive.test_game_briefings.TestBriefingContext" name="test_to_dict" time="0.000" /><testcase classname="tests.cognitive.test_game_briefings.TestPreGameBriefing" name="test_creation" time="0.000" /><testcase classname="tests.cognitive.test_game_briefings.TestPreGameBriefing" name="test_to_dict" time="0.001" /><testcase classname="tests.cognitive.test_game_briefings.TestHalfTimeBriefing" name="test_creation" time="0.000" /><testcase classname="tests.cognitive.test_game_briefings.TestPostGameBriefing" name="test_creation" time="0.000" /><testcase classname="tests.cognitive.test_game_briefings.TestTradeOutcome" name="test_winner_detection" time="0.000" /><testcase classname="tests.cognitive.test_game_briefings.TestPositionStatus" name="test_creation" time="0.000" /><testcase classname="tests.cognitive.test_game_briefings.TestGameBriefingEngine" name="test_filter_test_trades" time="0.012" /><testcase classname="tests.cognitive.test_game_briefings.TestGameBriefingEngine" name="test_save_briefing_utf8_encoding" time="0.024" /><testcase classname="tests.cognitive.test_game_briefings.TestGetBriefingEngine" name="test_returns_engine_instance" time="0.001" /><testcase classname="tests.cognitive.test_game_briefings.TestIntegration" name="test_briefing_flow" time="0.015" /><testcase classname="tests.cognitive.test_game_briefings.TestIntegration" name="test_day_summary_calculation" time="0.001" /><testcase classname="tests.cognitive.test_global_workspace.TestPriorityEnum" name="test_priority_values" time="0.000" /><testcase classname="tests.cognitive.test_global_workspace.TestWorkspaceItemDataclass" name="test_item_creation" time="0.000" /><testcase classname="tests.cognitive.test_global_workspace.TestWorkspaceItemDataclass" name="test_item_with_custom_ttl" time="0.000" /><testcase classname="tests.cognitive.test_global_workspace.TestWorkspaceItemDataclass" name="test_item_to_dict" time="0.000" /><testcase classname="tests.cognitive.test_global_workspace.TestWorkspaceItemDataclass" name="test_item_is_expired" time="0.000" /><testcase classname="tests.cognitive.test_global_workspace.TestGlobalWorkspaceInitialization" name="test_default_initialization" time="0.000" /><testcase classname="tests.cognitive.test_global_workspace.TestGlobalWorkspaceInitialization" name="test_custom_capacity" time="0.000" /><testcase classname="tests.cognitive.test_global_workspace.TestPublishSubscribe" name="test_subscribe_to_topic" time="0.000" /><testcase classname="tests.cognitive.test_global_workspace.TestPublishSubscribe" name="test_publish_message" time="0.000" /><testcase classname="tests.cognitive.test_global_workspace.TestPublishSubscribe" name="test_multiple_subscribers" time="0.000" /><testcase classname="tests.cognitive.test_global_workspace.TestPublishSubscribe" name="test_publish_to_nonexistent_topic" time="0.000" /><testcase classname="tests.cognitive.test_global_workspace.TestPublishSubscribe" name="test_wildcard_subscription" time="0.000" /><testcase classname="tests.cognitive.test_global_workspace.TestGetData" name="test_get_published_data" time="0.000" /><testcase classname="tests.cognitive.test_global_workspace.TestGetData" name="test_get_nonexistent_data" time="0.000" /><testcase classname="tests.cognitive.test_global_workspace.TestGetData" name="test_get_with_default" time="0.000" /><testcase classname="tests.cognitive.test_global_workspace.TestGetData" name="test_get_item_full" time="0.000" /><testcase classname="tests.cognitive.test_global_workspace.TestGetContext" name="test_get_context_multiple_topics" time="0.000" /><testcase classname="tests.cognitive.test_global_workspace.TestGetContext" name="test_get_context_empty" time="0.000" /><testcase classname="tests.cognitive.test_global_workspace.TestWorkingMemory" name="test_high_priority_enters_working_memory" time="0.000" /><testcase classname="tests.cognitive.test_global_workspace.TestWorkingMemory" name="test_low_priority_does_not_enter_working_memory" time="0.000" /><testcase classname="tests.cognitive.test_global_workspace.TestWorkingMemory" name="test_focus_attention" time="0.000" /><testcase classname="tests.cognitive.test_global_workspace.TestWorkingMemory" name="test_working_memory_capacity_limit" time="0.000" /><testcase classname="tests.cognitive.test_global_workspace.TestStatistics" name="test_get_stats" time="0.000" /><testcase classname="tests.cognitive.test_global_workspace.TestCleanup" name="test_cleanup_expired_items" time="0.000" /><testcase classname="tests.cognitive.test_global_workspace.TestDumpState" name="test_dump_state_json" time="0.000" /><testcase classname="tests.cognitive.test_global_workspace.TestSingletonFactory" name="test_get_workspace" time="0.000" /><testcase classname="tests.cognitive.test_global_workspace.TestTopicConstants" name="test_topic_constants_exist" time="0.000" /><testcase classname="tests.cognitive.test_knowledge_boundary.TestUncertaintyLevelEnum" name="test_uncertainty_levels" time="0.000" /><testcase classname="tests.cognitive.test_knowledge_boundary.TestUncertaintySourceEnum" name="test_uncertainty_sources" time="0.000" /><testcase classname="tests.cognitive.test_knowledge_boundary.TestInvalidatorDataclass" name="test_invalidator_creation" time="0.001" /><testcase classname="tests.cognitive.test_knowledge_boundary.TestKnowledgeAssessmentDataclass" name="test_assessment_creation" time="0.000" /><testcase classname="tests.cognitive.test_knowledge_boundary.TestKnowledgeAssessmentDataclass" name="test_assessment_to_dict" time="0.000" /><testcase classname="tests.cognitive.test_knowledge_boundary.TestKnowledgeBoundaryInitialization" name="test_default_initialization" time="0.000" /><testcase classname="tests.cognitive.test_knowledge_boundary.TestKnowledgeBoundaryInitialization" name="test_custom_thresholds" time="0.000" /><testcase classname="tests.cognitive.test_knowledge_boundary.TestAssessKnowledgeState" name="test_low_uncertainty_context" time="0.000" /><testcase classname="tests.cognitive.test_knowledge_boundary.TestAssessKnowledgeState" name="test_missing_data_increases_uncertainty" time="0.000" /><testcase classname="tests.cognitive.test_knowledge_boundary.TestAssessKnowledgeState" name="test_stale_data_increases_uncertainty" time="0.000" /><testcase classname="tests.cognitive.test_knowledge_boundary.TestAssessKnowledgeState" name="test_high_vix_increases_uncertainty" time="0.000" /><testcase classname="tests.cognitive.test_knowledge_boundary.TestAssessKnowledgeState" name="test_stand_down_on_extreme_uncertainty" time="0.000" /><testcase classname="tests.cognitive.test_knowledge_boundary.TestWhatWouldChangeMind" name="test_returns_list_of_doubts" time="0.000" /><testcase classname="tests.cognitive.test_knowledge_boundary.TestGetConfidenceCeiling" name="test_high_uncertainty_lowers_ceiling" time="0.001" /><testcase classname="tests.cognitive.test_knowledge_boundary.TestGetConfidenceCeiling" name="test_low_uncertainty_high_ceiling" time="0.000" /><testcase classname="tests.cognitive.test_knowledge_boundary.TestIntrospection" name="test_introspect" time="0.000" /><testcase classname="tests.cognitive.test_knowledge_boundary.TestConfidenceAdjustment" name="test_confidence_adjustment_negative_with_uncertainty" time="0.001" /><testcase classname="tests.cognitive.test_knowledge_boundary.TestTimestampHandling" name="test_handles_string_timestamp" time="0.000" /><testcase classname="tests.cognitive.test_knowledge_boundary.TestTimestampHandling" name="test_handles_datetime_timestamp" time="0.000" /><testcase classname="tests.cognitive.test_llm_narrative_analyzer" name="test_llm_analyzer_init_with_api_key" time="0.283" /><testcase classname="tests.cognitive.test_llm_narrative_analyzer" name="test_llm_analyzer_init_without_api_key" time="0.001" /><testcase classname="tests.cognitive.test_llm_narrative_analyzer" name="test_build_prompt" time="0.001" /><testcase classname="tests.cognitive.test_llm_narrative_analyzer" name="test_analyze_reflection_success" time="0.005" /><testcase classname="tests.cognitive.test_llm_narrative_analyzer" name="test_analyze_reflection_no_client" time="0.001" /><testcase classname="tests.cognitive.test_llm_narrative_analyzer" name="test_analyze_reflection_api_error" time="0.025" /><testcase classname="tests.cognitive.test_llm_narrative_analyzer" name="test_get_llm_analyzer_singleton" time="0.002" /><testcase classname="tests.cognitive.test_llm_narrative_analyzer.TestStrategyIdeaParsing" name="test_parse_strategy_ideas_single" time="0.002" /><testcase classname="tests.cognitive.test_llm_narrative_analyzer.TestStrategyIdeaParsing" name="test_parse_strategy_ideas_multiple" time="0.001" /><testcase classname="tests.cognitive.test_llm_narrative_analyzer.TestStrategyIdeaParsing" name="test_parse_strategy_ideas_no_ideas" time="0.001" /><testcase classname="tests.cognitive.test_llm_narrative_analyzer.TestStrategyIdeaParsing" name="test_parse_strategy_ideas_incomplete" time="0.001" /><testcase classname="tests.cognitive.test_llm_narrative_analyzer.TestShouldRequestStrategyIdeas" name="test_should_request_for_daily_scope" time="0.001" /><testcase classname="tests.cognitive.test_llm_narrative_analyzer.TestShouldRequestStrategyIdeas" name="test_should_request_for_weekly_scope" time="0.001" /><testcase classname="tests.cognitive.test_llm_narrative_analyzer.TestShouldRequestStrategyIdeas" name="test_should_request_for_many_failures" time="0.002" /><testcase classname="tests.cognitive.test_llm_narrative_analyzer.TestShouldRequestStrategyIdeas" name="test_should_request_for_trigger_phrases" time="0.001" /><testcase classname="tests.cognitive.test_llm_narrative_analyzer.TestShouldRequestStrategyIdeas" name="test_should_not_request_for_simple_episode" time="0.001" /><testcase classname="tests.cognitive.test_llm_narrative_analyzer.TestStrategyIdeaDataclass" name="test_strategy_idea_to_dict" time="0.001" /><testcase classname="tests.cognitive.test_llm_narrative_analyzer.TestLLMAnalysisResultDataclass" name="test_llm_analysis_result_to_dict" time="0.001" /><testcase classname="tests.cognitive.test_llm_narrative_analyzer" name="test_analyze_reflection_with_strategy_ideas" time="0.004" /><testcase classname="tests.cognitive.test_llm_trade_analyzer.TestTradeNarrative" name="test_import" time="0.006" /><testcase classname="tests.cognitive.test_llm_trade_analyzer.TestTradeNarrative" name="test_create_narrative" time="0.000" /><testcase classname="tests.cognitive.test_llm_trade_analyzer.TestTradeNarrative" name="test_narrative_to_dict" time="0.000" /><testcase classname="tests.cognitive.test_llm_trade_analyzer.TestDailyInsightReport" name="test_import" time="0.000" /><testcase classname="tests.cognitive.test_llm_trade_analyzer.TestDailyInsightReport" name="test_create_report" time="0.000" /><testcase classname="tests.cognitive.test_llm_trade_analyzer.TestDailyInsightReport" name="test_report_to_dict" time="0.000" /><testcase classname="tests.cognitive.test_llm_trade_analyzer.TestLLMTradeAnalyzer" name="test_import" time="0.000" /><testcase classname="tests.cognitive.test_llm_trade_analyzer.TestLLMTradeAnalyzer" name="test_init_defaults" time="0.000" /><testcase classname="tests.cognitive.test_llm_trade_analyzer.TestLLMTradeAnalyzer" name="test_init_custom_params" time="0.000" /><testcase classname="tests.cognitive.test_llm_trade_analyzer.TestDeterministicFallback" name="test_deterministic_narrative_ibs_rsi" time="0.000" /><testcase classname="tests.cognitive.test_llm_trade_analyzer.TestDeterministicFallback" name="test_deterministic_narrative_turtle_soup" time="0.000" /><testcase classname="tests.cognitive.test_llm_trade_analyzer.TestDeterministicFallback" name="test_deterministic_narrative_unknown_strategy" time="0.000" /><testcase classname="tests.cognitive.test_llm_trade_analyzer.TestTop3Analysis" name="test_analyze_empty_picks" time="0.001" /><testcase classname="tests.cognitive.test_llm_trade_analyzer.TestTop3Analysis" name="test_analyze_top3_deterministic" time="0.002" /><testcase classname="tests.cognitive.test_llm_trade_analyzer.TestTOTDAnalysis" name="test_analyze_empty_totd" time="0.000" /><testcase classname="tests.cognitive.test_llm_trade_analyzer.TestTOTDAnalysis" name="test_analyze_totd_deterministic" time="0.001" /><testcase classname="tests.cognitive.test_llm_trade_analyzer.TestMarketSummary" name="test_market_summary_bull" time="0.000" /><testcase classname="tests.cognitive.test_llm_trade_analyzer.TestMarketSummary" name="test_market_summary_bear" time="0.000" /><testcase classname="tests.cognitive.test_llm_trade_analyzer.TestSentimentInterpretation" name="test_interpret_no_articles" time="0.000" /><testcase classname="tests.cognitive.test_llm_trade_analyzer.TestSentimentInterpretation" name="test_interpret_with_articles" time="0.001" /><testcase classname="tests.cognitive.test_llm_trade_analyzer.TestKeyFindings" name="test_findings_empty_signals" time="0.001" /><testcase classname="tests.cognitive.test_llm_trade_analyzer.TestKeyFindings" name="test_findings_with_signals" time="0.002" /><testcase classname="tests.cognitive.test_llm_trade_analyzer.TestDailyInsightReportGeneration" name="test_generate_full_report" time="0.002" /><testcase classname="tests.cognitive.test_llm_trade_analyzer.TestSingletonPattern" name="test_get_trade_analyzer" time="0.000" /><testcase classname="tests.cognitive.test_llm_trade_analyzer.TestSingletonPattern" name="test_reset_trade_analyzer" time="0.000" /><testcase classname="tests.cognitive.test_llm_trade_analyzer.TestEdgeDescriptions" name="test_edge_description_ibs_rsi" time="0.000" /><testcase classname="tests.cognitive.test_llm_trade_analyzer.TestEdgeDescriptions" name="test_edge_description_turtle_soup" time="0.000" /><testcase classname="tests.cognitive.test_llm_trade_analyzer.TestEdgeDescriptions" name="test_edge_description_unknown" time="0.000" /><testcase classname="tests.cognitive.test_llm_trade_analyzer.TestConfidenceRating" name="test_high_confidence" time="0.000" /><testcase classname="tests.cognitive.test_llm_trade_analyzer.TestConfidenceRating" name="test_medium_confidence" time="0.000" /><testcase classname="tests.cognitive.test_llm_trade_analyzer.TestConfidenceRating" name="test_low_confidence" time="0.000" /><testcase classname="tests.cognitive.test_llm_trade_analyzer.TestRiskWarnings" name="test_high_vix_warning" time="0.000" /><testcase classname="tests.cognitive.test_llm_trade_analyzer.TestRiskWarnings" name="test_friday_warning" time="0.000" /><testcase classname="tests.cognitive.test_llm_trade_analyzer.TestOpportunities" name="test_opportunities_with_picks" time="0.001" /><testcase classname="tests.cognitive.test_llm_trade_analyzer.TestOpportunities" name="test_opportunities_bull_regime" time="0.001" /><testcase classname="tests.cognitive.test_metacognitive_governor.TestMetacognitiveGovernorInitialization" name="test_default_initialization" time="0.000" /><testcase classname="tests.cognitive.test_metacognitive_governor.TestMetacognitiveGovernorInitialization" name="test_custom_initialization" time="0.000" /><testcase classname="tests.cognitive.test_metacognitive_governor.TestRoutingDecisions" name="test_high_confidence_routes_to_fast_path" time="0.001" /><testcase classname="tests.cognitive.test_metacognitive_governor.TestRoutingDecisions" name="test_low_confidence_triggers_stand_down" time="0.000" /><testcase classname="tests.cognitive.test_metacognitive_governor.TestRoutingDecisions" name="test_medium_confidence_triggers_hybrid_path" time="0.000" /><testcase classname="tests.cognitive.test_metacognitive_governor.TestRoutingDecisions" name="test_conflicting_signals_escalates_to_slow" time="0.000" /><testcase classname="tests.cognitive.test_metacognitive_governor.TestRoutingDecisions" name="test_high_stakes_position_escalates" time="0.000" /><testcase classname="tests.cognitive.test_metacognitive_governor.TestStandDownDecisions" name="test_stand_down_increments_counter" time="0.000" /><testcase classname="tests.cognitive.test_metacognitive_governor.TestStandDownDecisions" name="test_stand_down_has_correct_reason" time="0.000" /><testcase classname="tests.cognitive.test_metacognitive_governor.TestRoutingStatistics" name="test_routing_stats_empty" time="0.000" /><testcase classname="tests.cognitive.test_metacognitive_governor.TestRoutingStatistics" name="test_routing_stats_after_decisions" time="0.001" /><testcase classname="tests.cognitive.test_metacognitive_governor.TestRoutingStatistics" name="test_record_outcome" time="0.000" /><testcase classname="tests.cognitive.test_metacognitive_governor.TestNovelSituationDetection" name="test_novel_situation_with_no_history" time="0.000" /><testcase classname="tests.cognitive.test_metacognitive_governor.TestIntrospection" name="test_introspect_returns_report" time="0.001" /><testcase classname="tests.cognitive.test_metacognitive_governor.TestIntrospection" name="test_introspect_identifies_concerns" time="0.001" /><testcase classname="tests.cognitive.test_metacognitive_governor.TestRoutingDecisionDataclass" name="test_routing_decision_to_dict" time="0.000" /><testcase classname="tests.cognitive.test_metacognitive_governor.TestDecisionRecord" name="test_was_efficient_property" time="0.000" /><testcase classname="tests.cognitive.test_metacognitive_governor.TestProcessingModeEnum" name="test_processing_modes" time="0.001" /><testcase classname="tests.cognitive.test_reflection_engine.TestReflectionEngineInitialization" name="test_default_initialization" time="0.000" /><testcase classname="tests.cognitive.test_reflection_engine.TestReflectionEngineInitialization" name="test_lazy_loading_dependencies" time="0.000" /><testcase classname="tests.cognitive.test_reflection_engine.TestReflectionDataclass" name="test_reflection_creation" time="0.000" /><testcase classname="tests.cognitive.test_reflection_engine.TestReflectionDataclass" name="test_reflection_to_dict" time="0.000" /><testcase classname="tests.cognitive.test_reflection_engine.TestReflectionDataclass" name="test_reflection_default_values" time="0.001" /><testcase classname="tests.cognitive.test_reflection_engine.TestReflectOnEpisode" name="test_reflect_on_winning_episode" time="0.745" /><testcase classname="tests.cognitive.test_reflection_engine.TestReflectOnEpisode" name="test_reflect_on_losing_episode" time="0.113" /><testcase classname="tests.cognitive.test_reflection_engine.TestReflectOnEpisode" name="test_reflect_on_stand_down_episode" time="0.165" /><testcase classname="tests.cognitive.test_reflection_engine.TestPeriodicReflection" name="test_periodic_reflection_no_episodes" time="0.085" /><testcase classname="tests.cognitive.test_reflection_engine.TestPeriodicReflection" name="test_periodic_reflection_generates_summary" time="0.082" /><testcase classname="tests.cognitive.test_reflection_engine.TestConsolidateLearnings" name="test_consolidate_learnings" time="0.003" /><testcase classname="tests.cognitive.test_reflection_engine.TestIntrospection" name="test_introspect_returns_report" time="0.000" /><testcase classname="tests.cognitive.test_reflection_engine.TestIntrospection" name="test_introspect_after_reflections" time="0.000" /><testcase classname="tests.cognitive.test_reflection_engine.TestHelperMethods" name="test_describe_context" time="0.000" /><testcase classname="tests.cognitive.test_reflection_engine.TestHelperMethods" name="test_describe_context_empty" time="0.000" /><testcase classname="tests.cognitive.test_reflection_engine.TestReflectionHistory" name="test_reflection_history_limit" time="1.492" /><testcase classname="tests.cognitive.test_reflection_engine.TestApplyLearnings" name="test_apply_learnings_updates_memories" time="0.030" /><testcase classname="tests.cognitive.test_self_consistency.TestSelfConsistencyResult" name="test_result_creation" time="0.003" /><testcase classname="tests.cognitive.test_self_consistency.TestSelfConsistencyResult" name="test_result_serialization" time="0.000" /><testcase classname="tests.cognitive.test_self_consistency.TestSelfConsistencyResult" name="test_result_properties" time="0.000" /><testcase classname="tests.cognitive.test_self_consistency.TestSelfConsistencyDecoder" name="test_initialization_without_llm" time="0.000" /><testcase classname="tests.cognitive.test_self_consistency.TestSelfConsistencyDecoder" name="test_initialization_with_mock_llm" time="0.001" /><testcase classname="tests.cognitive.test_self_consistency.TestSelfConsistencyDecoder" name="test_decode_without_llm_returns_fallback" time="0.001" /><testcase classname="tests.cognitive.test_self_consistency.TestEnhancedSelfConsistency" name="test_initialization" time="0.000" /><testcase classname="tests.cognitive.test_self_consistency.TestEnhancedSelfConsistency" name="test_decode_with_context_weights" time="0.001" /><testcase classname="tests.cognitive.test_self_consistency.TestSingletonPattern" name="test_get_self_consistency_returns_instance" time="0.000" /><testcase classname="tests.cognitive.test_self_consistency.TestReasoningChain" name="test_reasoning_chain_creation" time="0.000" /><testcase classname="tests.cognitive.test_self_consistency.TestAnswerType" name="test_answer_types_exist" time="0.000" /><testcase classname="tests.cognitive.test_self_consistency.TestSelfConsistencyIntegration" name="test_full_decode_with_mock_llm" time="0.002" /><testcase classname="tests.cognitive.test_self_consistency.TestSelfConsistencyIntegration" name="test_diverse_sampling_with_temperature" time="0.000" /><testcase classname="tests.cognitive.test_self_consistency.TestEdgeCases" name="test_high_confidence_result" time="0.000" /><testcase classname="tests.cognitive.test_self_consistency.TestEdgeCases" name="test_disputed_result" time="0.000" /><testcase classname="tests.cognitive.test_self_model.TestSelfModelInitialization" name="test_default_initialization" time="0.001" /><testcase classname="tests.cognitive.test_self_model.TestSelfModelInitialization" name="test_initialization_creates_state_dir" time="0.002" /><testcase classname="tests.cognitive.test_self_model.TestCapabilityEnum" name="test_capability_values" time="0.000" /><testcase classname="tests.cognitive.test_self_model.TestStrategyPerformance" name="test_win_rate_calculation" time="0.000" /><testcase classname="tests.cognitive.test_self_model.TestStrategyPerformance" name="test_win_rate_zero_trades" time="0.000" /><testcase classname="tests.cognitive.test_self_model.TestStrategyPerformance" name="test_capability_classification" time="0.000" /><testcase classname="tests.cognitive.test_self_model.TestStrategyPerformance" name="test_to_dict" time="0.000" /><testcase classname="tests.cognitive.test_self_model.TestLimitation" name="test_limitation_creation" time="0.000" /><testcase classname="tests.cognitive.test_self_model.TestLimitation" name="test_limitation_to_dict" time="0.000" /><testcase classname="tests.cognitive.test_self_model.TestConfidenceCalibration" name="test_actual_accuracy" time="0.000" /><testcase classname="tests.cognitive.test_self_model.TestConfidenceCalibration" name="test_calibration_error" time="0.000" /><testcase classname="tests.cognitive.test_self_model.TestRecordTradeOutcome" name="test_record_winning_trade" time="0.001" /><testcase classname="tests.cognitive.test_self_model.TestRecordTradeOutcome" name="test_record_losing_trade" time="0.001" /><testcase classname="tests.cognitive.test_self_model.TestRecordTradeOutcome" name="test_record_multiple_trades" time="0.001" /><testcase classname="tests.cognitive.test_self_model.TestRecordLimitation" name="test_record_new_limitation" time="0.001" /><testcase classname="tests.cognitive.test_self_model.TestRecordLimitation" name="test_record_duplicate_limitation" time="0.001" /><testcase classname="tests.cognitive.test_self_model.TestCalibrationTracking" name="test_record_prediction" time="0.001" /><testcase classname="tests.cognitive.test_self_model.TestCalibrationTracking" name="test_is_well_calibrated" time="0.001" /><testcase classname="tests.cognitive.test_self_model.TestCalibrationTracking" name="test_get_calibration_error" time="0.001" /><testcase classname="tests.cognitive.test_self_model.TestShouldStandDown" name="test_stand_down_poor_capability" time="0.001" /><testcase classname="tests.cognitive.test_self_model.TestShouldStandDown" name="test_no_stand_down_good_capability" time="0.001" /><testcase classname="tests.cognitive.test_self_model.TestStrengthsAndWeaknesses" name="test_get_strengths" time="0.001" /><testcase classname="tests.cognitive.test_self_model.TestStrengthsAndWeaknesses" name="test_get_weaknesses" time="0.001" /><testcase classname="tests.cognitive.test_self_model.TestSelfDescription" name="test_get_self_description" time="0.001" /><testcase classname="tests.cognitive.test_self_model.TestSelfDescription" name="test_self_description_with_data" time="0.001" /><testcase classname="tests.cognitive.test_self_model.TestPersistence" name="test_save_and_load_state" time="0.014" /><testcase classname="tests.cognitive.test_self_model.TestGetStatus" name="test_get_status" time="0.001" /><testcase classname="tests.cognitive.test_semantic_memory.TestSemanticRuleDataclass" name="test_rule_creation" time="0.001" /><testcase classname="tests.cognitive.test_semantic_memory.TestSemanticRuleDataclass" name="test_rule_with_custom_confidence" time="0.000" /><testcase classname="tests.cognitive.test_semantic_memory.TestSemanticRuleDataclass" name="test_rule_to_dict" time="0.000" /><testcase classname="tests.cognitive.test_semantic_memory.TestSemanticRuleDataclass" name="test_rule_from_dict" time="0.000" /><testcase classname="tests.cognitive.test_semantic_memory.TestSemanticRuleDataclass" name="test_rule_success_rate_property" time="0.000" /><testcase classname="tests.cognitive.test_semantic_memory.TestSemanticRuleDataclass" name="test_rule_evidence_ratio_property" time="0.000" /><testcase classname="tests.cognitive.test_semantic_memory.TestConditionMatcher" name="test_simple_equality" time="0.000" /><testcase classname="tests.cognitive.test_semantic_memory.TestConditionMatcher" name="test_numeric_comparison" time="0.000" /><testcase classname="tests.cognitive.test_semantic_memory.TestConditionMatcher" name="test_and_condition" time="0.000" /><testcase classname="tests.cognitive.test_semantic_memory.TestConditionMatcher" name="test_or_condition" time="0.000" /><testcase classname="tests.cognitive.test_semantic_memory.TestConditionMatcher" name="test_missing_field" time="0.000" /><testcase classname="tests.cognitive.test_semantic_memory.TestSemanticMemoryInitialization" name="test_default_initialization" time="0.001" /><testcase classname="tests.cognitive.test_semantic_memory.TestSemanticMemoryInitialization" name="test_initialization_creates_directory" time="0.001" /><testcase classname="tests.cognitive.test_semantic_memory.TestAddingRules" name="test_add_rule" time="0.001" /><testcase classname="tests.cognitive.test_semantic_memory.TestAddingRules" name="test_add_rule_with_parameters" time="0.001" /><testcase classname="tests.cognitive.test_semantic_memory.TestAddingRules" name="test_add_duplicate_rule_strengthens" time="0.001" /><testcase classname="tests.cognitive.test_semantic_memory.TestGetApplicableRules" name="test_get_applicable_rules_empty" time="0.001" /><testcase classname="tests.cognitive.test_semantic_memory.TestGetApplicableRules" name="test_get_applicable_rules_matching" time="0.001" /><testcase classname="tests.cognitive.test_semantic_memory.TestGetApplicableRules" name="test_get_applicable_rules_respects_min_confidence" time="0.001" /><testcase classname="tests.cognitive.test_semantic_memory.TestRecordRuleOutcome" name="test_record_successful_outcome" time="0.001" /><testcase classname="tests.cognitive.test_semantic_memory.TestRecordRuleOutcome" name="test_record_failed_outcome" time="0.001" /><testcase classname="tests.cognitive.test_semantic_memory.TestRecordRuleOutcome" name="test_rule_deactivated_after_many_failures" time="0.001" /><testcase classname="tests.cognitive.test_semantic_memory.TestRuleStatistics" name="test_get_stats_empty" time="0.001" /><testcase classname="tests.cognitive.test_semantic_memory.TestRuleStatistics" name="test_get_stats_with_rules" time="0.001" /><testcase classname="tests.cognitive.test_semantic_memory.TestGetAllRules" name="test_get_all_rules" time="0.001" /><testcase classname="tests.cognitive.test_semantic_memory.TestGetAllRules" name="test_get_all_rules_active_only" time="0.001" /><testcase classname="tests.cognitive.test_semantic_memory.TestPruneLowConfidence" name="test_prune_low_confidence" time="0.001" /><testcase classname="tests.cognitive.test_semantic_memory.TestPersistence" name="test_save_and_load_state" time="0.010" /><testcase classname="tests.cognitive.test_semantic_memory.TestSingletonFactory" name="test_get_semantic_memory" time="0.000" /><testcase classname="tests.cognitive.test_signal_adjudicator.TestAdjudicatorConfig" name="test_default_weights_sum_to_100" time="0.000" /><testcase classname="tests.cognitive.test_signal_adjudicator.TestAdjudicatorConfig" name="test_validate_returns_true_for_valid_config" time="0.001" /><testcase classname="tests.cognitive.test_signal_adjudicator.TestAdjudicatorConfig" name="test_validate_returns_false_for_invalid_config" time="0.000" /><testcase classname="tests.cognitive.test_signal_adjudicator.TestSignalStrength" name="test_extreme_ibs_gets_max_score" time="0.002" /><testcase classname="tests.cognitive.test_signal_adjudicator.TestSignalStrength" name="test_near_extreme_rsi_gets_partial_score" time="0.001" /><testcase classname="tests.cognitive.test_signal_adjudicator.TestSignalStrength" name="test_normal_rsi_gets_no_bonus" time="0.001" /><testcase classname="tests.cognitive.test_signal_adjudicator.TestPatternConfluence" name="test_detects_ibs_oversold_pattern" time="0.001" /><testcase classname="tests.cognitive.test_signal_adjudicator.TestPatternConfluence" name="test_multiple_patterns_increase_score" time="0.003" /><testcase classname="tests.cognitive.test_signal_adjudicator.TestVolatilityContraction" name="test_low_percentile_gets_high_score" time="0.001" /><testcase classname="tests.cognitive.test_signal_adjudicator.TestVolatilityContraction" name="test_insufficient_data_returns_neutral" time="0.001" /><testcase classname="tests.cognitive.test_signal_adjudicator.TestSectorStrength" name="test_outperforming_sector_gets_bonus" time="0.009" /><testcase classname="tests.cognitive.test_signal_adjudicator.TestSectorStrength" name="test_underperforming_sector_gets_no_bonus" time="0.001" /><testcase classname="tests.cognitive.test_signal_adjudicator.TestAdjudicatorIntegration" name="test_adjudicate_returns_sorted_dataframe" time="0.009" /><testcase classname="tests.cognitive.test_signal_adjudicator.TestAdjudicatorIntegration" name="test_get_top_n_returns_correct_count" time="0.005" /><testcase classname="tests.cognitive.test_signal_adjudicator.TestAdjudicatorIntegration" name="test_empty_signals_returns_empty" time="0.001" /><testcase classname="tests.cognitive.test_signal_adjudicator.TestConvenienceFunctions" name="test_get_adjudicator_returns_singleton" time="0.000" /><testcase classname="tests.cognitive.test_signal_adjudicator.TestConvenienceFunctions" name="test_get_adjudicator_with_config_creates_new" time="0.000" /><testcase classname="tests.cognitive.test_signal_adjudicator.TestConvenienceFunctions" name="test_adjudicate_signals_convenience" time="0.005" /><testcase classname="tests.cognitive.test_signal_adjudicator.TestRSITiering" name="test_rsi_under_5_is_extreme" time="0.001" /><testcase classname="tests.cognitive.test_signal_adjudicator.TestRSITiering" name="test_rsi_5_to_10_is_near_extreme" time="0.001" /><testcase classname="tests.cognitive.test_signal_adjudicator.TestRSITiering" name="test_rsi_over_10_is_normal" time="0.001" /><testcase classname="tests.cognitive.test_signal_processor.TestCognitiveSignalProcessorInitialization" name="test_default_initialization" time="0.000" /><testcase classname="tests.cognitive.test_signal_processor.TestCognitiveSignalProcessorInitialization" name="test_processor_has_active_episodes_tracking" time="0.000" /><testcase classname="tests.cognitive.test_signal_processor.TestBuildMarketContext" name="test_build_context_with_spy_data" time="0.440" /><testcase classname="tests.cognitive.test_signal_processor.TestBuildMarketContext" name="test_build_context_empty_data" time="0.374" /><testcase classname="tests.cognitive.test_signal_processor.TestEvaluateSignals" name="test_evaluate_empty_signals" time="0.001" /><testcase classname="tests.cognitive.test_signal_processor.TestEvaluateSignals" name="test_evaluate_single_signal" time="0.767" /><testcase classname="tests.cognitive.test_signal_processor.TestEvaluateSignals" name="test_evaluate_multiple_signals" time="1.142" /><testcase classname="tests.cognitive.test_signal_processor.TestRecordOutcome" name="test_record_outcome_updates_brain" time="0.775" /><testcase classname="tests.cognitive.test_signal_processor.TestDailyMaintenance" name="test_daily_maintenance" time="0.173" /><testcase classname="tests.cognitive.test_signal_processor.TestIntrospection" name="test_introspect" time="0.001" /><testcase classname="tests.cognitive.test_signal_processor.TestGetCognitiveStatus" name="test_get_cognitive_status" time="0.001" /><testcase classname="tests.cognitive.test_signal_processor.TestRecordOutcomeBySymbol" name="test_record_outcome_by_symbol_no_match" time="0.000" /><testcase classname="tests.cognitive.test_signal_processor.TestIntegrationWithBrain" name="test_processor_uses_brain" time="0.000" /><testcase classname="tests.cognitive.test_signal_processor.TestIntegrationWithBrain" name="test_brain_status_accessible" time="0.001" /><testcase classname="tests.cognitive.test_signal_processor.TestSingletonFactory" name="test_get_signal_processor" time="0.000" /><testcase classname="tests.cognitive.test_signal_processor.TestErrorHandling" name="test_handles_malformed_signal" time="0.750" /><testcase classname="tests.cognitive.test_signal_processor.TestErrorHandling" name="test_handles_none_market_data" time="0.729" /><testcase classname="tests.cognitive.test_symbol_rag_production.TestBasicRAGOperations" name="test_rag_initialization" time="0.001" /><testcase classname="tests.cognitive.test_symbol_rag_production.TestBasicRAGOperations" name="test_trade_knowledge_to_document" time="0.000" /><testcase classname="tests.cognitive.test_symbol_rag_production.TestBasicRAGOperations" name="test_index_trade_history" time="0.001"><skipped type="pytest.skip" message="RAG dependencies not available">C:\Users\Owner\OneDrive\Desktop\kobe81_traderbot\tests\cognitive\test_symbol_rag_production.py:175: RAG dependencies not available</skipped></testcase><testcase classname="tests.cognitive.test_symbol_rag_production.TestBasicRAGOperations" name="test_query_similar_trades" time="0.001"><skipped type="pytest.skip" message="RAG dependencies not available">C:\Users\Owner\OneDrive\Desktop\kobe81_traderbot\tests\cognitive\test_symbol_rag_production.py:191: RAG dependencies not available</skipped></testcase><testcase classname="tests.cognitive.test_symbol_rag_production.TestBasicRAGOperations" name="test_symbol_filter" time="0.001"><skipped type="pytest.skip" message="RAG dependencies not available">C:\Users\Owner\OneDrive\Desktop\kobe81_traderbot\tests\cognitive\test_symbol_rag_production.py:211: RAG dependencies not available</skipped></testcase><testcase classname="tests.cognitive.test_symbol_rag_production.TestRAGEvaluation" name="test_faithfulness_computation" time="0.000" /><testcase classname="tests.cognitive.test_symbol_rag_production.TestRAGEvaluation" name="test_answer_relevance_computation" time="0.000" /><testcase classname="tests.cognitive.test_symbol_rag_production.TestRAGEvaluation" name="test_context_precision_computation" time="0.000" /><testcase classname="tests.cognitive.test_symbol_rag_production.TestRAGEvaluation" name="test_overall_quality_score" time="0.000" /><testcase classname="tests.cognitive.test_symbol_rag_production.TestRAGEvaluation" name="test_quality_gates" time="0.000" /><testcase classname="tests.cognitive.test_symbol_rag_production.TestQualityGatesAndStandDown" name="test_stand_down_on_low_faithfulness" time="0.001"><skipped type="pytest.skip" message="RAG dependencies not available">C:\Users\Owner\OneDrive\Desktop\kobe81_traderbot\tests\cognitive\test_symbol_rag_production.py:340: RAG dependencies not available</skipped></testcase><testcase classname="tests.cognitive.test_symbol_rag_production.TestQualityGatesAndStandDown" name="test_stand_down_on_insufficient_data" time="0.001"><skipped type="pytest.skip" message="RAG dependencies not available">C:\Users\Owner\OneDrive\Desktop\kobe81_traderbot\tests\cognitive\test_symbol_rag_production.py:370: RAG dependencies not available</skipped></testcase><testcase classname="tests.cognitive.test_symbol_rag_production.TestQualityGatesAndStandDown" name="test_proceed_on_high_quality" time="0.001"><skipped type="pytest.skip" message="RAG dependencies not available">C:\Users\Owner\OneDrive\Desktop\kobe81_traderbot\tests\cognitive\test_symbol_rag_production.py:382: RAG dependencies not available</skipped></testcase><testcase classname="tests.cognitive.test_symbol_rag_production.TestEdgeCases" name="test_empty_index_query" time="0.001"><skipped type="pytest.skip" message="RAG dependencies not available">C:\Users\Owner\OneDrive\Desktop\kobe81_traderbot\tests\cognitive\test_symbol_rag_production.py:406: RAG dependencies not available</skipped></testcase><testcase classname="tests.cognitive.test_symbol_rag_production.TestEdgeCases" name="test_index_empty_trade_list" time="0.001"><skipped type="pytest.skip" message="RAG dependencies not available">C:\Users\Owner\OneDrive\Desktop\kobe81_traderbot\tests\cognitive\test_symbol_rag_production.py:417: RAG dependencies not available</skipped></testcase><testcase classname="tests.cognitive.test_symbol_rag_production.TestEdgeCases" name="test_fallback_mode_when_dependencies_missing" time="0.001" /><testcase classname="tests.cognitive.test_symbol_rag_production.TestEdgeCases" name="test_query_with_special_characters" time="0.001"><skipped type="pytest.skip" message="RAG dependencies not available">C:\Users\Owner\OneDrive\Desktop\kobe81_traderbot\tests\cognitive\test_symbol_rag_production.py:436: RAG dependencies not available</skipped></testcase><testcase classname="tests.cognitive.test_symbol_rag_production.TestEdgeCases" name="test_duplicate_trade_indexing" time="0.001"><skipped type="pytest.skip" message="RAG dependencies not available">C:\Users\Owner\OneDrive\Desktop\kobe81_traderbot\tests\cognitive\test_symbol_rag_production.py:450: RAG dependencies not available</skipped></testcase><testcase classname="tests.cognitive.test_symbol_rag_production.TestIntegration" name="test_full_rag_workflow" time="0.001"><skipped type="pytest.skip" message="RAG dependencies not available">C:\Users\Owner\OneDrive\Desktop\kobe81_traderbot\tests\cognitive\test_symbol_rag_production.py:471: RAG dependencies not available</skipped></testcase><testcase classname="tests.cognitive.test_symbol_rag_production.TestIntegration" name="test_rag_response_serialization" time="0.003"><skipped type="pytest.skip" message="RAG dependencies not available">C:\Users\Owner\OneDrive\Desktop\kobe81_traderbot\tests\cognitive\test_symbol_rag_production.py:498: RAG dependencies not available</skipped></testcase><testcase classname="tests.cognitive.test_symbol_rag_production.TestIntegration" name="test_win_rate_computation" time="0.001"><skipped type="pytest.skip" message="RAG dependencies not available">C:\Users\Owner\OneDrive\Desktop\kobe81_traderbot\tests\cognitive\test_symbol_rag_production.py:519: RAG dependencies not available</skipped></testcase><testcase classname="tests.cognitive.test_symbol_rag_production.TestPerformance" name="test_large_index_performance" time="0.001"><skipped type="pytest.skip" message="RAG dependencies not available">C:\Users\Owner\OneDrive\Desktop\kobe81_traderbot\tests\cognitive\test_symbol_rag_production.py:543: RAG dependencies not available</skipped></testcase><testcase classname="tests.cognitive.test_symbol_rag_production.TestPerformance" name="test_query_latency" time="0.001"><skipped type="pytest.skip" message="RAG dependencies not available">C:\Users\Owner\OneDrive\Desktop\kobe81_traderbot\tests\cognitive\test_symbol_rag_production.py:576: RAG dependencies not available</skipped></testcase><testcase classname="tests.cognitive.test_symbol_rag_production.TestPerformance" name="test_multiple_concurrent_queries" time="0.001"><skipped type="pytest.skip" message="RAG dependencies not available">C:\Users\Owner\OneDrive\Desktop\kobe81_traderbot\tests\cognitive\test_symbol_rag_production.py:592: RAG dependencies not available</skipped></testcase><testcase classname="tests.cognitive.test_tree_of_thoughts.TestThoughtNode" name="test_thought_node_creation" time="0.003" /><testcase classname="tests.cognitive.test_tree_of_thoughts.TestThoughtNode" name="test_thought_node_with_parent" time="0.001" /><testcase classname="tests.cognitive.test_tree_of_thoughts.TestThoughtNode" name="test_thought_node_serialization" time="0.001" /><testcase classname="tests.cognitive.test_tree_of_thoughts.TestToTResult" name="test_tot_result_creation" time="0.001" /><testcase classname="tests.cognitive.test_tree_of_thoughts.TestToTResult" name="test_tot_result_serialization" time="0.001" /><testcase classname="tests.cognitive.test_tree_of_thoughts.TestToTResult" name="test_tot_result_to_dict" time="0.001" /><testcase classname="tests.cognitive.test_tree_of_thoughts.TestTreeOfThoughts" name="test_initialization_without_llm" time="0.001" /><testcase classname="tests.cognitive.test_tree_of_thoughts.TestTreeOfThoughts" name="test_initialization_with_mock_llm" time="0.001" /><testcase classname="tests.cognitive.test_tree_of_thoughts.TestTreeOfThoughts" name="test_solve_without_llm_returns_fallback" time="0.003" /><testcase classname="tests.cognitive.test_tree_of_thoughts.TestTreeOfThoughts" name="test_beam_search_explores_branches" time="0.001" /><testcase classname="tests.cognitive.test_tree_of_thoughts.TestTreeOfThoughts" name="test_is_terminal_detection_basic" time="0.000" /><testcase classname="tests.cognitive.test_tree_of_thoughts.TestGetPath" name="test_get_path_single_node" time="0.000" /><testcase classname="tests.cognitive.test_tree_of_thoughts.TestGetPath" name="test_get_path_multiple_nodes" time="0.000" /><testcase classname="tests.cognitive.test_tree_of_thoughts.TestGetPath" name="test_get_reasoning_chain" time="0.000" /><testcase classname="tests.cognitive.test_tree_of_thoughts.TestSingletonPattern" name="test_get_tot_reasoner_returns_instance" time="0.000" /><testcase classname="tests.cognitive.test_tree_of_thoughts.TestSingletonPattern" name="test_reset_tot_reasoner" time="0.001" /><testcase classname="tests.cognitive.test_tree_of_thoughts.TestToTIntegration" name="test_full_solve_with_mock_llm" time="0.002" /><testcase classname="tests.config.test_settings_schema.TestLoadValidatedSettings" name="test_loads_default_settings" time="0.001" /><testcase classname="tests.config.test_settings_schema.TestLoadValidatedSettings" name="test_loads_custom_settings" time="0.001" /><testcase classname="tests.config.test_settings_schema.TestValidateSettingsForMode" name="test_paper_mode_is_lenient" time="0.002" /><testcase classname="tests.config.test_settings_schema.TestValidateSettingsForMode" name="test_live_mode_requires_broker_keys" time="0.002" /><testcase classname="tests.config.test_settings_schema.TestValidateSettingsForMode" name="test_live_mode_valid_with_keys" time="0.002" /><testcase classname="tests.config.test_settings_schema.TestGetValidatedModeConfig" name="test_gets_paper_mode_config" time="0.001" /><testcase classname="tests.config.test_settings_schema.TestGetValidatedModeConfig" name="test_gets_live_mode_config_as_real" time="0.001" /><testcase classname="tests.config.test_settings_schema.TestRequireValidSettings" name="test_raises_in_live_mode_with_invalid_settings" time="0.002" /><testcase classname="tests.config.test_settings_schema.TestRequireValidSettings" name="test_warns_but_continues_in_paper_mode" time="0.002" /><testcase classname="tests.config.test_settings_schema.TestSchemaDefaults" name="test_system_config_defaults" time="0.001" /><testcase classname="tests.config.test_settings_schema.TestSchemaDefaults" name="test_risk_config_defaults" time="0.001" /><testcase classname="tests.core.test_earnings_canary.TestSourceTagging" name="test_polygon_source_tagging" time="0.004" /><testcase classname="tests.core.test_earnings_canary.TestSourceTagging" name="test_no_polygon_key_returns_empty" time="0.002" /><testcase classname="tests.core.test_earnings_canary.TestSourceTagging" name="test_none_source_when_no_data" time="0.002" /><testcase classname="tests.core.test_earnings_canary.TestEarningsCanary" name="test_canary_passes_with_recent_earnings" time="0.001" /><testcase classname="tests.core.test_earnings_canary.TestEarningsCanary" name="test_canary_fails_with_no_recent_earnings" time="0.002" /><testcase classname="tests.core.test_earnings_canary.TestEarningsCanary" name="test_canary_handles_fetch_errors" time="0.001" /><testcase classname="tests.core.test_earnings_canary.TestEarningsCanary" name="test_canary_uses_known_symbols_by_default" time="0.001" /><testcase classname="tests.core.test_earnings_canary.TestEarningsSourceHealth" name="test_healthy_when_majority_pass" time="0.001" /><testcase classname="tests.core.test_earnings_canary.TestEarningsSourceHealth" name="test_unhealthy_when_majority_fail" time="0.002" /><testcase classname="tests.core.test_earnings_canary.TestEarningsSourceHealth" name="test_source_stats_aggregation" time="0.001" /><testcase classname="tests.core.test_restart_backoff.TestRestartBackoffConfig" name="test_default_values" time="0.000" /><testcase classname="tests.core.test_restart_backoff.TestRestartBackoffConfig" name="test_custom_values" time="0.000" /><testcase classname="tests.core.test_restart_backoff.TestRestartState" name="test_to_dict" time="0.000" /><testcase classname="tests.core.test_restart_backoff.TestRestartState" name="test_from_dict" time="0.000" /><testcase classname="tests.core.test_restart_backoff.TestRestartBackoff" name="test_get_delay_exponential" time="0.001" /><testcase classname="tests.core.test_restart_backoff.TestRestartBackoff" name="test_get_delay_capped" time="0.001" /><testcase classname="tests.core.test_restart_backoff.TestRestartBackoff" name="test_should_restart_first_attempt" time="0.001" /><testcase classname="tests.core.test_restart_backoff.TestRestartBackoff" name="test_should_restart_blocked_after_max" time="0.003" /><testcase classname="tests.core.test_restart_backoff.TestRestartBackoff" name="test_record_restart_increments_counter" time="0.003" /><testcase classname="tests.core.test_restart_backoff.TestRestartBackoff" name="test_record_restart_persists_state" time="0.014" /><testcase classname="tests.core.test_restart_backoff.TestRestartBackoff" name="test_state_loads_on_init" time="0.012" /><testcase classname="tests.core.test_restart_backoff.TestCooldownReset" name="test_reset_after_cooldown" time="0.003" /><testcase classname="tests.core.test_restart_backoff.TestJitter" name="test_jitter_adds_randomness" time="0.001" /><testcase classname="tests.core.test_restart_backoff.TestDisabled" name="test_always_allowed_when_disabled" time="0.006" /><testcase classname="tests.core.test_restart_backoff.TestGetStatus" name="test_status_contains_required_fields" time="0.002" /><testcase classname="tests.core.test_restart_backoff.TestSingleton" name="test_get_restart_backoff_returns_singleton" time="0.001" /><testcase classname="tests.core.test_restart_backoff.TestSingleton" name="test_reset_clears_singleton" time="0.001" /><testcase classname="tests.core.test_restart_backoff.TestConvenienceFunctions" name="test_should_restart_function" time="0.001" /><testcase classname="tests.core.test_restart_backoff.TestConvenienceFunctions" name="test_record_restart_attempt_function" time="0.002" /><testcase classname="tests.core.test_secrets.TestMaskSecrets" name="test_masks_alpaca_api_key" time="0.000" /><testcase classname="tests.core.test_secrets.TestMaskSecrets" name="test_masks_alpaca_secret_key" time="0.000" /><testcase classname="tests.core.test_secrets.TestMaskSecrets" name="test_masks_polygon_api_key" time="0.000" /><testcase classname="tests.core.test_secrets.TestMaskSecrets" name="test_masks_api_key_in_url" time="0.000" /><testcase classname="tests.core.test_secrets.TestMaskSecrets" name="test_masks_bearer_token" time="0.000" /><testcase classname="tests.core.test_secrets.TestMaskSecrets" name="test_masks_telegram_token" time="0.000" /><testcase classname="tests.core.test_secrets.TestMaskSecrets" name="test_preserves_non_secret_text" time="0.000" /><testcase classname="tests.core.test_secrets.TestMaskSecrets" name="test_handles_empty_string" time="0.000" /><testcase classname="tests.core.test_secrets.TestSanitizeDict" name="test_masks_sensitive_keys" time="0.000" /><testcase classname="tests.core.test_secrets.TestSanitizeDict" name="test_handles_nested_dicts" time="0.000" /><testcase classname="tests.core.test_secrets.TestSanitizeDict" name="test_handles_empty_dict" time="0.000" /><testcase classname="tests.core.test_secrets.TestSanitizeException" name="test_masks_secrets_in_exception" time="0.000" /><testcase classname="tests.core.test_secrets.TestSanitizeException" name="test_preserves_normal_exception" time="0.000" /><testcase classname="tests.core.test_secrets.TestSecretsMaskingFilter" name="test_filter_masks_log_messages" time="0.000" /><testcase classname="tests.core.test_secrets.TestSecretsMaskingFilter" name="test_filter_always_returns_true" time="0.000" /><testcase classname="tests.core.test_secrets.TestGetSafeEnvSummary" name="test_masks_secret_env_vars" time="0.001" /><testcase classname="tests.core.test_vix_monitor.TestVIXConfig" name="test_default_values" time="0.000" /><testcase classname="tests.core.test_vix_monitor.TestVIXConfig" name="test_custom_values" time="0.000" /><testcase classname="tests.core.test_vix_monitor.TestVIXReading" name="test_age_seconds" time="0.000" /><testcase classname="tests.core.test_vix_monitor.TestVIXReading" name="test_is_elevated" time="0.000" /><testcase classname="tests.core.test_vix_monitor.TestVIXReading" name="test_is_extreme" time="0.000" /><testcase classname="tests.core.test_vix_monitor.TestVIXMonitor" name="test_fetch_vix_caches_result" time="0.001" /><testcase classname="tests.core.test_vix_monitor.TestVIXMonitor" name="test_fetch_vix_force_refresh" time="0.001" /><testcase classname="tests.core.test_vix_monitor.TestVIXMonitor" name="test_fetch_vix_fallback_on_error" time="0.001" /><testcase classname="tests.core.test_vix_monitor.TestVIXMonitor" name="test_fetch_vix_stale_cache_on_error" time="0.001" /><testcase classname="tests.core.test_vix_monitor.TestShouldPauseTrading" name="test_pause_when_vix_high" time="0.001" /><testcase classname="tests.core.test_vix_monitor.TestShouldPauseTrading" name="test_pause_when_vix_extreme" time="0.001" /><testcase classname="tests.core.test_vix_monitor.TestShouldPauseTrading" name="test_no_pause_when_vix_normal" time="0.001" /><testcase classname="tests.core.test_vix_monitor.TestShouldPauseTrading" name="test_no_pause_when_disabled" time="0.000" /><testcase classname="tests.core.test_vix_monitor.TestRegimeAdjustment" name="test_full_size_when_normal" time="0.001" /><testcase classname="tests.core.test_vix_monitor.TestRegimeAdjustment" name="test_half_size_when_elevated" time="0.001" /><testcase classname="tests.core.test_vix_monitor.TestRegimeAdjustment" name="test_quarter_size_when_high" time="0.001" /><testcase classname="tests.core.test_vix_monitor.TestRegimeAdjustment" name="test_zero_size_when_extreme" time="0.001" /><testcase classname="tests.core.test_vix_monitor.TestGetStatus" name="test_status_contains_required_fields" time="0.001" /><testcase classname="tests.core.test_vix_monitor.TestSingleton" name="test_get_vix_monitor_returns_singleton" time="0.000" /><testcase classname="tests.core.test_vix_monitor.TestSingleton" name="test_reset_clears_singleton" time="0.000" /><testcase classname="tests.core.test_vix_monitor.TestConvenienceFunctions" name="test_get_vix_level" time="0.001" /><testcase classname="tests.core.test_vix_monitor.TestConvenienceFunctions" name="test_should_pause_for_vix" time="0.001" /><testcase classname="tests.data.quality.test_corporate_actions_canary.TestOvernightReturns" name="test_calculates_overnight_returns" time="0.002" /><testcase classname="tests.data.quality.test_corporate_actions_canary.TestOvernightReturns" name="test_empty_dataframe" time="0.001" /><testcase classname="tests.data.quality.test_corporate_actions_canary.TestClassifyDiscontinuity" name="test_detects_2_to_1_split" time="0.000" /><testcase classname="tests.data.quality.test_corporate_actions_canary.TestClassifyDiscontinuity" name="test_detects_3_to_1_split" time="0.000" /><testcase classname="tests.data.quality.test_corporate_actions_canary.TestClassifyDiscontinuity" name="test_detects_reverse_split" time="0.000" /><testcase classname="tests.data.quality.test_corporate_actions_canary.TestClassifyDiscontinuity" name="test_detects_dividend" time="0.000" /><testcase classname="tests.data.quality.test_corporate_actions_canary.TestClassifyDiscontinuity" name="test_extreme_change_is_data_error" time="0.000" /><testcase classname="tests.data.quality.test_corporate_actions_canary.TestCheckSymbolForSplits" name="test_passes_with_normal_data" time="0.002" /><testcase classname="tests.data.quality.test_corporate_actions_canary.TestCheckSymbolForSplits" name="test_detects_split" time="0.002" /><testcase classname="tests.data.quality.test_corporate_actions_canary.TestCheckSymbolForSplits" name="test_detects_reverse_split" time="0.002" /><testcase classname="tests.data.quality.test_corporate_actions_canary.TestCheckSymbolForSplits" name="test_handles_empty_dataframe" time="0.001" /><testcase classname="tests.data.quality.test_corporate_actions_canary.TestCheckSymbolForSplits" name="test_handles_short_dataframe" time="0.001" /><testcase classname="tests.data.quality.test_corporate_actions_canary.TestRunPriceDiscontinuityCheck" name="test_checks_multiple_symbols" time="0.004" /><testcase classname="tests.data.quality.test_corporate_actions_canary.TestRunPriceDiscontinuityCheck" name="test_handles_empty_data" time="0.000" /><testcase classname="tests.data.quality.test_corporate_actions_canary.TestGetCanarySummary" name="test_generates_summary" time="0.003" /><testcase classname="tests.data.quality.test_corporate_actions_canary.TestGetCanarySummary" name="test_empty_results" time="0.000" /><testcase classname="tests.evaluation.test_rl_benchmark.TestBasicMetrics" name="test_sharpe_ratio_computation" time="0.005" /><testcase classname="tests.evaluation.test_rl_benchmark.TestBasicMetrics" name="test_sortino_ratio_computation" time="0.004" /><testcase classname="tests.evaluation.test_rl_benchmark.TestBasicMetrics" name="test_calmar_ratio_computation" time="0.004" /><testcase classname="tests.evaluation.test_rl_benchmark.TestBasicMetrics" name="test_win_rate_computation" time="0.005" /><testcase classname="tests.evaluation.test_rl_benchmark.TestBasicMetrics" name="test_profit_factor_computation" time="0.004" /><testcase classname="tests.evaluation.test_rl_benchmark.TestBasicMetrics" name="test_recovery_factor_computation" time="0.005" /><testcase classname="tests.evaluation.test_rl_benchmark.TestBasicMetrics" name="test_total_return_computation" time="0.005" /><testcase classname="tests.evaluation.test_rl_benchmark.TestStatisticalValidation" name="test_t_statistic_computation" time="0.004" /><testcase classname="tests.evaluation.test_rl_benchmark.TestStatisticalValidation" name="test_p_value_computation" time="0.004" /><testcase classname="tests.evaluation.test_rl_benchmark.TestStatisticalValidation" name="test_statistical_significance_flag" time="0.004" /><testcase classname="tests.evaluation.test_rl_benchmark.TestStatisticalValidation" name="test_cohens_d_effect_size" time="0.008" /><testcase classname="tests.evaluation.test_rl_benchmark.TestRegimeSpecificMetrics" name="test_regime_annotation" time="0.007" /><testcase classname="tests.evaluation.test_rl_benchmark.TestRegimeSpecificMetrics" name="test_bull_regime_performance" time="0.007" /><testcase classname="tests.evaluation.test_rl_benchmark.TestRegimeSpecificMetrics" name="test_bear_regime_performance" time="0.007" /><testcase classname="tests.evaluation.test_rl_benchmark.TestRegimeSpecificMetrics" name="test_neutral_regime_performance" time="0.007" /><testcase classname="tests.evaluation.test_rl_benchmark.TestAgentComparison" name="test_agent_vs_baseline_comparison" time="0.008" /><testcase classname="tests.evaluation.test_rl_benchmark.TestAgentComparison" name="test_agent_rank_computation" time="0.010" /><testcase classname="tests.evaluation.test_rl_benchmark.TestAgentComparison" name="test_statistical_significance_in_comparison" time="0.008" /><testcase classname="tests.evaluation.test_rl_benchmark.TestRenaissanceStandards" name="test_meets_sharpe_standard" time="0.004" /><testcase classname="tests.evaluation.test_rl_benchmark.TestRenaissanceStandards" name="test_fails_sharpe_standard" time="0.004" /><testcase classname="tests.evaluation.test_rl_benchmark.TestRenaissanceStandards" name="test_meets_win_rate_standard" time="0.004" /><testcase classname="tests.evaluation.test_rl_benchmark.TestRenaissanceStandards" name="test_fails_win_rate_standard" time="0.004" /><testcase classname="tests.evaluation.test_rl_benchmark.TestEdgeCases" name="test_empty_trades" time="0.001" /><testcase classname="tests.evaluation.test_rl_benchmark.TestEdgeCases" name="test_single_trade" time="0.003" /><testcase classname="tests.evaluation.test_rl_benchmark.TestEdgeCases" name="test_all_losing_trades" time="0.003" /><testcase classname="tests.evaluation.test_rl_benchmark.TestEdgeCases" name="test_extreme_returns" time="0.003" /><testcase classname="tests.evaluation.test_rl_benchmark.TestEdgeCases" name="test_missing_regime_data" time="0.004" /><testcase classname="tests.evaluation.test_rl_benchmark.TestPerformance" name="test_large_trade_history" time="0.019" /><testcase classname="tests.evaluation.test_rl_benchmark.TestPerformance" name="test_multiple_baseline_comparison" time="0.020" /><testcase classname="tests.evaluation.test_rl_benchmark.TestIntegration" name="test_full_benchmark_workflow" time="0.019" /><testcase classname="tests.evaluation.test_rl_benchmark.TestIntegration" name="test_report_generation" time="0.028" /><testcase classname="tests.execution.tca.test_transaction_cost_analyzer.TestTCARecord" name="test_slippage_bps_buy" time="0.001" /><testcase classname="tests.execution.tca.test_transaction_cost_analyzer.TestTCARecord" name="test_slippage_bps_sell" time="0.000" /><testcase classname="tests.execution.tca.test_transaction_cost_analyzer.TestTCARecord" name="test_spread_capture_bps_buy" time="0.000" /><testcase classname="tests.execution.tca.test_transaction_cost_analyzer.TestTCARecord" name="test_spread_capture_bps_sell" time="0.000" /><testcase classname="tests.execution.tca.test_transaction_cost_analyzer.TestTCARecord" name="test_to_dict_conversion" time="0.000" /><testcase classname="tests.execution.tca.test_transaction_cost_analyzer.TestTransactionCostAnalyzer" name="test_init_loads_records" time="0.011" /><testcase classname="tests.execution.tca.test_transaction_cost_analyzer.TestTransactionCostAnalyzer" name="test_record_execution" time="0.004" /><testcase classname="tests.execution.tca.test_transaction_cost_analyzer.TestTransactionCostAnalyzer" name="test_record_execution_pruning" time="0.003" /><testcase classname="tests.execution.tca.test_transaction_cost_analyzer.TestTransactionCostAnalyzer" name="test_get_summary_tca_metrics" time="0.002" /><testcase classname="tests.execution.tca.test_transaction_cost_analyzer.TestTransactionCostAnalyzer" name="test_get_summary_tca_metrics_empty" time="0.001" /><testcase classname="tests.execution.tca.test_transaction_cost_analyzer.TestTransactionCostAnalyzer" name="test_get_recent_tca" time="0.001" /><testcase classname="tests.execution.tca.test_transaction_cost_analyzer.TestTransactionCostAnalyzer" name="test_get_tca_analyzer_singleton" time="0.001" /><testcase classname="tests.execution.tca.test_transaction_cost_analyzer.TestTransactionCostAnalyzer" name="test_introspect_returns_report" time="0.001" /><testcase classname="tests.execution.test_broker_alpaca.TestAlpacaBrokerFunctions" name="test_get_best_ask_success" time="0.003" /><testcase classname="tests.execution.test_broker_alpaca.TestAlpacaBrokerFunctions" name="test_get_best_bid_success" time="0.003" /><testcase classname="tests.execution.test_broker_alpaca.TestAlpacaBrokerFunctions" name="test_get_best_ask_no_quote" time="0.003" /><testcase classname="tests.execution.test_broker_alpaca.TestAlpacaBrokerFunctions" name="test_log_trade_event" time="0.014" /><testcase classname="tests.execution.test_broker_alpaca.TestPlaceIOCLimit" name="test_place_ioc_limit_success" time="0.212" /><testcase classname="tests.execution.test_broker_alpaca.TestPlaceIOCLimit" name="test_place_ioc_limit_no_quotes" time="0.038" /><testcase classname="tests.execution.test_broker_alpaca.TestPlaceIOCLimit" name="test_place_ioc_limit_alpaca_reject" time="0.042" /><testcase classname="tests.execution.test_broker_alpaca.TestPlaceOrderWithLiquidityCheck" name="test_liquidity_check_passes" time="0.079" /><testcase classname="tests.execution.test_broker_alpaca.TestPlaceOrderWithLiquidityCheck" name="test_liquidity_check_fails" time="0.038" /><testcase classname="tests.execution.test_broker_alpaca.TestExecuteSignal" name="test_execute_signal_success" time="0.079" /><testcase classname="tests.execution.test_broker_alpaca.TestExecuteSignal" name="test_execute_signal_no_quotes" time="0.004" /><testcase classname="tests.execution.test_intelligent_executor.TestIntelligentExecutorInitialization" name="test_default_initialization" time="0.000" /><testcase classname="tests.execution.test_intelligent_executor.TestIntelligentExecutorInitialization" name="test_lazy_loading_components" time="0.000" /><testcase classname="tests.execution.test_intelligent_executor.TestExecuteSignalIntelligently" name="test_execute_signal_success" time="0.004" /><testcase classname="tests.execution.test_intelligent_executor.TestExecuteSignalIntelligently" name="test_execute_signal_rejected_by_confidence" time="0.003" /><testcase classname="tests.execution.test_intelligent_executor.TestExecuteSignalIntelligently" name="test_execute_signal_rejected_by_risk_manager" time="0.003" /><testcase classname="tests.execution.test_intelligent_executor.TestExecuteSignalIntelligently" name="test_execute_signal_rejected_by_policy_gate" time="0.004" /><testcase classname="tests.execution.test_intelligent_executor.TestExecuteSignalIntelligently" name="test_execute_signal_dry_run" time="0.003" /><testcase classname="tests.execution.test_intelligent_executor.TestExecuteSignalIntelligently" name="test_execute_signal_order_manager_failure" time="0.004" /><testcase classname="tests.execution.test_intelligent_executor.TestExecutePipeline" name="test_execute_pipeline_success" time="0.007" /><testcase classname="tests.execution.test_intelligent_executor.TestExecutePipeline" name="test_execute_pipeline_skip_trading_regime" time="0.003" /><testcase classname="tests.execution.test_intelligent_executor.TestSingletonFactory" name="test_get_intelligent_executor_singleton" time="0.000" /><testcase classname="tests.execution.test_intraday_trigger.TestIntradayTriggerKillSwitch" name="test_respects_kill_switch_active" time="0.001" /><testcase classname="tests.execution.test_intraday_trigger.TestIntradayTriggerKillSwitch" name="test_allows_trigger_when_kill_switch_inactive" time="0.001" /><testcase classname="tests.execution.test_intraday_trigger.TestIntradayTriggerKillSwitch" name="test_increments_prometheus_counter_on_kill_switch" time="0.001" /><testcase classname="tests.execution.test_intraday_trigger.TestIntradayTriggerModes" name="test_vwap_reclaim_long_triggered" time="0.001" /><testcase classname="tests.execution.test_intraday_trigger.TestIntradayTriggerModes" name="test_vwap_reclaim_long_not_triggered" time="0.002" /><testcase classname="tests.execution.test_intraday_trigger.TestIntradayTriggerModes" name="test_vwap_reclaim_short_triggered" time="0.001" /><testcase classname="tests.execution.test_intraday_trigger.TestIntradayTriggerModes" name="test_returns_false_when_no_data" time="0.001" /><testcase classname="tests.execution.test_intraday_trigger.TestConvenienceFunctions" name="test_get_intraday_trigger_singleton" time="0.000" /><testcase classname="tests.execution.test_intraday_trigger.TestConvenienceFunctions" name="test_check_entry_trigger_function" time="0.001" /><testcase classname="tests.execution.test_order_manager.TestOrderManagerInitialization" name="test_default_initialization" time="0.001" /><testcase classname="tests.execution.test_order_manager.TestSubmitOrder" name="test_submit_order_limit_success" time="0.002" /><testcase classname="tests.execution.test_order_manager.TestSubmitOrder" name="test_submit_order_twap_success" time="0.002" /><testcase classname="tests.execution.test_order_manager.TestSubmitOrder" name="test_submit_order_vwap_calls_twap" time="0.002" /><testcase classname="tests.execution.test_order_manager.TestSubmitOrder" name="test_submit_order_unknown_strategy_defaults_to_limit" time="0.002" /><testcase classname="tests.execution.test_order_manager.TestSubmitOrder" name="test_submit_order_error_updates_status" time="0.002" /><testcase classname="tests.execution.test_order_manager.TestExecuteSimpleIOCLimit" name="test_execute_simple_ioc_limit_success" time="0.002" /><testcase classname="tests.execution.test_order_manager.TestExecuteTWAP" name="test_execute_twap_fills_order" time="0.003" /><testcase classname="tests.execution.test_order_manager.TestExecuteVWAP" name="test_execute_vwap_calls_twap" time="0.001" /><testcase classname="tests.execution.test_order_manager.TestSingletonFactory" name="test_get_order_manager_singleton" time="0.001" /><testcase classname="tests.integration.test_api_connectivity.TestApiConnectivity" name="test_polygon_fetch_daily_bars_success" time="0.312" /><testcase classname="tests.integration.test_api_connectivity.TestApiConnectivity" name="test_polygon_fetch_daily_bars_no_data" time="0.306" /><testcase classname="tests.integration.test_api_connectivity.TestApiConnectivity" name="test_polygon_fetch_daily_bars_api_failure" time="0.307" /><testcase classname="tests.integration.test_api_connectivity.TestApiConnectivity" name="test_alpaca_get_best_ask_success" time="0.002" /><testcase classname="tests.integration.test_api_connectivity.TestApiConnectivity" name="test_alpaca_get_best_ask_failure" time="0.001" /><testcase classname="tests.integration.test_api_connectivity.TestApiConnectivity" name="test_alpaca_get_order_by_id_success" time="0.001" /><testcase classname="tests.integration.test_api_connectivity.TestApiConnectivity" name="test_alpaca_get_order_by_id_failure" time="0.001" /><testcase classname="tests.integration.test_api_connectivity.TestApiConnectivity" name="test_alpaca_get_order_by_client_id_success" time="0.001" /><testcase classname="tests.integration.test_api_connectivity.TestApiConnectivity" name="test_alpaca_get_order_by_client_id_failure" time="0.001" /><testcase classname="tests.integration.test_api_connectivity.TestApiConnectivity" name="test_alpaca_get_positions_success" time="0.001" /><testcase classname="tests.integration.test_api_connectivity.TestApiConnectivity" name="test_alpaca_get_positions_empty" time="0.001" /><testcase classname="tests.integration.test_api_connectivity.TestApiConnectivity" name="test_alpaca_get_positions_api_failure" time="0.001" /><testcase classname="tests.integration.test_backtest_live_parity.TestBacktestLiveParity" name="test_slippage_aligned" time="0.000" /><testcase classname="tests.integration.test_backtest_live_parity.TestBacktestLiveParity" name="test_kill_zone_config_exists" time="0.000" /><testcase classname="tests.integration.test_backtest_live_parity.TestBacktestLiveParity" name="test_kill_zone_filter_exists" time="0.001" /><testcase classname="tests.integration.test_backtest_live_parity.TestBacktestLiveParity" name="test_kill_zone_filter_called" time="0.001" /><testcase classname="tests.integration.test_backtest_live_parity.TestBacktestLiveParity" name="test_quality_gate_in_paper_trade" time="0.001" /><testcase classname="tests.integration.test_backtest_live_parity.TestBacktestLiveParity" name="test_quality_gate_import_exists" time="0.001" /><testcase classname="tests.integration.test_backtest_live_parity.TestBacktestLiveParity" name="test_risk_pct_aligned" time="0.030" /><testcase classname="tests.integration.test_backtest_live_parity.TestBacktestLiveParity" name="test_time_stop_uses_trading_days" time="0.003" /><testcase classname="tests.integration.test_backtest_live_parity.TestBacktestLiveParity" name="test_stop_coverage_logic_fixed" time="0.001" /><testcase classname="tests.integration.test_backtest_live_parity.TestBacktestLiveParity" name="test_paper_mode_assertion_exists" time="0.001" /><testcase classname="tests.integration.test_backtest_live_parity.TestKillZoneLogic" name="test_primary_window_allowed" time="0.003" /><testcase classname="tests.integration.test_backtest_live_parity.TestKillZoneLogic" name="test_opening_range_blocked" time="0.002" /><testcase classname="tests.integration.test_backtest_live_parity.TestKillZoneLogic" name="test_lunch_blocked" time="0.002" /><testcase classname="tests.integration.test_backtest_live_parity.TestKillZoneLogic" name="test_power_hour_allowed" time="0.002" /><testcase classname="tests.integration.test_backtest_live_parity.TestKillZoneLogic" name="test_empty_signals_handled" time="0.001" /><testcase classname="tests.integration.test_concurrent_execution.TestConcurrentSignalProcessing" name="test_two_signals_same_symbol_processed_safely" time="0.017" /><testcase classname="tests.integration.test_concurrent_execution.TestConcurrentSignalProcessing" name="test_different_symbols_processed_in_parallel" time="0.014" /><testcase classname="tests.integration.test_concurrent_execution.TestConcurrentStateWrites" name="test_concurrent_positions_writes" time="0.040" /><testcase classname="tests.integration.test_concurrent_execution.TestConcurrentStateWrites" name="test_no_corruption_without_lock" time="0.038" /><testcase classname="tests.integration.test_concurrent_execution.TestIdempotencyUnderLoad" name="test_same_order_ten_threads" time="0.110" /><testcase classname="tests.integration.test_concurrent_execution.TestHashChainOrdering" name="test_concurrent_appends_preserve_order" time="0.018" /><testcase classname="tests.integration.test_concurrent_execution.TestHashChainOrdering" name="test_chain_length_correct" time="0.018" /><testcase classname="tests.integration.test_concurrent_execution.TestProviderCacheConcurrency" name="test_concurrent_cache_reads" time="0.016" /><testcase classname="tests.integration.test_concurrent_execution.TestHighConcurrencyStress" name="test_100_concurrent_signal_validations" time="0.007" /><testcase classname="tests.integration.test_concurrent_execution.TestHighConcurrencyStress" name="test_concurrent_file_operations" time="0.373" /><testcase classname="tests.integration.test_demo_run.TestDemoRun" name="test_status_runs" time="1.056" /><testcase classname="tests.integration.test_demo_run.TestDemoRun" name="test_tour_runs" time="5.004" /><testcase classname="tests.integration.test_demo_run.TestDemoRun" name="test_research_runs" time="0.004" /><testcase classname="tests.integration.test_demo_run.TestHealthCheck" name="test_health_check_returns_int" time="0.001" /><testcase classname="tests.integration.test_idempotency_stress.TestDuplicateSubmissions" name="test_100_duplicate_submissions_one_execution" time="0.038" /><testcase classname="tests.integration.test_idempotency_stress.TestDuplicateSubmissions" name="test_different_orders_all_execute" time="0.028" /><testcase classname="tests.integration.test_idempotency_stress.TestConcurrentIdempotencyChecks" name="test_10_threads_same_key_one_execution" time="0.102" /><testcase classname="tests.integration.test_idempotency_stress.TestConcurrentIdempotencyChecks" name="test_thread_safety_with_multiple_keys" time="0.369" /><testcase classname="tests.integration.test_idempotency_stress.TestIdempotencyCleanup" name="test_old_entries_can_be_pruned" time="0.012" /><testcase classname="tests.integration.test_idempotency_stress.TestIdempotencyCleanup" name="test_active_entries_not_pruned" time="0.009" /><testcase classname="tests.integration.test_idempotency_stress.TestPersistenceAcrossRestarts" name="test_entries_survive_reconnect" time="0.010" /><testcase classname="tests.integration.test_idempotency_stress.TestPersistenceAcrossRestarts" name="test_duplicate_blocked_after_restart" time="0.010" /><testcase classname="tests.integration.test_idempotency_stress.TestHighVolumeStress" name="test_1000_unique_orders" time="0.012" /><testcase classname="tests.integration.test_kill_zone_boundaries.TestOpeningRangeBlocked" name="test_935_am_blocked" time="15.407" /><testcase classname="tests.integration.test_kill_zone_boundaries.TestOpeningRangeBlocked" name="test_930_am_blocked" time="1.045" /><testcase classname="tests.integration.test_kill_zone_boundaries.TestOpeningRangeBlocked" name="test_959_am_blocked" time="0.346" /><testcase classname="tests.integration.test_kill_zone_boundaries.TestPrimaryWindowAllowed" name="test_1000_am_allowed" time="0.333" /><testcase classname="tests.integration.test_kill_zone_boundaries.TestPrimaryWindowAllowed" name="test_1005_am_allowed" time="0.305" /><testcase classname="tests.integration.test_kill_zone_boundaries.TestPrimaryWindowAllowed" name="test_1100_am_allowed" time="0.306" /><testcase classname="tests.integration.test_kill_zone_boundaries.TestLunchChopBlocked" name="test_1200_pm_blocked" time="0.305" /><testcase classname="tests.integration.test_kill_zone_boundaries.TestLunchChopBlocked" name="test_1300_pm_blocked" time="0.325" /><testcase classname="tests.integration.test_kill_zone_boundaries.TestLunchChopBlocked" name="test_lunch_can_be_disabled" time="0.307" /><testcase classname="tests.integration.test_kill_zone_boundaries.TestPowerHourAllowed" name="test_1430_pm_allowed" time="0.311" /><testcase classname="tests.integration.test_kill_zone_boundaries.TestPowerHourAllowed" name="test_1500_pm_allowed" time="0.774" /><testcase classname="tests.integration.test_kill_zone_boundaries.TestCloseBlocked" name="test_1545_pm_blocked" time="0.303" /><testcase classname="tests.integration.test_kill_zone_boundaries.TestCloseBlocked" name="test_1530_pm_blocked" time="0.297" /><testcase classname="tests.integration.test_kill_zone_boundaries.TestPreMarketBlocked" name="test_0800_am_blocked" time="0.301" /><testcase classname="tests.integration.test_kill_zone_boundaries.TestPreMarketBlocked" name="test_0929_am_blocked" time="0.315" /><testcase classname="tests.integration.test_kill_zone_boundaries.TestAfterHoursBlocked" name="test_1700_pm_blocked" time="0.299" /><testcase classname="tests.integration.test_kill_zone_boundaries.TestAfterHoursBlocked" name="test_1600_pm_blocked" time="0.301" /><testcase classname="tests.integration.test_kill_zone_boundaries.TestConvenienceFunctions" name="test_can_trade_now_function" time="0.607" /><testcase classname="tests.integration.test_kill_zone_boundaries.TestConvenienceFunctions" name="test_get_current_zone_function" time="0.612" /><testcase classname="tests.integration.test_kill_zone_boundaries.TestConvenienceFunctions" name="test_check_trade_allowed_function" time="0.617" /><testcase classname="tests.integration.test_kill_zone_boundaries.TestZoneTransitions" name="test_opening_to_primary_transition" time="0.613" /><testcase classname="tests.integration.test_kill_zone_boundaries.TestZoneTransitions" name="test_primary_to_lunch_transition" time="0.597" /><testcase classname="tests.integration.test_kill_zone_boundaries.TestZoneDetectionWithoutMocking" name="test_zone_enum_values" time="0.000" /><testcase classname="tests.integration.test_kill_zone_boundaries.TestZoneDetectionWithoutMocking" name="test_gate_initialization" time="0.000" /><testcase classname="tests.integration.test_kill_zone_boundaries.TestZoneDetectionWithoutMocking" name="test_status_has_next_window_info" time="0.311" /><testcase classname="tests.integration.test_kill_zone_boundaries.TestDSTTransitions" name="test_spring_forward_transition" time="0.616" /><testcase classname="tests.integration.test_kill_zone_boundaries.TestDSTTransitions" name="test_fall_back_transition" time="0.620" /><testcase classname="tests.integration.test_pipeline_run.TestPipelineInstantiation" name="test_universe_pipeline_instantiation" time="0.017" /><testcase classname="tests.integration.test_pipeline_run.TestPipelineInstantiation" name="test_data_audit_pipeline_instantiation" time="0.001" /><testcase classname="tests.integration.test_pipeline_run.TestPipelineInstantiation" name="test_discovery_pipeline_instantiation" time="0.001" /><testcase classname="tests.integration.test_pipeline_run.TestPipelineInstantiation" name="test_reporting_pipeline_instantiation" time="0.001" /><testcase classname="tests.integration.test_pipeline_run.TestPipelineRun" name="test_discovery_pipeline_runs" time="0.005" /><testcase classname="tests.integration.test_pipeline_run.TestPipelineRun" name="test_reporting_pipeline_runs" time="0.011" /><testcase classname="tests.integration.test_position_sizing_edge.TestRiskCapDominates" name="test_tight_stop_with_notional_cap" time="0.000" /><testcase classname="tests.integration.test_position_sizing_edge.TestRiskCapDominates" name="test_high_volatility_risk_dominates" time="0.000" /><testcase classname="tests.integration.test_position_sizing_edge.TestNotionalCapDominates" name="test_expensive_stock_notional_dominates" time="0.000" /><testcase classname="tests.integration.test_position_sizing_edge.TestNotionalCapDominates" name="test_small_notional_cap" time="0.000" /><testcase classname="tests.integration.test_position_sizing_edge.TestZeroRiskDistance" name="test_stop_equals_entry_uses_fallback" time="0.000" /><testcase classname="tests.integration.test_position_sizing_edge.TestZeroRiskDistance" name="test_very_tight_stop_uses_actual" time="0.000" /><testcase classname="tests.integration.test_position_sizing_edge.TestFractionalShares" name="test_result_is_integer" time="0.000" /><testcase classname="tests.integration.test_position_sizing_edge.TestFractionalShares" name="test_minimum_shares_enforced" time="0.000" /><testcase classname="tests.integration.test_position_sizing_edge.TestMinimumShareConstraint" name="test_exactly_one_share" time="0.000" /><testcase classname="tests.integration.test_position_sizing_edge.TestMinimumShareConstraint" name="test_small_account_minimum_enforced" time="0.001" /><testcase classname="tests.integration.test_position_sizing_edge.TestExtremeScenarios" name="test_very_small_account" time="0.000" /><testcase classname="tests.integration.test_position_sizing_edge.TestExtremeScenarios" name="test_very_large_account" time="0.001" /><testcase classname="tests.integration.test_position_sizing_edge.TestExtremeScenarios" name="test_penny_stock_sizing" time="0.001" /><testcase classname="tests.integration.test_position_sizing_edge.TestRiskAmountCalculation" name="test_risk_amount_formula" time="0.000" /><testcase classname="tests.integration.test_position_sizing_edge.TestRiskAmountCalculation" name="test_notional_formula" time="0.000" /><testcase classname="tests.integration.test_position_sizing_edge.TestCognitiveMultiplier" name="test_low_confidence_reduces_size" time="0.000" /><testcase classname="tests.integration.test_provider_fallback.TestPolygonSuccess" name="test_polygon_returns_valid_data" time="0.003" /><testcase classname="tests.integration.test_provider_fallback.TestPolygonSuccess" name="test_polygon_response_has_correct_structure" time="0.001" /><testcase classname="tests.integration.test_provider_fallback.TestPolygonFailStooqSuccess" name="test_polygon_500_triggers_fallback" time="0.001" /><testcase classname="tests.integration.test_provider_fallback.TestPolygonFailStooqSuccess" name="test_polygon_timeout_triggers_fallback" time="0.000" /><testcase classname="tests.integration.test_provider_fallback.TestRateLimiting" name="test_polygon_429_triggers_fallback" time="0.002" /><testcase classname="tests.integration.test_provider_fallback.TestRateLimiting" name="test_rate_limit_includes_retry_header" time="0.001" /><testcase classname="tests.integration.test_provider_fallback.TestAllProvidersFail" name="test_all_providers_fail_gracefully" time="0.001" /><testcase classname="tests.integration.test_provider_fallback.TestCaching" name="test_cache_prevents_duplicate_calls" time="0.005" /><testcase classname="tests.integration.test_provider_fallback.TestCaching" name="test_stale_cache_triggers_refresh" time="0.003" /><testcase classname="tests.integration.test_provider_fallback.TestEmptyResponses" name="test_empty_results_handled" time="0.001" /><testcase classname="tests.integration.test_provider_fallback.TestEmptyResponses" name="test_malformed_data_handled" time="0.001" /><testcase classname="tests.integration.test_provider_fallback.TestMultiSymbolFetch" name="test_multi_symbol_parallel_fetch" time="0.009" /><testcase classname="tests.integration.test_provider_fallback.TestMultiSymbolFetch" name="test_partial_failure_handled" time="0.003" /><testcase classname="tests.integration.test_provider_fallback.TestDataQuality" name="test_ohlc_validation" time="0.003" /><testcase classname="tests.integration.test_provider_fallback.TestDataQuality" name="test_volume_always_positive" time="0.003" /><testcase classname="tests.integration.test_provider_fallback.TestDataQuality" name="test_no_missing_values" time="0.003" /><testcase classname="tests.integration.test_risk_gates_real.TestPolicyGateEnforcement" name="test_order_within_limits_passes" time="0.000" /><testcase classname="tests.integration.test_risk_gates_real.TestPolicyGateEnforcement" name="test_order_exceeds_per_order_limit" time="0.000" /><testcase classname="tests.integration.test_risk_gates_real.TestPolicyGateEnforcement" name="test_daily_budget_accumulates" time="0.000" /><testcase classname="tests.integration.test_risk_gates_real.TestPolicyGateEnforcement" name="test_remaining_budget_updates" time="0.000" /><testcase classname="tests.integration.test_risk_gates_real.TestPolicyGateEnforcement" name="test_price_below_minimum_blocked" time="0.000" /><testcase classname="tests.integration.test_risk_gates_real.TestPolicyGateEnforcement" name="test_price_above_maximum_blocked" time="0.000" /><testcase classname="tests.integration.test_risk_gates_real.TestPolicyGateEnforcement" name="test_shorts_disabled_by_default" time="0.000" /><testcase classname="tests.integration.test_risk_gates_real.TestPolicyGateEnforcement" name="test_invalid_price_blocked" time="0.000" /><testcase classname="tests.integration.test_risk_gates_real.TestPolicyGateEnforcement" name="test_invalid_qty_blocked" time="0.000" /><testcase classname="tests.integration.test_risk_gates_real.TestPolicyGateEnforcement" name="test_position_limit_check" time="0.000" /><testcase classname="tests.integration.test_risk_gates_real.TestKillZoneEnforcement" name="test_kill_zone_functions_exist" time="0.000" /><testcase classname="tests.integration.test_risk_gates_real.TestKillZoneEnforcement" name="test_opening_range_blocked" time="0.000" /><testcase classname="tests.integration.test_risk_gates_real.TestKillZoneEnforcement" name="test_primary_window_allowed" time="0.000" /><testcase classname="tests.integration.test_risk_gates_real.TestKillZoneEnforcement" name="test_lunch_chop_blocked" time="0.000" /><testcase classname="tests.integration.test_risk_gates_real.TestKillZoneEnforcement" name="test_power_hour_allowed" time="0.000" /><testcase classname="tests.integration.test_risk_gates_real.TestKillZoneEnforcement" name="test_close_blocked" time="0.000" /><testcase classname="tests.integration.test_risk_gates_real.TestKillSwitchEnforcement" name="test_kill_switch_blocks_trading" time="0.003" /><testcase classname="tests.integration.test_risk_gates_real.TestAdvancedRiskIntegration" name="test_var_check_available" time="0.000" /><testcase classname="tests.integration.test_risk_gates_real.TestAdvancedRiskIntegration" name="test_kelly_sizer_available" time="0.000" /><testcase classname="tests.integration.test_risk_gates_real.TestAdvancedRiskIntegration" name="test_correlation_limits_available" time="0.000" /><testcase classname="tests.integration.test_risk_gates_real.TestAdvancedRiskIntegration" name="test_monte_carlo_var_available" time="0.000" /><testcase classname="tests.integration.test_risk_gates_real.TestPositionSizingIntegration" name="test_equity_sizer_respects_policy_gate" time="0.000" /><testcase classname="tests.integration.test_risk_gates_real.TestPositionSizingIntegration" name="test_kelly_reduces_when_appropriate" time="0.000" /><testcase classname="tests.integration.test_safety_gate_enforced.TestPositionManagerSafetyGate" name="test_close_position_calls_safety_gate" time="0.001" /><testcase classname="tests.integration.test_safety_gate_enforced.TestPositionManagerSafetyGate" name="test_close_position_passes_ack_token" time="0.001" /><testcase classname="tests.integration.test_safety_gate_enforced.TestCryptoBrokerSafetyGate" name="test_ccxt_broker_uses_safety_gate" time="0.574" /><testcase classname="tests.integration.test_safety_gate_enforced.TestCryptoBrokerSafetyGate" name="test_alpaca_crypto_broker_uses_safety_gate" time="0.054" /><testcase classname="tests.integration.test_safety_gate_enforced.TestAlpacaBrokerSafetyGate" name="test_alpaca_broker_uses_safety_gate" time="0.001" /><testcase classname="tests.integration.test_safety_gate_enforced.TestPaperBrokerSafetyGate" name="test_paper_broker_uses_safety_gate" time="0.002" /><testcase classname="tests.integration.test_safety_gate_enforced.TestOptionsOrderRouterSafetyGate" name="test_submit_order_calls_safety_gate" time="0.001" /><testcase classname="tests.integration.test_safety_gate_enforced.TestAllBypassPathsPatched" name="test_no_direct_alpaca_orders_without_gate" time="0.001" /><testcase classname="tests.integration.test_safety_gate_enforced.TestAllBypassPathsPatched" name="test_no_direct_ccxt_orders_without_gate" time="0.001" /><testcase classname="tests.integration.test_signal_to_execution.TestFullPipelineHappyPath" name="test_valid_signal_through_all_gates" time="0.008" /><testcase classname="tests.integration.test_signal_to_execution.TestFullPipelineHappyPath" name="test_signal_creates_correct_order_size" time="0.003" /><testcase classname="tests.integration.test_signal_to_execution.TestFullPipelineHappyPath" name="test_order_placement_updates_state" time="0.012" /><testcase classname="tests.integration.test_signal_to_execution.TestQualityGateRejections" name="test_low_score_rejected" time="0.001" /><testcase classname="tests.integration.test_signal_to_execution.TestQualityGateRejections" name="test_low_confidence_rejected" time="0.000" /><testcase classname="tests.integration.test_signal_to_execution.TestQualityGateRejections" name="test_poor_risk_reward_rejected" time="0.000" /><testcase classname="tests.integration.test_signal_to_execution.TestPolicyGateRejections" name="test_over_budget_rejected" time="0.000" /><testcase classname="tests.integration.test_signal_to_execution.TestPolicyGateRejections" name="test_per_order_limit_enforced" time="0.000" /><testcase classname="tests.integration.test_signal_to_execution.TestPositionLimitGate" name="test_max_positions_enforced" time="0.010" /><testcase classname="tests.integration.test_signal_to_execution.TestDualCapPositionSizing" name="test_risk_cap_dominates" time="0.000" /><testcase classname="tests.integration.test_signal_to_execution.TestDualCapPositionSizing" name="test_notional_cap_dominates" time="0.000" /><testcase classname="tests.integration.test_signal_to_execution.TestIdempotencyPrevention" name="test_duplicate_signal_blocked" time="0.009" /><testcase classname="tests.integration.test_signal_to_execution.TestStateConsistency" name="test_hash_chain_updated_on_order" time="0.012" /><testcase classname="tests.integration.test_signal_to_execution.TestStateConsistency" name="test_positions_json_updated" time="0.012" /><testcase classname="tests.integration.test_signal_to_execution.TestBrokerIntegration" name="test_order_submitted_to_broker" time="0.001" /><testcase classname="tests.integration.test_signal_to_execution.TestBrokerIntegration" name="test_broker_rejection_handled" time="0.001" /><testcase classname="tests.integration.test_signal_to_execution.TestKillSwitchEnforcement" name="test_kill_switch_blocks_orders" time="0.012" /><testcase classname="tests.integration.test_state_recovery.TestPositionsCorruptionRecovery" name="test_invalid_json_detected" time="0.011" /><testcase classname="tests.integration.test_state_recovery.TestPositionsCorruptionRecovery" name="test_can_rebuild_empty_positions" time="0.004" /><testcase classname="tests.integration.test_state_recovery.TestPositionsCorruptionRecovery" name="test_corrupt_positions_backup_before_recovery" time="0.006" /><testcase classname="tests.integration.test_state_recovery.TestMissingFilesRecovery" name="test_missing_positions_file_handled" time="0.002" /><testcase classname="tests.integration.test_state_recovery.TestMissingFilesRecovery" name="test_missing_order_state_handled" time="0.002" /><testcase classname="tests.integration.test_state_recovery.TestMissingFilesRecovery" name="test_missing_hash_chain_handled" time="0.002" /><testcase classname="tests.integration.test_state_recovery.TestHashChainTamperDetection" name="test_valid_chain_passes_verification" time="0.013" /><testcase classname="tests.integration.test_state_recovery.TestHashChainTamperDetection" name="test_tampered_entry_detected" time="0.019" /><testcase classname="tests.integration.test_state_recovery.TestHashChainTamperDetection" name="test_broken_chain_link_detected" time="0.012" /><testcase classname="tests.integration.test_state_recovery.TestIdempotencyPersistence" name="test_entries_persist_after_close" time="0.010" /><testcase classname="tests.integration.test_state_recovery.TestIdempotencyPersistence" name="test_multiple_entries_persist" time="0.009" /><testcase classname="tests.integration.test_state_recovery.TestStateConsistencyChecks" name="test_positions_matches_order_state" time="0.019" /><testcase classname="tests.integration.test_state_recovery.TestStateConsistencyChecks" name="test_inconsistency_detected" time="0.011" /><testcase classname="tests.integration.test_state_recovery.TestCorruptionTypes" name="test_syntax_corruption_handled" time="0.009" /><testcase classname="tests.integration.test_state_recovery.TestCorruptionTypes" name="test_truncation_corruption_handled" time="0.014" /><testcase classname="tests.integration.test_workflow.TestScanToSignalWorkflow" name="test_strategy_generates_signals_from_data" time="0.125" /><testcase classname="tests.integration.test_workflow.TestBacktestWorkflow" name="test_backtest_produces_results" time="0.143" /><testcase classname="tests.integration.test_workflow.TestRiskCheckWorkflow" name="test_order_passes_through_risk_gate" time="0.001" /><testcase classname="tests.integration.test_workflow.TestRiskCheckWorkflow" name="test_order_blocked_when_exceeds_budget" time="0.000" /><testcase classname="tests.integration.test_workflow.TestStateManagementWorkflow" name="test_position_tracking" time="0.014" /><testcase classname="tests.integration.test_workflow.TestStateManagementWorkflow" name="test_order_history_tracking" time="0.011" /><testcase classname="tests.llm.test_financial_adapter.TestFinancialLLMAdapter" name="test_initialization_without_provider" time="0.004" /><testcase classname="tests.llm.test_financial_adapter.TestFinancialLLMAdapter" name="test_initialization_with_provider" time="0.001" /><testcase classname="tests.llm.test_financial_adapter.TestFinancialLLMAdapter" name="test_financial_system_prompt_content" time="0.001" /><testcase classname="tests.llm.test_financial_adapter.TestFinancialLLMAdapter" name="test_few_shot_examples_exist" time="0.001" /><testcase classname="tests.llm.test_financial_adapter.TestFinancialLLMAdapter" name="test_chat_with_mock_provider" time="0.001" /><testcase classname="tests.llm.test_financial_adapter.TestFinancialLLMAdapter" name="test_is_trading_query_detection" time="0.001" /><testcase classname="tests.llm.test_financial_adapter.TestFinancialLLMAdapter" name="test_is_trading_query_non_trading" time="0.001" /><testcase classname="tests.llm.test_financial_adapter.TestFeedbackLoop" name="test_record_outcome" time="0.002" /><testcase classname="tests.llm.test_financial_adapter.TestFeedbackLoop" name="test_record_multiple_outcomes" time="0.003" /><testcase classname="tests.llm.test_financial_adapter.TestValidation" name="test_validate_claims_method_exists" time="0.001" /><testcase classname="tests.llm.test_financial_adapter.TestValidation" name="test_validate_response_passthrough" time="0.001" /><testcase classname="tests.llm.test_financial_adapter.TestSingletonPattern" name="test_get_financial_adapter_returns_instance" time="0.001" /><testcase classname="tests.llm.test_financial_adapter.TestSingletonPattern" name="test_get_financial_adapter_parameters" time="0.001" /><testcase classname="tests.llm.test_financial_adapter.TestFewShotExamples" name="test_get_few_shot_messages" time="0.001" /><testcase classname="tests.llm.test_financial_adapter.TestFewShotExamples" name="test_few_shot_examples_structure" time="0.001" /><testcase classname="tests.llm.test_financial_adapter.TestTemperatureHandling" name="test_chat_with_temperature" time="0.001" /><testcase classname="tests.llm.test_financial_adapter.TestErrorHandling" name="test_empty_messages" time="0.001" /><testcase classname="tests.llm.test_financial_adapter.TestIntegrationWithRouter" name="test_financial_mode_attribute" time="0.001" /><testcase classname="tests.llm.test_financial_adapter.TestIntegrationWithRouter" name="test_adapter_wraps_provider" time="0.001" /><testcase classname="tests.llm.test_financial_adapter.TestMessageFormatting" name="test_format_user_message" time="0.001" /><testcase classname="tests.llm.test_financial_adapter.TestMessageFormatting" name="test_format_system_message_injection" time="0.001" /><testcase classname="tests.llm.test_financial_adapter.TestTradeOutcome" name="test_trade_outcome_creation" time="0.000" /><testcase classname="tests.llm.test_financial_adapter.TestFewShotExample" name="test_few_shot_example_creation" time="0.000" /><testcase classname="tests.llm.test_financial_adapter.TestFeedbackStats" name="test_get_feedback_stats_empty" time="0.001" /><testcase classname="tests.llm.test_financial_adapter.TestFeedbackStats" name="test_get_feedback_stats_with_records" time="0.002" /><testcase classname="tests.ml_advanced.test_markov_chain.TestStateClassifier" name="test_init_default" time="0.000" /><testcase classname="tests.ml_advanced.test_markov_chain.TestStateClassifier" name="test_init_custom" time="0.000" /><testcase classname="tests.ml_advanced.test_markov_chain.TestStateClassifier" name="test_classify_threshold_ternary" time="0.001" /><testcase classname="tests.ml_advanced.test_markov_chain.TestStateClassifier" name="test_classify_binary" time="0.001" /><testcase classname="tests.ml_advanced.test_markov_chain.TestStateClassifier" name="test_classify_percentile" time="0.001" /><testcase classname="tests.ml_advanced.test_markov_chain.TestStateClassifier" name="test_state_names" time="0.000" /><testcase classname="tests.ml_advanced.test_markov_chain.TestStateClassifier" name="test_state_counts" time="0.001" /><testcase classname="tests.ml_advanced.test_markov_chain.TestStateClassifier" name="test_serialization" time="0.001" /><testcase classname="tests.ml_advanced.test_markov_chain.TestTransitionMatrix" name="test_init" time="0.000" /><testcase classname="tests.ml_advanced.test_markov_chain.TestTransitionMatrix" name="test_fit_simple" time="0.001" /><testcase classname="tests.ml_advanced.test_markov_chain.TestTransitionMatrix" name="test_row_sum_to_one" time="0.001" /><testcase classname="tests.ml_advanced.test_markov_chain.TestTransitionMatrix" name="test_predict_next" time="0.001" /><testcase classname="tests.ml_advanced.test_markov_chain.TestTransitionMatrix" name="test_incremental_update" time="0.001" /><testcase classname="tests.ml_advanced.test_markov_chain.TestTransitionMatrix" name="test_smoothing_effect" time="0.001" /><testcase classname="tests.ml_advanced.test_markov_chain.TestTransitionMatrix" name="test_serialization" time="0.001" /><testcase classname="tests.ml_advanced.test_markov_chain.TestStationaryDistribution" name="test_compute_uniform" time="0.018" /><testcase classname="tests.ml_advanced.test_markov_chain.TestStationaryDistribution" name="test_compute_biased" time="0.001" /><testcase classname="tests.ml_advanced.test_markov_chain.TestStationaryDistribution" name="test_mean_reversion_signal" time="0.000" /><testcase classname="tests.ml_advanced.test_markov_chain.TestStationaryDistribution" name="test_methods_consistent" time="0.003" /><testcase classname="tests.ml_advanced.test_markov_chain.TestHigherOrderMarkov" name="test_init" time="0.000" /><testcase classname="tests.ml_advanced.test_markov_chain.TestHigherOrderMarkov" name="test_encode_decode" time="0.000" /><testcase classname="tests.ml_advanced.test_markov_chain.TestHigherOrderMarkov" name="test_fit_and_predict" time="0.002" /><testcase classname="tests.ml_advanced.test_markov_chain.TestHigherOrderMarkov" name="test_bounce_probability" time="0.002" /><testcase classname="tests.ml_advanced.test_markov_chain.TestHigherOrderMarkov" name="test_pattern_stats" time="0.003" /><testcase classname="tests.ml_advanced.test_markov_chain.TestMarkovPredictor" name="test_init" time="0.000" /><testcase classname="tests.ml_advanced.test_markov_chain.TestMarkovPredictor" name="test_fit" time="0.003" /><testcase classname="tests.ml_advanced.test_markov_chain.TestMarkovPredictor" name="test_predict" time="0.003" /><testcase classname="tests.ml_advanced.test_markov_chain.TestMarkovPredictor" name="test_predict_trending" time="0.002" /><testcase classname="tests.ml_advanced.test_markov_chain.TestMarkovPredictor" name="test_score_signal" time="0.003" /><testcase classname="tests.ml_advanced.test_markov_chain.TestMarkovPredictor" name="test_bounce_probability" time="0.003" /><testcase classname="tests.ml_advanced.test_markov_chain.TestMarkovPredictor" name="test_serialization" time="0.003" /><testcase classname="tests.ml_advanced.test_markov_chain.TestMarkovAssetScorer" name="test_init" time="0.000" /><testcase classname="tests.ml_advanced.test_markov_chain.TestMarkovAssetScorer" name="test_score_symbol" time="0.001" /><testcase classname="tests.ml_advanced.test_markov_chain.TestMarkovAssetScorer" name="test_score_universe" time="0.004" /><testcase classname="tests.ml_advanced.test_markov_chain.TestMarkovAssetScorer" name="test_filter_top_n" time="0.004" /><testcase classname="tests.ml_advanced.test_markov_chain.TestMarkovAssetScorer" name="test_analysis_report" time="0.007" /><testcase classname="tests.ml_advanced.test_markov_chain.TestIntegration" name="test_full_pipeline" time="0.004" /><testcase classname="tests.ml_advanced.test_markov_chain.TestIntegration" name="test_multi_symbol_workflow" time="0.006" /><testcase classname="tests.ml_features.test_shap_explainer.TestFeatureContribution" name="test_feature_contribution_creation" time="0.092" /><testcase classname="tests.ml_features.test_shap_explainer.TestFeatureContribution" name="test_feature_contribution_serialization" time="0.000" /><testcase classname="tests.ml_features.test_shap_explainer.TestSHAPExplanation" name="test_explanation_creation" time="0.000" /><testcase classname="tests.ml_features.test_shap_explainer.TestSHAPExplanation" name="test_get_top_features" time="0.000" /><testcase classname="tests.ml_features.test_shap_explainer.TestSHAPExplanation" name="test_get_positive_contributors" time="0.000" /><testcase classname="tests.ml_features.test_shap_explainer.TestSHAPExplanation" name="test_get_negative_contributors" time="0.000" /><testcase classname="tests.ml_features.test_shap_explainer.TestSHAPExplanation" name="test_to_narrative" time="0.000" /><testcase classname="tests.ml_features.test_shap_explainer.TestSHAPExplanation" name="test_to_dict_serialization" time="0.000" /><testcase classname="tests.ml_features.test_shap_explainer.TestModelType" name="test_model_types" time="0.000" /><testcase classname="tests.ml_features.test_shap_explainer.TestSHAPExplainer" name="test_initialization" time="0.000" /><testcase classname="tests.ml_features.test_shap_explainer.TestSHAPExplainer" name="test_initialization_no_cache" time="0.000" /><testcase classname="tests.ml_features.test_shap_explainer.TestSHAPExplainer" name="test_explain_prediction_mock_fallback" time="0.001" /><testcase classname="tests.ml_features.test_shap_explainer.TestSHAPExplainer" name="test_explain_prediction_with_numpy" time="0.001" /><testcase classname="tests.ml_features.test_shap_explainer.TestSHAPExplainer" name="test_get_latest_explanation" time="0.000" /><testcase classname="tests.ml_features.test_shap_explainer.TestSHAPExplainer" name="test_clear_cache" time="0.000" /><testcase classname="tests.ml_features.test_shap_explainer.TestSHAPExplainer" name="test_infer_model_type_tree" time="0.000" /><testcase classname="tests.ml_features.test_shap_explainer.TestSHAPExplainer" name="test_infer_model_type_deep" time="0.000" /><testcase classname="tests.ml_features.test_shap_explainer.TestSHAPExplainer" name="test_infer_model_type_linear" time="0.000" /><testcase classname="tests.ml_features.test_shap_explainer.TestExplainEnsemble" name="test_explain_ensemble_basic" time="0.001" /><testcase classname="tests.ml_features.test_shap_explainer.TestExplainEnsemble" name="test_explain_ensemble_with_weights" time="0.002" /><testcase classname="tests.ml_features.test_shap_explainer.TestSingletonPattern" name="test_get_shap_explainer_returns_instance" time="0.000" /><testcase classname="tests.ml_features.test_shap_explainer.TestSingletonPattern" name="test_explain_prediction_convenience_function" time="0.001" /><testcase classname="tests.ml_features.test_shap_explainer.TestEdgeCases" name="test_single_feature" time="0.001" /><testcase classname="tests.ml_features.test_shap_explainer.TestEdgeCases" name="test_many_features" time="0.001" /><testcase classname="tests.ml_features.test_shap_explainer.TestEdgeCases" name="test_batch_input" time="0.001" /><testcase classname="tests.monitor.test_health_endpoints_rate_limit.TestTokenBucketRateLimiter" name="test_allows_requests_under_limit" time="0.000" /><testcase classname="tests.monitor.test_health_endpoints_rate_limit.TestTokenBucketRateLimiter" name="test_blocks_requests_over_limit" time="0.000" /><testcase classname="tests.monitor.test_health_endpoints_rate_limit.TestTokenBucketRateLimiter" name="test_allows_requests_after_window_expires" time="1.101" /><testcase classname="tests.monitor.test_health_endpoints_rate_limit.TestTokenBucketRateLimiter" name="test_get_retry_after" time="0.000" /><testcase classname="tests.monitor.test_health_endpoints_rate_limit.TestRateLimitingEnabled" name="test_disabled_in_paper_mode" time="0.001" /><testcase classname="tests.monitor.test_health_endpoints_rate_limit.TestRateLimitingEnabled" name="test_enabled_in_live_mode" time="0.001" /><testcase classname="tests.monitor.test_health_endpoints_rate_limit.TestGetMetricsRateLimiter" name="test_returns_same_instance" time="0.000" /><testcase classname="tests.monitor.test_health_endpoints_rate_limit.TestGetMetricsRateLimiter" name="test_default_limits" time="0.000" /><testcase classname="tests.oms.test_order_state.TestOrderRecord" name="test_order_record_initialization" time="0.001" /><testcase classname="tests.oms.test_order_state.TestOrderRecord" name="test_order_record_initialization_with_new_fields" time="0.000" /><testcase classname="tests.oms.test_order_state.TestOrderRecord" name="test_update_status_only_status" time="0.000" /><testcase classname="tests.oms.test_order_state.TestOrderRecord" name="test_update_status_with_message" time="0.000" /><testcase classname="tests.oms.test_order_state.TestOrderRecord" name="test_update_status_with_fill_details" time="0.000" /><testcase classname="tests.oms.test_order_state.TestOrderRecord" name="test_update_status_all_fields" time="0.000" /><testcase classname="tests.oms.test_order_state.TestOrderRecord" name="test_order_status_enum_values" time="0.000" /><testcase classname="tests.portfolio.test_state_manager.TestStateManagerBasics" name="test_creates_directories" time="0.003" /><testcase classname="tests.portfolio.test_state_manager.TestStateManagerBasics" name="test_get_positions_empty" time="0.003" /><testcase classname="tests.portfolio.test_state_manager.TestStateManagerBasics" name="test_set_and_get_positions" time="0.013" /><testcase classname="tests.portfolio.test_state_manager.TestStateManagerBasics" name="test_update_position" time="0.021" /><testcase classname="tests.portfolio.test_state_manager.TestStateManagerBasics" name="test_remove_position" time="0.016" /><testcase classname="tests.portfolio.test_state_manager.TestStateManagerBasics" name="test_remove_nonexistent_position" time="0.004" /><testcase classname="tests.portfolio.test_state_manager.TestAtomicWrites" name="test_creates_backup_on_write" time="0.008" /><testcase classname="tests.portfolio.test_state_manager.TestAtomicWrites" name="test_write_survives_parent_dir_missing" time="0.004" /><testcase classname="tests.portfolio.test_state_manager.TestWeeklyBudget" name="test_get_weekly_budget_defaults" time="0.003" /><testcase classname="tests.portfolio.test_state_manager.TestWeeklyBudget" name="test_update_weekly_notional" time="0.020" /><testcase classname="tests.portfolio.test_state_manager.TestBrainState" name="test_get_brain_state_defaults" time="0.004" /><testcase classname="tests.portfolio.test_state_manager.TestBrainState" name="test_set_brain_state" time="0.014" /><testcase classname="tests.portfolio.test_state_manager.TestReconciliation" name="test_save_reconciliation_adds_timestamp" time="0.015" /><testcase classname="tests.portfolio.test_state_manager.TestGenericState" name="test_get_state_with_default" time="0.004" /><testcase classname="tests.portfolio.test_state_manager.TestGenericState" name="test_set_and_get_generic_state" time="0.012" /><testcase classname="tests.portfolio.test_state_manager.TestConcurrency" name="test_concurrent_writes_are_safe" time="2.510" /><testcase classname="tests.portfolio.test_state_manager.TestConcurrency" name="test_state_lock_context_manager" time="0.040" /><testcase classname="tests.portfolio.test_state_manager.TestGlobalInstance" name="test_get_state_manager_singleton" time="0.001" /><testcase classname="tests.portfolio.test_state_manager.TestGlobalInstance" name="test_reset_state_manager" time="0.002" /><testcase classname="tests.portfolio.test_state_manager.TestErrorHandling" name="test_handles_invalid_json" time="0.012" /><testcase classname="tests.risk.test_position_sizing_math.TestPositionSizingFormulas" name="test_basic_risk_calculation" time="0.001" /><testcase classname="tests.risk.test_position_sizing_math.TestPositionSizingFormulas" name="test_notional_cap_kicks_in" time="0.000" /><testcase classname="tests.risk.test_position_sizing_math.TestPositionSizingFormulas" name="test_risk_cap_wins_over_notional" time="0.000" /><testcase classname="tests.risk.test_position_sizing_math.TestPositionSizingFormulas" name="test_tight_stop_gives_more_shares" time="0.000" /><testcase classname="tests.risk.test_position_sizing_math.TestPositionSizingFormulas" name="test_high_price_stock_limited" time="0.000" /><testcase classname="tests.risk.test_position_sizing_math.TestPositionSizingFormulas" name="test_minimum_shares_enforced" time="0.000" /><testcase classname="tests.risk.test_position_sizing_math.TestPositionSizingFormulas" name="test_zero_equity_returns_minimum" time="0.000" /><testcase classname="tests.risk.test_position_sizing_math.TestCognitiveMultiplier" name="test_full_confidence_no_reduction" time="0.000" /><testcase classname="tests.risk.test_position_sizing_math.TestCognitiveMultiplier" name="test_half_confidence_halves_position" time="0.000" /><testcase classname="tests.risk.test_position_sizing_math.TestCognitiveMultiplier" name="test_low_confidence_significantly_reduces" time="0.000" /><testcase classname="tests.risk.test_position_sizing_math.TestKellyIntegration" name="test_kelly_reduces_when_indicated" time="0.000" /><testcase classname="tests.risk.test_position_sizing_math.TestKellyIntegration" name="test_kelly_disabled_gives_standard" time="0.000" /><testcase classname="tests.risk.test_position_sizing_math.TestEdgeCases" name="test_entry_equals_stop_fallback" time="0.000" /><testcase classname="tests.risk.test_position_sizing_math.TestEdgeCases" name="test_very_tight_stop_capped_by_notional" time="0.000" /><testcase classname="tests.risk.test_position_sizing_math.TestEdgeCases" name="test_format_summary_output" time="0.000" /><testcase classname="tests.scripts.test_preflight_live.TestCheckKillSwitch" name="test_passes_when_inactive" time="0.001" /><testcase classname="tests.scripts.test_preflight_live.TestCheckKillSwitch" name="test_fails_when_active" time="0.001" /><testcase classname="tests.scripts.test_preflight_live.TestCheckBrokerKeys" name="test_passes_with_both_keys" time="0.001" /><testcase classname="tests.scripts.test_preflight_live.TestCheckBrokerKeys" name="test_fails_with_missing_key" time="0.001" /><testcase classname="tests.scripts.test_preflight_live.TestCheckWebhookHmac" name="test_passes_with_valid_secret" time="0.001" /><testcase classname="tests.scripts.test_preflight_live.TestCheckWebhookHmac" name="test_fails_with_short_secret" time="0.001" /><testcase classname="tests.scripts.test_preflight_live.TestCheckWebhookHmac" name="test_fails_with_no_secret" time="0.001" /><testcase classname="tests.scripts.test_preflight_live.TestRunPreflight" name="test_includes_hmac_check_for_live_mode" time="0.002" /><testcase classname="tests.scripts.test_preflight_live.TestRunPreflight" name="test_skips_hmac_check_for_paper_mode" time="0.002" /><testcase classname="tests.scripts.test_preflight_live.TestRunPreflight" name="test_report_counts_blocking_failures" time="0.000" /><testcase classname="tests.scripts.test_preflight_live.TestRunPreflight" name="test_report_to_dict" time="0.000" /><testcase classname="tests.security.test_live_bypass.TestLiveBypassPrevention" name="test_live_blocked_without_all_flags" time="0.925" /><testcase classname="tests.security.test_live_bypass.TestLiveBypassPrevention" name="test_live_blocked_with_wrong_ack_token" time="0.001" /><testcase classname="tests.security.test_live_bypass.TestLiveBypassPrevention" name="test_paper_allowed_without_live_flags" time="0.000" /><testcase classname="tests.security.test_live_bypass.TestLiveBypassPrevention" name="test_paper_blocked_when_kill_switch_active" time="0.001" /><testcase classname="tests.security.test_live_bypass.TestLiveBypassPrevention" name="test_require_safety_gate_raises_on_live" time="0.001" /><testcase classname="tests.security.test_live_bypass.TestLiveBypassPrevention" name="test_decorator_blocks_live_orders" time="0.001" /><testcase classname="tests.security.test_live_bypass.TestLiveBypassPrevention" name="test_all_six_flags_must_pass_for_live" time="0.000" /><testcase classname="tests.security.test_live_bypass.TestDirectAPIBypassPrevention" name="test_scripts_position_manager_uses_gate" time="0.001" /><testcase classname="tests.security.test_live_bypass.TestDirectAPIBypassPrevention" name="test_options_order_router_uses_gate" time="0.001" /><testcase classname="tests.security.test_live_bypass.TestDirectAPIBypassPrevention" name="test_crypto_broker_uses_gate" time="0.001" /><testcase classname="tests.security.test_live_bypass.TestRegisteredFunctionEnforcement" name="test_registered_functions_exist" time="0.000" /><testcase classname="tests.security.test_live_bypass.TestMultipleFlagRequirement" name="test_single_flag_insufficient" time="0.002" /><testcase classname="tests.security.test_live_bypass.TestMultipleFlagRequirement" name="test_env_vars_alone_insufficient" time="0.002" /><testcase classname="tests.security.test_live_bypass.TestMultipleFlagRequirement" name="test_code_flags_alone_insufficient" time="0.000" /><testcase classname="tests.security.test_runtime_choke_enforcement.TestRuntimeChokeEnforcement" name="test_alpaca_broker_calls_gate_before_any_api" time="0.001" /><testcase classname="tests.security.test_runtime_choke_enforcement.TestRuntimeChokeEnforcement" name="test_alpaca_crypto_broker_calls_gate_before_api" time="0.001" /><testcase classname="tests.security.test_runtime_choke_enforcement.TestRuntimeChokeEnforcement" name="test_ccxt_crypto_broker_calls_gate_before_ccxt" time="0.002" /><testcase classname="tests.security.test_runtime_choke_enforcement.TestRuntimeChokeEnforcement" name="test_position_manager_calls_gate_before_alpaca_request" time="0.001" /><testcase classname="tests.security.test_runtime_choke_enforcement.TestRuntimeChokeEnforcement" name="test_options_router_calls_gate_before_execution" time="0.001" /><testcase classname="tests.security.test_runtime_choke_enforcement.TestRuntimeChokeEnforcement" name="test_paper_broker_calls_gate_even_for_simulation" time="0.001" /><testcase classname="tests.security.test_runtime_choke_enforcement.TestKillSwitchBlocking" name="test_kill_switch_blocks_paper_orders" time="0.001" /><testcase classname="tests.security.test_runtime_choke_enforcement.TestKillSwitchBlocking" name="test_kill_switch_blocks_live_orders" time="0.001" /><testcase classname="tests.security.test_runtime_choke_enforcement.TestIdempotencyAndLogging" name="test_gate_logs_on_allowed" time="0.001" /><testcase classname="tests.security.test_runtime_choke_enforcement.TestIdempotencyAndLogging" name="test_gate_logs_on_blocked" time="0.001" /><testcase classname="tests.security.test_runtime_choke_enforcement.TestCallOrderVerification" name="test_gate_called_before_order_creation" time="0.001" /><testcase classname="tests.security.test_runtime_choke_enforcement.TestAllBrokersHaveGate" name="test_all_brokers_import_safety_gate" time="0.001" /><testcase classname="tests.strategies.test_signal_behavior.TestIbsRsiSignalBehavior" name="test_ibs_rsi_triggers_on_extreme_oversold" time="0.057" /><testcase classname="tests.strategies.test_signal_behavior.TestIbsRsiSignalBehavior" name="test_no_signal_when_ibs_too_high" time="0.026" /><testcase classname="tests.strategies.test_signal_behavior.TestIbsRsiSignalBehavior" name="test_no_signal_below_min_price" time="0.025" /><testcase classname="tests.strategies.test_signal_behavior.TestIbsRsiSignalBehavior" name="test_no_signal_below_sma200" time="0.039" /><testcase classname="tests.strategies.test_signal_behavior.TestTurtleSoupSignalBehavior" name="test_turtle_soup_triggers_on_liquidity_sweep" time="0.135" /><testcase classname="tests.strategies.test_signal_behavior.TestTurtleSoupSignalBehavior" name="test_no_signal_without_revert" time="0.129" /><testcase classname="tests.strategies.test_signal_behavior.TestTurtleSoupSignalBehavior" name="test_no_signal_weak_sweep" time="0.128" /><testcase classname="tests.strategies.test_signal_behavior.TestSignalOutputSchema" name="test_signal_has_required_columns" time="0.026" /><testcase classname="tests.strategies.test_signal_behavior.TestSignalOutputSchema" name="test_stop_loss_calculation" time="0.026" /><testcase classname="tests.strategies.test_signal_behavior.TestVixFilterBehavior" name="test_vix_blocks_when_high" time="0.034" /><testcase classname="tests.strategies.test_signal_behavior.TestVixFilterBehavior" name="test_vix_allows_when_low" time="0.039" /><testcase classname="tests.test_autonomous_config.TestConfigExists" name="test_autonomous_yaml_exists" time="0.000" /><testcase classname="tests.test_autonomous_config.TestConfigLoading" name="test_load_autonomous_config" time="0.018" /><testcase classname="tests.test_autonomous_config.TestConfigLoading" name="test_brain_section_exists" time="0.017" /><testcase classname="tests.test_autonomous_config.TestConfigLoading" name="test_scheduler_section_exists" time="0.017" /><testcase classname="tests.test_autonomous_config.TestConfigLoading" name="test_awareness_section_exists" time="0.017" /><testcase classname="tests.test_autonomous_config.TestConfigLoading" name="test_pipelines_section_exists" time="0.017" /><testcase classname="tests.test_autonomous_config.TestConfigLoading" name="test_safety_section_exists" time="0.017" /><testcase classname="tests.test_autonomous_config.TestConfigValues" name="test_cycle_interval_is_60" time="0.017" /><testcase classname="tests.test_autonomous_config.TestConfigValues" name="test_paper_only_is_true" time="0.017" /><testcase classname="tests.test_autonomous_config.TestConfigValues" name="test_all_phases_defined" time="0.017" /><testcase classname="tests.test_autonomous_config.TestConfigValues" name="test_weekend_mode_enabled" time="0.017" /><testcase classname="tests.test_autonomous_run.TestKobeRunnerImport" name="test_import_kobe_runner" time="0.000" /><testcase classname="tests.test_autonomous_run.TestKobeRunnerImport" name="test_import_main" time="0.000" /><testcase classname="tests.test_autonomous_run.TestKobeRunnerInstantiation" name="test_create_runner" time="0.001" /><testcase classname="tests.test_autonomous_run.TestKobeRunnerInstantiation" name="test_runner_has_commands" time="0.001" /><testcase classname="tests.test_autonomous_run.TestStatusCommand" name="test_status_returns_int" time="0.245" /><testcase classname="tests.test_autonomous_run.TestAwarenessCommand" name="test_awareness_returns_int" time="0.247" /><testcase classname="tests.test_autonomous_run.TestTourCommand" name="test_tour_returns_int" time="5.003" /><testcase classname="tests.test_autonomous_run.TestHelperMethods" name="test_check_already_running" time="0.009" /><testcase classname="tests.test_autonomous_run.TestHelperMethods" name="test_pid_file_path" time="0.001" /><testcase classname="tests.test_backtest_enhanced.TestVectorizedBacktester" name="test_import" time="0.000" /><testcase classname="tests.test_backtest_enhanced.TestVectorizedBacktester" name="test_basic_backtest" time="0.461" /><testcase classname="tests.test_backtest_enhanced.TestVectorizedBacktester" name="test_empty_signals" time="0.029" /><testcase classname="tests.test_backtest_enhanced.TestVectorizedBacktester" name="test_empty_data" time="0.001" /><testcase classname="tests.test_backtest_enhanced.TestVectorizedBacktester" name="test_metrics_calculation" time="0.050" /><testcase classname="tests.test_backtest_enhanced.TestVectorizedBacktester" name="test_to_dict" time="0.050" /><testcase classname="tests.test_backtest_enhanced.TestVectorizedNumba" name="test_compute_drawdown" time="0.000" /><testcase classname="tests.test_backtest_enhanced.TestVectorizedNumba" name="test_check_stops" time="0.038" /><testcase classname="tests.test_backtest_enhanced.TestDataVersioner" name="test_import" time="0.000" /><testcase classname="tests.test_backtest_enhanced.TestDataVersioner" name="test_register_data" time="0.010" /><testcase classname="tests.test_backtest_enhanced.TestDataVersioner" name="test_create_snapshot" time="0.012" /><testcase classname="tests.test_backtest_enhanced.TestDataVersioner" name="test_list_versions" time="0.017" /><testcase classname="tests.test_backtest_enhanced.TestExperimentTracker" name="test_import" time="0.000" /><testcase classname="tests.test_backtest_enhanced.TestExperimentTracker" name="test_create_experiment" time="3.090" /><testcase classname="tests.test_backtest_enhanced.TestExperimentTracker" name="test_experiment_manifest" time="2.973" /><testcase classname="tests.test_backtest_enhanced.TestExperimentTracker" name="test_list_experiments" time="6.425" /><testcase classname="tests.test_backtest_enhanced.TestBacktestPlotter" name="test_import" time="0.001" /><testcase classname="tests.test_backtest_enhanced.TestBacktestPlotter" name="test_create_plotter" time="0.002" /><testcase classname="tests.test_backtest_enhanced.TestBacktestPlotter" name="test_plot_equity_static" time="0.848" /><testcase classname="tests.test_backtest_enhanced.TestBacktestPlotter" name="test_plot_trades_static" time="0.045" /><testcase classname="tests.test_backtest_enhanced.TestBacktestPlotter" name="test_plot_monthly_returns" time="0.035" /><testcase classname="tests.test_backtest_enhanced.TestMonteCarloSimulator" name="test_import" time="0.000" /><testcase classname="tests.test_backtest_enhanced.TestMonteCarloSimulator" name="test_basic_simulation" time="0.043" /><testcase classname="tests.test_backtest_enhanced.TestMonteCarloSimulator" name="test_confidence_intervals" time="0.040" /><testcase classname="tests.test_backtest_enhanced.TestMonteCarloSimulator" name="test_risk_of_ruin" time="0.006" /><testcase classname="tests.test_backtest_enhanced.TestMonteCarloSimulator" name="test_optimal_f" time="0.002" /><testcase classname="tests.test_backtest_enhanced.TestMonteCarloSimulator" name="test_summary" time="0.003" /><testcase classname="tests.test_backtest_enhanced.TestMonteCarloSimulator" name="test_to_dict" time="0.003" /><testcase classname="tests.test_backtest_enhanced.TestMonteCarloConvenienceFunction" name="test_run_analysis" time="0.004" /><testcase classname="tests.test_backtest_enhanced.TestBacktestIntegration" name="test_module_imports" time="0.000" /><testcase classname="tests.test_backtest_enhanced.TestBacktestIntegration" name="test_vectorized_to_monte_carlo_pipeline" time="0.054" /><testcase classname="tests.test_backtest_enhanced.TestBacktestIntegration" name="test_experiment_tracking_with_backtest" time="3.124" /><testcase classname="tests.test_bounce.TestStreakAnalyzer" name="test_calculate_streaks_basic" time="0.154" /><testcase classname="tests.test_bounce.TestStreakAnalyzer" name="test_calculate_streaks_no_down_days" time="0.002" /><testcase classname="tests.test_bounce.TestStreakAnalyzer" name="test_calculate_streaks_all_down" time="0.002" /><testcase classname="tests.test_bounce.TestBounceScore" name="test_calculate_bounce_score_perfect" time="0.000" /><testcase classname="tests.test_bounce.TestBounceScore" name="test_calculate_bounce_score_poor" time="0.000" /><testcase classname="tests.test_bounce.TestBounceScore" name="test_calculate_bounce_score_bounds" time="0.000" /><testcase classname="tests.test_bounce.TestBounceGates" name="test_apply_bounce_gates_pass" time="0.000" /><testcase classname="tests.test_bounce.TestBounceGates" name="test_apply_bounce_gates_low_sample" time="0.000" /><testcase classname="tests.test_bounce.TestBounceGates" name="test_apply_bounce_gates_low_recovery" time="0.000" /><testcase classname="tests.test_bounce.TestBounceGates" name="test_apply_bounce_gates_slow_recovery" time="0.000" /><testcase classname="tests.test_bounce.TestValidation" name="test_verify_no_lookahead_clean_data" time="0.002" /><testcase classname="tests.test_bounce.TestStrategyIntegration" name="test_get_bounce_profile_structure" time="0.001" /><testcase classname="tests.test_bounce.TestDataLoader" name="test_normalize_columns" time="0.001" /><testcase classname="tests.test_bounce.TestEventTable" name="test_compute_overall_summary_structure" time="0.009" /><testcase classname="tests.test_broker_liquidity_integration.TestLiquidityGateIntegration" name="test_get_liquidity_gate_creates_default" time="0.001" /><testcase classname="tests.test_broker_liquidity_integration.TestLiquidityGateIntegration" name="test_set_liquidity_gate" time="0.001" /><testcase classname="tests.test_broker_liquidity_integration.TestLiquidityGateIntegration" name="test_liquidity_gate_always_enabled" time="0.002" /><testcase classname="tests.test_broker_liquidity_integration.TestCheckLiquidityForOrder" name="test_check_passes_good_stock" time="0.002" /><testcase classname="tests.test_broker_liquidity_integration.TestCheckLiquidityForOrder" name="test_check_fails_low_volume" time="0.002" /><testcase classname="tests.test_broker_liquidity_integration.TestCheckLiquidityForOrder" name="test_check_fails_wide_spread" time="0.002" /><testcase classname="tests.test_broker_liquidity_integration.TestCheckLiquidityForOrder" name="test_check_fails_no_quote" time="0.001" /><testcase classname="tests.test_broker_liquidity_integration.TestPlaceOrderWithLiquidityCheck" name="test_places_order_when_liquidity_passes" time="0.474" /><testcase classname="tests.test_broker_liquidity_integration.TestPlaceOrderWithLiquidityCheck" name="test_blocks_order_when_liquidity_fails" time="0.377" /><testcase classname="tests.test_broker_liquidity_integration.TestExecuteSignal" name="test_full_execution_flow" time="0.381" /><testcase classname="tests.test_broker_liquidity_integration.TestExecuteSignal" name="test_rejects_when_no_quote" time="0.484" /><testcase classname="tests.test_broker_liquidity_integration.TestExecuteSignal" name="test_skips_liquidity_when_param_false" time="0.376" /><testcase classname="tests.test_broker_liquidity_integration.TestOrderResult" name="test_success_when_submitted" time="0.001" /><testcase classname="tests.test_broker_liquidity_integration.TestOrderResult" name="test_not_success_when_rejected" time="0.002" /><testcase classname="tests.test_broker_liquidity_integration.TestOrderResult" name="test_not_success_when_blocked" time="0.001" /><testcase classname="tests.test_cognitive_system.TestGlobalWorkspace" name="test_import" time="0.000" /><testcase classname="tests.test_cognitive_system.TestGlobalWorkspace" name="test_publish_subscribe" time="0.000" /><testcase classname="tests.test_cognitive_system.TestGlobalWorkspace" name="test_working_memory" time="0.000" /><testcase classname="tests.test_cognitive_system.TestSelfModel" name="test_import" time="0.000" /><testcase classname="tests.test_cognitive_system.TestSelfModel" name="test_record_trade_outcome" time="0.013" /><testcase classname="tests.test_cognitive_system.TestSelfModel" name="test_record_limitation" time="0.003" /><testcase classname="tests.test_cognitive_system.TestMetacognitiveGovernor" name="test_import" time="0.000" /><testcase classname="tests.test_cognitive_system.TestMetacognitiveGovernor" name="test_routing_fast_path" time="0.001" /><testcase classname="tests.test_cognitive_system.TestMetacognitiveGovernor" name="test_routing_stand_down" time="0.000" /><testcase classname="tests.test_cognitive_system.TestEpisodicMemory" name="test_import" time="0.000" /><testcase classname="tests.test_cognitive_system.TestEpisodicMemory" name="test_episode_lifecycle" time="0.001" /><testcase classname="tests.test_cognitive_system.TestSemanticMemory" name="test_import" time="0.000" /><testcase classname="tests.test_cognitive_system.TestSemanticMemory" name="test_add_and_query_rule" time="0.002" /><testcase classname="tests.test_cognitive_system.TestKnowledgeBoundary" name="test_import" time="0.000" /><testcase classname="tests.test_cognitive_system.TestKnowledgeBoundary" name="test_uncertainty_detection" time="0.001" /><testcase classname="tests.test_cognitive_system.TestKnowledgeBoundary" name="test_what_would_change_mind" time="0.000" /><testcase classname="tests.test_cognitive_system.TestReflectionEngine" name="test_import" time="0.000" /><testcase classname="tests.test_cognitive_system.TestReflectionEngine" name="test_introspect" time="0.000" /><testcase classname="tests.test_cognitive_system.TestCuriosityEngine" name="test_import" time="0.000" /><testcase classname="tests.test_cognitive_system.TestCuriosityEngine" name="test_hypothesis_generation" time="0.051" /><testcase classname="tests.test_cognitive_system.TestCuriosityEngine" name="test_get_stats" time="0.051" /><testcase classname="tests.test_cognitive_system.TestCognitiveBrain" name="test_import" time="0.000" /><testcase classname="tests.test_cognitive_system.TestCognitiveBrain" name="test_initialization" time="0.000" /><testcase classname="tests.test_cognitive_system.TestCognitiveBrain" name="test_deliberate" time="0.002" /><testcase classname="tests.test_cognitive_system.TestCognitiveBrain" name="test_get_status" time="0.053" /><testcase classname="tests.test_cognitive_system.TestCognitiveBrain" name="test_introspect" time="0.052" /><testcase classname="tests.test_cognitive_system.TestIntegration" name="test_full_decision_cycle" time="0.232" /><testcase classname="tests.test_cognitive_system.TestIntegration" name="test_cognitive_package_import" time="0.001" /><testcase classname="tests.test_cognitive_system.TestSignalProcessor" name="test_import" time="0.000" /><testcase classname="tests.test_cognitive_system.TestSignalProcessor" name="test_create_processor" time="0.000" /><testcase classname="tests.test_cognitive_system.TestSignalProcessor" name="test_evaluate_signals" time="1.114" /><testcase classname="tests.test_cognitive_system.TestSignalProcessor" name="test_get_cognitive_status" time="0.001" /><testcase classname="tests.test_data_lake.TestComputeDatasetId" name="test_deterministic_id" time="0.008" /><testcase classname="tests.test_data_lake.TestComputeDatasetId" name="test_different_inputs_different_ids" time="0.002" /><testcase classname="tests.test_data_lake.TestComputeDatasetId" name="test_id_format" time="0.008" /><testcase classname="tests.test_data_lake.TestComputeFileHash" name="test_sha256_hash" time="0.007" /><testcase classname="tests.test_data_lake.TestComputeFileHash" name="test_same_content_same_hash" time="0.010" /><testcase classname="tests.test_data_lake.TestDatasetManifest" name="test_manifest_creation" time="0.000" /><testcase classname="tests.test_data_lake.TestDatasetManifest" name="test_manifest_to_dict" time="0.000" /><testcase classname="tests.test_data_lake.TestFileRecord" name="test_file_record_creation" time="0.000" /><testcase classname="tests.test_data_quality.TestDataQualityGate" name="test_validate_good_data" time="0.090" /><testcase classname="tests.test_data_quality.TestDataQualityGate" name="test_detect_gaps" time="0.029" /><testcase classname="tests.test_data_quality.TestDataQualityGate" name="test_detect_ohlc_violations" time="0.040" /><testcase classname="tests.test_data_quality.TestDataQualityGate" name="test_insufficient_history" time="0.011" /><testcase classname="tests.test_data_quality.TestDataQualityGate" name="test_coverage_calculation" time="0.123" /><testcase classname="tests.test_data_quality.TestDataQualityGate" name="test_quick_check_pass" time="0.620" /><testcase classname="tests.test_data_quality.TestDataQualityGate" name="test_quick_check_fail_empty" time="0.002" /><testcase classname="tests.test_data_quality.TestDataQualityGate" name="test_quick_check_fail_missing_columns" time="0.002" /><testcase classname="tests.test_data_quality.TestDataQualityRequirements" name="test_default_requirements" time="0.000" /><testcase classname="tests.test_data_quality.TestDataQualityRequirements" name="test_custom_requirements" time="0.000" /><testcase classname="tests.test_data_quality.TestDataQualityReport" name="test_report_to_dict" time="0.000" /><testcase classname="tests.test_data_quality.TestDataQualityReport" name="test_report_save_load" time="0.010" /><testcase classname="tests.test_data_quality.TestConvenienceFunction" name="test_validate_dataframe" time="0.092" /><testcase classname="tests.test_data_quality.TestConvenienceFunction" name="test_missing_args_raises" time="0.001" /><testcase classname="tests.test_enhanced_brain_integration.TestEnhancedResearchEngine" name="test_initialization" time="0.002" /><testcase classname="tests.test_enhanced_brain_integration.TestEnhancedResearchEngine" name="test_vectorbt_alpha_sweep_interface" time="2.034" /><testcase classname="tests.test_enhanced_brain_integration.TestEnhancedResearchEngine" name="test_alphalens_validation_interface" time="0.002" /><testcase classname="tests.test_enhanced_brain_integration.TestEnhancedResearchEngine" name="test_get_top_alphas" time="0.002" /><testcase classname="tests.test_enhanced_brain_integration.TestEnhancedResearchEngine" name="test_enhanced_summary" time="0.002" /><testcase classname="tests.test_enhanced_brain_integration.TestEnhancedAutonomousBrain" name="test_initialization" time="0.079" /><testcase classname="tests.test_enhanced_brain_integration.TestEnhancedAutonomousBrain" name="test_enhanced_research_engine_integration" time="0.063" /><testcase classname="tests.test_enhanced_brain_integration.TestEnhancedAutonomousBrain" name="test_langgraph_initialization" time="0.394" /><testcase classname="tests.test_enhanced_brain_integration.TestEnhancedAutonomousBrain" name="test_rag_evaluator_initialization" time="0.062" /><testcase classname="tests.test_enhanced_brain_integration.TestEnhancedAutonomousBrain" name="test_enhanced_status" time="0.333" /><testcase classname="tests.test_enhanced_brain_integration.TestEnhancedAutonomousBrain" name="test_discovery_checking" time="0.098" /><testcase classname="tests.test_enhanced_brain_integration.TestEnhancedAutonomousBrain" name="test_single_cycle" time="3.266" /><testcase classname="tests.test_enhanced_brain_integration.TestBrainGraphIntegration" name="test_brain_graph_singleton" time="0.000" /><testcase classname="tests.test_enhanced_brain_integration.TestBrainGraphIntegration" name="test_brain_cycle_with_langgraph" time="181.545" /><testcase classname="tests.test_enhanced_brain_integration.TestRAGEvaluatorIntegration" name="test_rag_evaluator_singleton" time="0.000" /><testcase classname="tests.test_enhanced_brain_integration.TestRAGEvaluatorIntegration" name="test_explanation_generation" time="0.007" /><testcase classname="tests.test_enhanced_brain_integration.TestAlphaResearchIntegration" name="test_integration_singleton" time="0.000" /><testcase classname="tests.test_enhanced_brain_integration.TestAlphaResearchIntegration" name="test_integration_summary" time="0.001" /><testcase classname="tests.test_enhanced_brain_integration.TestEndToEndIntegration" name="test_enhanced_brain_full_cycle" time="3.089" /><testcase classname="tests.test_enhanced_brain_integration.TestEndToEndIntegration" name="test_discovery_alerting" time="0.103" /><testcase classname="tests.test_enhanced_brain_integration" name="test_package_imports" time="0.000" /><testcase classname="tests.test_experiments.TestExperimentConfig" name="test_config_creation" time="0.000" /><testcase classname="tests.test_experiments.TestExperimentConfig" name="test_config_hash_deterministic" time="0.000" /><testcase classname="tests.test_experiments.TestExperimentConfig" name="test_different_configs_different_hash" time="0.000" /><testcase classname="tests.test_experiments.TestExperimentConfig" name="test_to_backtest_args" time="0.000" /><testcase classname="tests.test_experiments.TestExperimentResults" name="test_results_creation" time="0.000" /><testcase classname="tests.test_experiments.TestExperimentResults" name="test_results_hash" time="0.000" /><testcase classname="tests.test_experiments.TestExperimentResults" name="test_same_results_same_hash" time="0.000" /><testcase classname="tests.test_experiments.TestExperimentRegistry" name="test_register_experiment" time="0.040" /><testcase classname="tests.test_experiments.TestExperimentRegistry" name="test_get_experiment" time="0.039" /><testcase classname="tests.test_experiments.TestExperimentRegistry" name="test_record_results" time="0.035" /><testcase classname="tests.test_experiments.TestExperimentRegistry" name="test_list_experiments" time="0.068" /><testcase classname="tests.test_experiments.TestExperimentRegistry" name="test_list_experiments_filter_strategy" time="0.067" /><testcase classname="tests.test_experiments.TestExperimentRegistry" name="test_get_config" time="0.035" /><testcase classname="tests.test_experiments.TestExperimentRegistry" name="test_persistence" time="0.043" /><testcase classname="tests.test_experiments.TestExperimentRegistry" name="test_verify_reproducibility" time="0.035" /><testcase classname="tests.test_integration_pipeline.TestFullIntegrationPipeline" name="test_full_pipeline_execution_basic" time="0.000" /><testcase classname="tests.test_integration_pipeline.TestFullIntegrationPipeline" name="test_full_pipeline_rejection_by_cognitive_brain" time="0.001" /><testcase classname="tests.test_liquidity_gate.TestLiquidityGate" name="test_initialization" time="0.000" /><testcase classname="tests.test_liquidity_gate.TestLiquidityGate" name="test_custom_thresholds" time="0.000" /><testcase classname="tests.test_liquidity_gate.TestLiquidityGate" name="test_pass_good_liquidity" time="0.000" /><testcase classname="tests.test_liquidity_gate.TestLiquidityGate" name="test_fail_insufficient_adv" time="0.000" /><testcase classname="tests.test_liquidity_gate.TestLiquidityGate" name="test_fail_wide_spread" time="0.000" /><testcase classname="tests.test_liquidity_gate.TestLiquidityGate" name="test_fail_large_order_impact" time="0.000" /><testcase classname="tests.test_liquidity_gate.TestLiquidityGate" name="test_fail_missing_quote" time="0.000" /><testcase classname="tests.test_liquidity_gate.TestLiquidityGate" name="test_multiple_issues" time="0.000" /><testcase classname="tests.test_liquidity_gate.TestLiquidityGate" name="test_non_strict_mode" time="0.000" /><testcase classname="tests.test_liquidity_gate.TestLiquidityGate" name="test_spread_calculation" time="0.000" /><testcase classname="tests.test_liquidity_gate.TestLiquidityGate" name="test_adv_calculation" time="0.000" /><testcase classname="tests.test_liquidity_gate.TestLiquidityGate" name="test_order_pct_calculation" time="0.000" /><testcase classname="tests.test_liquidity_gate.TestLiquidityGate" name="test_stats_tracking" time="0.000" /><testcase classname="tests.test_liquidity_gate.TestLiquidityGate" name="test_reset_history" time="0.000" /><testcase classname="tests.test_liquidity_gate.TestConvenienceFunctions" name="test_check_liquidity" time="0.000" /><testcase classname="tests.test_liquidity_gate.TestConvenienceFunctions" name="test_get_liquidity_gate" time="0.000" /><testcase classname="tests.test_liquidity_gate.TestLiquidityCheck" name="test_to_dict" time="0.000" /><testcase classname="tests.test_macro_providers.TestFREDMacroProvider" name="test_init_without_api_key" time="0.002" /><testcase classname="tests.test_macro_providers.TestFREDMacroProvider" name="test_init_with_api_key" time="0.001" /><testcase classname="tests.test_macro_providers.TestFREDMacroProvider" name="test_get_series_cached" time="0.011" /><testcase classname="tests.test_macro_providers.TestFREDMacroProvider" name="test_get_yield_curve" time="0.002" /><testcase classname="tests.test_macro_providers.TestFREDMacroProvider" name="test_get_yield_curve_slope" time="0.001" /><testcase classname="tests.test_macro_providers.TestFREDMacroProvider" name="test_get_macro_regime" time="0.001" /><testcase classname="tests.test_macro_providers.TestTreasuryYieldProvider" name="test_init" time="0.004" /><testcase classname="tests.test_macro_providers.TestTreasuryYieldProvider" name="test_calculate_spreads" time="0.001" /><testcase classname="tests.test_macro_providers.TestTreasuryYieldProvider" name="test_detect_inversions" time="0.001" /><testcase classname="tests.test_macro_providers.TestTreasuryYieldProvider" name="test_classify_curve_shape" time="0.001" /><testcase classname="tests.test_macro_providers.TestCFTCCOTProvider" name="test_init" time="0.001" /><testcase classname="tests.test_macro_providers.TestCFTCCOTProvider" name="test_calculate_percentile" time="0.001" /><testcase classname="tests.test_macro_providers.TestCFTCCOTProvider" name="test_aggregate_sentiment" time="0.001" /><testcase classname="tests.test_macro_providers.TestMacroFeatureGenerator" name="test_init" time="0.002" /><testcase classname="tests.test_macro_providers.TestMacroFeatureGenerator" name="test_yield_curve_features_mock" time="0.001" /><testcase classname="tests.test_macro_providers.TestMacroFeatureGenerator" name="test_feature_count" time="0.002" /><testcase classname="tests.test_macro_providers.TestMacroFeatureGenerator" name="test_caching" time="0.000" /><testcase classname="tests.test_macro_providers.TestConvenienceFunctions" name="test_get_fred_provider" time="0.000" /><testcase classname="tests.test_macro_providers.TestConvenienceFunctions" name="test_get_treasury_provider" time="0.001" /><testcase classname="tests.test_macro_providers.TestConvenienceFunctions" name="test_get_cot_provider" time="0.000" /><testcase classname="tests.test_optimizer_proof.TestParameterGrid" name="test_combo_grid_count" time="0.009" /><testcase classname="tests.test_optimizer_proof.TestNoLookahead" name="test_no_lookahead_entry" time="0.003" /><testcase classname="tests.test_optimizer_proof.TestWilsonCI" name="test_wilson_ci_matches_reference" time="0.001" /><testcase classname="tests.test_optimizer_proof.TestWilsonCI" name="test_wilson_ci_edge_cases" time="0.001" /><testcase classname="tests.test_optimizer_proof.TestBinomialPValue" name="test_binomial_pvalue_correct" time="0.001" /><testcase classname="tests.test_optimizer_proof.TestBinomialPValue" name="test_binomial_pvalue_edge_cases" time="0.001" /><testcase classname="tests.test_optimizer_proof.TestBenjaminiHochbergFDR" name="test_bh_fdr_matches_reference" time="0.000" /><testcase classname="tests.test_optimizer_proof.TestBenjaminiHochbergFDR" name="test_bh_fdr_all_significant" time="0.000" /><testcase classname="tests.test_optimizer_proof.TestBenjaminiHochbergFDR" name="test_bh_fdr_none_significant" time="0.000" /><testcase classname="tests.test_optimizer_proof.TestRecoveryMetrics" name="test_recovery_metrics_window" time="0.001" /><testcase classname="tests.test_optimizer_proof.TestRecoveryMetrics" name="test_recovery_times_calculation" time="0.008" /><testcase classname="tests.test_optimizer_proof.TestCostSensitivity" name="test_cost_sensitivity_monotonic" time="0.001" /><testcase classname="tests.test_options.TestBlackScholes" name="test_call_price_positive" time="0.000" /><testcase classname="tests.test_options.TestBlackScholes" name="test_put_price_positive" time="0.000" /><testcase classname="tests.test_options.TestBlackScholes" name="test_call_delta_range" time="0.000" /><testcase classname="tests.test_options.TestBlackScholes" name="test_put_delta_range" time="0.000" /><testcase classname="tests.test_options.TestBlackScholes" name="test_atm_delta_approximately_half" time="0.000" /><testcase classname="tests.test_options.TestBlackScholes" name="test_gamma_positive" time="0.000" /><testcase classname="tests.test_options.TestBlackScholes" name="test_theta_negative_for_long" time="0.000" /><testcase classname="tests.test_options.TestBlackScholes" name="test_put_call_parity" time="0.000" /><testcase classname="tests.test_options.TestBlackScholes" name="test_higher_vol_higher_price" time="0.000" /><testcase classname="tests.test_options.TestBlackScholes" name="test_expiry_intrinsic_value" time="0.000" /><testcase classname="tests.test_options.TestRealizedVolatility" name="test_close_to_close_vol" time="0.000" /><testcase classname="tests.test_options.TestRealizedVolatility" name="test_vol_with_floor" time="0.000" /><testcase classname="tests.test_options.TestRealizedVolatility" name="test_vol_with_cap" time="0.000" /><testcase classname="tests.test_options.TestRealizedVolatility" name="test_insufficient_data" time="0.000" /><testcase classname="tests.test_options.TestStrikeSelection" name="test_find_atm_strike" time="0.001" /><testcase classname="tests.test_options.TestStrikeSelection" name="test_find_otm_call" time="0.000" /><testcase classname="tests.test_options.TestStrikeSelection" name="test_find_otm_put" time="0.000" /><testcase classname="tests.test_options.TestStrikeSelection" name="test_delta_targeting" time="0.000" /><testcase classname="tests.test_options.TestPositionSizing" name="test_long_call_sizing" time="0.000" /><testcase classname="tests.test_options.TestPositionSizing" name="test_long_put_sizing" time="0.000" /><testcase classname="tests.test_options.TestPositionSizing" name="test_max_contracts_calculation" time="0.000" /><testcase classname="tests.test_options.TestPositionSizing" name="test_insufficient_equity" time="0.000" /><testcase classname="tests.test_options.TestPositionSizing" name="test_direction_long" time="0.000" /><testcase classname="tests.test_options.TestPositionSizing" name="test_risk_pct_enforcement" time="0.000" /><testcase classname="tests.test_options.TestConvenienceFunctions" name="test_calculate_option_price" time="0.000" /><testcase classname="tests.test_options.TestConvenienceFunctions" name="test_calculate_greeks" time="0.000" /><testcase classname="tests.test_pipelines.TestPipelineImports" name="test_import_base_pipeline" time="0.000" /><testcase classname="tests.test_pipelines.TestPipelineImports" name="test_import_universe_pipeline" time="0.000" /><testcase classname="tests.test_pipelines.TestPipelineImports" name="test_import_data_audit_pipeline" time="0.000" /><testcase classname="tests.test_pipelines.TestPipelineImports" name="test_import_discovery_pipeline" time="0.000" /><testcase classname="tests.test_pipelines.TestPipelineImports" name="test_import_spec_pipeline" time="0.000" /><testcase classname="tests.test_pipelines.TestPipelineImports" name="test_import_backtest_pipeline" time="0.000" /><testcase classname="tests.test_pipelines.TestPipelineImports" name="test_import_gates_pipeline" time="0.000" /><testcase classname="tests.test_pipelines.TestPipelineRegistry" name="test_pipeline_registry_exists" time="0.000" /><testcase classname="tests.test_pipelines.TestPipelineRegistry" name="test_pipeline_registry_has_10_pipelines" time="0.000" /><testcase classname="tests.test_pipelines.TestPipelineRegistry" name="test_get_pipeline_function" time="0.000" /><testcase classname="tests.test_pipelines.TestPipelineRegistry" name="test_get_pipeline_raises_for_unknown" time="0.000" /><testcase classname="tests.test_pipelines.TestPipelineResult" name="test_pipeline_result_creation" time="0.000" /><testcase classname="tests.test_pipelines.TestPipelineResult" name="test_pipeline_result_to_dict" time="0.000" /><testcase classname="tests.test_pipelines.TestBasePipeline" name="test_pipeline_has_required_methods" time="0.000" /><testcase classname="tests.test_pipelines.TestBasePipeline" name="test_pipeline_helper_methods" time="0.000" /><testcase classname="tests.test_research.TestFeatureExtractor" name="test_import" time="0.002" /><testcase classname="tests.test_research.TestFeatureExtractor" name="test_feature_count" time="0.000" /><testcase classname="tests.test_research.TestFeatureExtractor" name="test_extract_single_feature" time="0.007" /><testcase classname="tests.test_research.TestFeatureExtractor" name="test_extract_multiple_features" time="0.006" /><testcase classname="tests.test_research.TestFeatureExtractor" name="test_zscore_features" time="0.017" /><testcase classname="tests.test_research.TestFeatureExtractor" name="test_no_lookahead" time="0.006" /><testcase classname="tests.test_research.TestAlphaLibrary" name="test_import" time="0.000" /><testcase classname="tests.test_research.TestAlphaLibrary" name="test_alpha_count" time="0.003" /><testcase classname="tests.test_research.TestAlphaLibrary" name="test_compute_single_alpha" time="0.003" /><testcase classname="tests.test_research.TestAlphaLibrary" name="test_compute_all_alphas" time="0.003" /><testcase classname="tests.test_research.TestAlphaLibrary" name="test_alpha_categories" time="0.003" /><testcase classname="tests.test_research.TestAlphaLibrary" name="test_multi_symbol_alpha" time="0.007" /><testcase classname="tests.test_research.TestEvidenceGate" name="test_import" time="0.000" /><testcase classname="tests.test_research.TestEvidenceGate" name="test_quick_check_pass" time="0.001" /><testcase classname="tests.test_research.TestEvidenceGate" name="test_quick_check_fail" time="0.001" /><testcase classname="tests.test_research.TestEvidenceGate" name="test_full_evaluation" time="0.002" /><testcase classname="tests.test_research.TestAlphaScreener" name="test_import" time="0.001" /><testcase classname="tests.test_research.TestAlphaScreener" name="test_screen_basic" time="0.018" /><testcase classname="tests.test_research.TestAlphaScreener" name="test_leaderboard" time="0.019" /><testcase classname="tests.test_safety_mode.TestSafetyMode" name="test_paper_only_is_true" time="0.000" /><testcase classname="tests.test_safety_mode.TestSafetyMode" name="test_get_trading_mode_returns_dict" time="0.000" /><testcase classname="tests.test_safety_mode.TestSafetyMode" name="test_is_paper_mode_returns_bool" time="0.000" /><testcase classname="tests.test_safety_mode.TestSafetyMode" name="test_assert_paper_only_does_not_raise_normally" time="0.000" /><testcase classname="tests.test_safety_mode.TestSafetyMode" name="test_safety_module_exports" time="0.000" /><testcase classname="tests.test_safety_mode.TestSafetyMode" name="test_trading_mode_enum_values" time="0.000" /><testcase classname="tests.test_safety_mode.TestKillSwitch" name="test_kill_switch_detection" time="0.000" /><testcase classname="tests.test_safety_mode.TestKillSwitch" name="test_kill_switch_check_function" time="0.000" /><testcase classname="tests.test_safety_mode.TestValidateOrderAllowed" name="test_validate_order_allowed_returns_dict" time="0.001" /><testcase classname="tests.test_safety_mode.TestValidateOrderAllowed" name="test_paper_orders_allowed" time="0.000" /><testcase classname="tests.test_scanner_determinism.TestScannerDeterminism" name="test_scanner_produces_identical_output_3x" time="0.000"><skipped type="pytest.skip" message="Integration test - runs full scanner 3x (~6 min). Run manually with: pytest tests/test_scanner_determinism.py -v -m slow --run-slow">C:\Users\Owner\OneDrive\Desktop\kobe81_traderbot\tests\test_scanner_determinism.py:59: Integration test - runs full scanner 3x (~6 min). Run manually with: pytest tests/test_scanner_determinism.py -v -m slow --run-slow</skipped></testcase><testcase classname="tests.test_scanner_determinism.TestScannerDeterminism" name="test_deterministic_flag_affects_output" time="0.000"><skipped type="pytest.skip" message="Integration test - runs full scanner 3x (~6 min). Run manually with: pytest tests/test_scanner_determinism.py -v -m slow --run-slow">C:\Users\Owner\OneDrive\Desktop\kobe81_traderbot\tests\test_scanner_determinism.py:78: Integration test - runs full scanner 3x (~6 min). Run manually with: pytest tests/test_scanner_determinism.py -v -m slow --run-slow</skipped></testcase><testcase classname="tests.test_scanner_determinism.TestSortingDeterminism" name="test_sort_values_with_tiebreaker" time="0.001" /><testcase classname="tests.test_scanner_determinism.TestSortingDeterminism" name="test_set_vs_sorted_iteration" time="0.000" /><testcase classname="tests.test_scanner_determinism.TestSortingDeterminism" name="test_glob_sorted_produces_deterministic_order" time="0.003" /><testcase classname="tests.test_scanner_determinism.TestExperienceReplayDeterminism" name="test_experience_replay_seeded_sampling" time="0.001" /><testcase classname="tests.unit.test_backtest.TestBacktester" name="test_backtester_import" time="0.001" /><testcase classname="tests.unit.test_backtest.TestBacktester" name="test_backtest_config" time="0.000" /><testcase classname="tests.unit.test_backtest.TestBacktester" name="test_backtester_initialization" time="0.000" /><testcase classname="tests.unit.test_backtest.TestBacktester" name="test_backtester_empty_run" time="0.001" /><testcase classname="tests.unit.test_backtest.TestWalkForward" name="test_walk_forward_import" time="0.000" /><testcase classname="tests.unit.test_backtest.TestWalkForward" name="test_generate_splits" time="0.000" /><testcase classname="tests.unit.test_backtest.TestWalkForward" name="test_wf_split_dataclass" time="0.000" /><testcase classname="tests.unit.test_backtest.TestEquityCurve" name="test_no_trades_flat_equity" time="0.000" /><testcase classname="tests.unit.test_backtest.TestEquityCurve" name="test_winning_trade_increases_equity" time="0.000" /><testcase classname="tests.unit.test_backtest.TestEquityCurve" name="test_losing_trade_decreases_equity" time="0.000" /><testcase classname="tests.unit.test_core.TestHashChain" name="test_hash_chain_import" time="0.000" /><testcase classname="tests.unit.test_core.TestHashChain" name="test_hash_chain_append" time="0.002" /><testcase classname="tests.unit.test_core.TestHashChain" name="test_hash_chain_verification" time="0.023" /><testcase classname="tests.unit.test_core.TestHashChain" name="test_empty_chain_is_valid" time="0.003" /><testcase classname="tests.unit.test_core.TestHashChain" name="test_tamper_detection" time="0.011" /><testcase classname="tests.unit.test_core.TestStructuredLog" name="test_structured_log_import" time="0.000" /><testcase classname="tests.unit.test_core.TestStructuredLog" name="test_log_event" time="0.010" /><testcase classname="tests.unit.test_core.TestStructuredLog" name="test_log_levels" time="0.010" /><testcase classname="tests.unit.test_core.TestIdempotencyStore" name="test_idempotency_store_import" time="0.000" /><testcase classname="tests.unit.test_core.TestIdempotencyStore" name="test_store_and_check" time="0.025" /><testcase classname="tests.unit.test_core.TestIdempotencyStore" name="test_duplicate_prevention" time="0.026" /><testcase classname="tests.unit.test_core.TestIdempotencyStore" name="test_nonexistent_key_returns_none" time="0.018" /><testcase classname="tests.unit.test_data.TestPolygonProvider" name="test_provider_import" time="0.000" /><testcase classname="tests.unit.test_data.TestPolygonProvider" name="test_polygon_config_defaults" time="0.000" /><testcase classname="tests.unit.test_data.TestPolygonProvider" name="test_fetch_returns_empty_without_key" time="0.002" /><testcase classname="tests.unit.test_data.TestPolygonProvider" name="test_cache_file_naming" time="0.000" /><testcase classname="tests.unit.test_data.TestUniverseLoader" name="test_loader_import" time="0.000" /><testcase classname="tests.unit.test_data.TestUniverseLoader" name="test_load_universe_from_csv" time="0.019" /><testcase classname="tests.unit.test_data.TestUniverseLoader" name="test_universe_uppercases_symbols" time="0.010" /><testcase classname="tests.unit.test_data.TestUniverseLoader" name="test_universe_deduplication" time="0.010" /><testcase classname="tests.unit.test_data.TestUniverseLoader" name="test_universe_cap" time="0.011" /><testcase classname="tests.unit.test_data.TestUniverseLoader" name="test_nonexistent_file_returns_empty" time="0.003" /><testcase classname="tests.unit.test_data.TestUniverseLoader" name="test_fallback_to_first_column" time="0.011" /><testcase classname="tests.unit.test_data.TestDataValidation" name="test_ohlcv_data_has_required_columns" time="0.002" /><testcase classname="tests.unit.test_data.TestDataValidation" name="test_high_gte_low" time="0.002" /><testcase classname="tests.unit.test_data.TestDataValidation" name="test_high_gte_open_close" time="0.002" /><testcase classname="tests.unit.test_data.TestDataValidation" name="test_low_lte_open_close" time="0.002" /><testcase classname="tests.unit.test_data.TestDataValidation" name="test_volume_positive" time="0.002" /><testcase classname="tests.unit.test_data.TestDataValidation" name="test_no_missing_values" time="0.002" /><testcase classname="tests.unit.test_decision_packet.TestExecutionPlan" name="test_basic_plan" time="0.000" /><testcase classname="tests.unit.test_decision_packet.TestRiskGateResult" name="test_passed_gate" time="0.000" /><testcase classname="tests.unit.test_decision_packet.TestDecisionPacket" name="test_basic_packet" time="0.000" /><testcase classname="tests.unit.test_decision_packet.TestDecisionPacket" name="test_packet_hash_consistency" time="0.000" /><testcase classname="tests.unit.test_decision_packet.TestDecisionPacket" name="test_to_json" time="0.000" /><testcase classname="tests.unit.test_decision_packet.TestDecisionPacket" name="test_save_and_load" time="0.010" /><testcase classname="tests.unit.test_decision_packet.TestDecisionPacket" name="test_with_execution_plan" time="0.000" /><testcase classname="tests.unit.test_decision_packet.TestDecisionPacket" name="test_with_risk_gates" time="0.000" /><testcase classname="tests.unit.test_decision_packet.TestDecisionPacket" name="test_field_presence" time="0.000" /><testcase classname="tests.unit.test_decision_packet.TestDecisionPacket" name="test_unknowns_tracking" time="0.000" /><testcase classname="tests.unit.test_decision_packet.TestBuildDecisionPacket" name="test_minimal_build" time="0.001" /><testcase classname="tests.unit.test_decision_packet.TestBuildDecisionPacket" name="test_full_build" time="0.000" /><testcase classname="tests.unit.test_decision_packet.TestBuildDecisionPacket" name="test_historical_analogs" time="0.000" /><testcase classname="tests.unit.test_decision_packet_integration.TestDecisionPacketCreation" name="test_create_basic_packet" time="0.000" /><testcase classname="tests.unit.test_decision_packet_integration.TestDecisionPacketCreation" name="test_create_packet_with_indicators" time="0.000" /><testcase classname="tests.unit.test_decision_packet_integration.TestDecisionPacketCreation" name="test_create_packet_with_ml_predictions" time="0.000" /><testcase classname="tests.unit.test_decision_packet_integration.TestDecisionPacketCreation" name="test_create_packet_with_enriched_signal" time="0.000" /><testcase classname="tests.unit.test_decision_packet_integration.TestDecisionPacketCreation" name="test_create_packet_with_risk_checks" time="0.000" /><testcase classname="tests.unit.test_decision_packet_integration.TestDecisionPacketCreation" name="test_create_packet_with_strategy_params" time="0.000" /><testcase classname="tests.unit.test_decision_packet_integration.TestDecisionPacketCreation" name="test_create_packet_with_context" time="0.000" /><testcase classname="tests.unit.test_decision_packet_integration.TestDecisionPacketCreation" name="test_packet_save_and_load" time="0.012" /><testcase classname="tests.unit.test_decision_packet_integration.TestRunPaperTradeIntegration" name="test_decision_packet_created_on_order" time="0.010" /><testcase classname="tests.unit.test_decision_packet_integration.TestRunPaperTradeIntegration" name="test_all_ml_models_captured" time="0.001" /><testcase classname="tests.unit.test_decision_packet_integration.TestRunPaperTradeIntegration" name="test_enrichment_fields_preserved" time="0.009" /><testcase classname="tests.unit.test_decision_packet_integration.TestRunPaperTradeIntegration" name="test_position_sizing_multipliers_captured" time="0.000" /><testcase classname="tests.unit.test_decision_packet_integration.TestRunPaperTradeIntegration" name="test_packet_serialization_roundtrip" time="0.011" /><testcase classname="tests.unit.test_decision_packet_integration.TestPacketFilenameFormat" name="test_filename_contains_date_symbol_id" time="0.002" /><testcase classname="tests.unit.test_decision_packet_integration.TestPacketFilenameFormat" name="test_multiple_packets_same_directory" time="0.003" /><testcase classname="tests.unit.test_earnings_filter.TestFetchEarningsDates" name="test_returns_empty_without_api_key_no_fallback" time="0.004" /><testcase classname="tests.unit.test_earnings_filter.TestFetchEarningsDates" name="test_returns_empty_without_api_key" time="0.003" /><testcase classname="tests.unit.test_earnings_filter.TestFetchEarningsDates" name="test_uses_memory_cache" time="0.001" /><testcase classname="tests.unit.test_earnings_filter.TestFetchEarningsDates" name="test_normalizes_symbol_to_uppercase" time="0.001" /><testcase classname="tests.unit.test_earnings_filter.TestIsNearEarnings" name="test_returns_false_when_disabled" time="0.001" /><testcase classname="tests.unit.test_earnings_filter.TestIsNearEarnings" name="test_detects_day_before_earnings" time="0.001" /><testcase classname="tests.unit.test_earnings_filter.TestIsNearEarnings" name="test_detects_day_after_earnings" time="0.001" /><testcase classname="tests.unit.test_earnings_filter.TestIsNearEarnings" name="test_detects_earnings_day" time="0.001" /><testcase classname="tests.unit.test_earnings_filter.TestIsNearEarnings" name="test_allows_date_outside_window" time="0.001" /><testcase classname="tests.unit.test_earnings_filter.TestIsNearEarnings" name="test_returns_false_for_unknown_symbol" time="0.413" /><testcase classname="tests.unit.test_earnings_filter.TestFilterSignalsByEarnings" name="test_returns_all_when_disabled" time="0.001" /><testcase classname="tests.unit.test_earnings_filter.TestFilterSignalsByEarnings" name="test_filters_near_earnings_signals" time="0.001" /><testcase classname="tests.unit.test_earnings_filter.TestFilterSignalsByEarnings" name="test_handles_string_timestamps" time="0.001" /><testcase classname="tests.unit.test_earnings_filter.TestGetBlackoutDates" name="test_returns_blackout_dates" time="0.001" /><testcase classname="tests.unit.test_earnings_filter.TestGetBlackoutDates" name="test_respects_date_range" time="0.001" /><testcase classname="tests.unit.test_earnings_filter.TestClearCache" name="test_clears_memory_cache" time="0.001" /><testcase classname="tests.unit.test_earnings_filter.TestClearCache" name="test_removes_cache_file" time="0.002" /><testcase classname="tests.unit.test_execution_guard.TestQuoteFreshness" name="test_fresh_quote" time="0.000" /><testcase classname="tests.unit.test_execution_guard.TestQuoteFreshness" name="test_stale_quote" time="0.000" /><testcase classname="tests.unit.test_execution_guard.TestQuoteFreshness" name="test_future_quote" time="0.000" /><testcase classname="tests.unit.test_execution_guard.TestSpreadValidation" name="test_acceptable_spread" time="0.000" /><testcase classname="tests.unit.test_execution_guard.TestSpreadValidation" name="test_wide_spread" time="0.000" /><testcase classname="tests.unit.test_execution_guard.TestSpreadValidation" name="test_crossed_market" time="0.000" /><testcase classname="tests.unit.test_execution_guard.TestSpreadValidation" name="test_zero_prices" time="0.000" /><testcase classname="tests.unit.test_execution_guard.TestQuoteValidity" name="test_valid_quote" time="0.000" /><testcase classname="tests.unit.test_execution_guard.TestQuoteValidity" name="test_missing_bid" time="0.000" /><testcase classname="tests.unit.test_execution_guard.TestQuoteValidity" name="test_missing_ask" time="0.000" /><testcase classname="tests.unit.test_execution_guard.TestQuoteValidity" name="test_negative_prices" time="0.000" /><testcase classname="tests.unit.test_execution_guard.TestSizeLimits" name="test_valid_size" time="0.000" /><testcase classname="tests.unit.test_execution_guard.TestSizeLimits" name="test_zero_quantity" time="0.000" /><testcase classname="tests.unit.test_execution_guard.TestSizeLimits" name="test_order_too_small" time="0.000" /><testcase classname="tests.unit.test_execution_guard.TestSizeLimits" name="test_order_too_large" time="0.000" /><testcase classname="tests.unit.test_execution_guard.TestFullCheck" name="test_disabled_guard" time="0.000" /><testcase classname="tests.unit.test_execution_guard.TestFullCheck" name="test_passed_check" time="0.000" /><testcase classname="tests.unit.test_execution_guard.TestFullCheck" name="test_rejected_wide_spread" time="0.000" /><testcase classname="tests.unit.test_execution_guard.TestFullCheck" name="test_stand_down_stale_quote" time="0.000" /><testcase classname="tests.unit.test_execution_guard.TestFullCheck" name="test_stand_down_no_quote" time="0.000" /><testcase classname="tests.unit.test_execution_guard.TestFullCheck" name="test_price_sanity_check" time="0.000" /><testcase classname="tests.unit.test_execution_guard.TestFullCheck" name="test_from_config" time="0.000" /><testcase classname="tests.unit.test_execution_guard.TestGuardCheckResult" name="test_to_dict" time="0.001" /><testcase classname="tests.unit.test_execution_guard.TestGuardCheckResult" name="test_timestamp_auto_generated" time="0.000" /><testcase classname="tests.unit.test_fill_models.TestAlwaysFillModel" name="test_always_fills" time="0.000" /><testcase classname="tests.unit.test_fill_models.TestAlwaysFillModel" name="test_sell_always_fills" time="0.000" /><testcase classname="tests.unit.test_fill_models.TestLimitOrderFillModel" name="test_buy_fills_when_price_touches" time="0.000" /><testcase classname="tests.unit.test_fill_models.TestLimitOrderFillModel" name="test_buy_no_fill_when_price_above" time="0.000" /><testcase classname="tests.unit.test_fill_models.TestLimitOrderFillModel" name="test_sell_fills_when_price_touches" time="0.000" /><testcase classname="tests.unit.test_fill_models.TestLimitOrderFillModel" name="test_sell_no_fill_when_price_below" time="0.000" /><testcase classname="tests.unit.test_fill_models.TestLimitOrderFillModel" name="test_gap_through_limit" time="0.000" /><testcase classname="tests.unit.test_fill_models.TestProbabilisticFillModel" name="test_high_probability_fills" time="0.000" /><testcase classname="tests.unit.test_fill_models.TestProbabilisticFillModel" name="test_zero_probability_no_fill" time="0.000" /><testcase classname="tests.unit.test_fill_models.TestProbabilisticFillModel" name="test_limit_below_range_no_fill" time="0.000" /><testcase classname="tests.unit.test_fill_models.TestProbabilisticFillModel" name="test_limit_above_range_guaranteed_fill" time="0.000" /><testcase classname="tests.unit.test_fill_models.TestPartialFillModel" name="test_small_order_full_fill" time="0.000" /><testcase classname="tests.unit.test_fill_models.TestPartialFillModel" name="test_large_order_partial_fill" time="0.000" /><testcase classname="tests.unit.test_fill_models.TestPartialFillModel" name="test_no_volume_falls_back" time="0.000" /><testcase classname="tests.unit.test_fill_models.TestFillModelFactory" name="test_create_always_fill" time="0.000" /><testcase classname="tests.unit.test_fill_models.TestFillModelFactory" name="test_create_limit_order" time="0.000" /><testcase classname="tests.unit.test_fill_models.TestFillModelFactory" name="test_create_probabilistic" time="0.001" /><testcase classname="tests.unit.test_fill_models.TestFillModelFactory" name="test_create_partial_fill" time="0.000" /><testcase classname="tests.unit.test_fill_models.TestFillModelFactory" name="test_unknown_type" time="0.000" /><testcase classname="tests.unit.test_fill_models.TestFillModelFactory" name="test_default_model" time="0.000" /><testcase classname="tests.unit.test_fill_models.TestFillResult" name="test_fill_result_properties" time="0.000" /><testcase classname="tests.unit.test_fill_models.TestFillResult" name="test_partial_fill_result" time="0.000" /><testcase classname="tests.unit.test_fill_models.TestFillResult" name="test_no_fill_result" time="0.000" /><testcase classname="tests.unit.test_lineage.TestHashFunctions" name="test_file_hash" time="0.002" /><testcase classname="tests.unit.test_lineage.TestHashFunctions" name="test_file_hash_different_content" time="0.014" /><testcase classname="tests.unit.test_lineage.TestHashFunctions" name="test_directory_hash" time="0.004" /><testcase classname="tests.unit.test_lineage.TestHashFunctions" name="test_dataset_hash" time="0.014" /><testcase classname="tests.unit.test_lineage.TestHashFunctions" name="test_dataset_hash_missing_file" time="0.002" /><testcase classname="tests.unit.test_lineage.TestHashFunctions" name="test_model_hash" time="0.007" /><testcase classname="tests.unit.test_lineage.TestHashFunctions" name="test_decision_hash" time="0.000" /><testcase classname="tests.unit.test_lineage.TestHashFunctions" name="test_order_hash" time="0.000" /><testcase classname="tests.unit.test_lineage.TestLineageTracker" name="test_record_dataset" time="0.003" /><testcase classname="tests.unit.test_lineage.TestLineageTracker" name="test_record_model" time="0.008" /><testcase classname="tests.unit.test_lineage.TestLineageTracker" name="test_record_decision" time="0.001" /><testcase classname="tests.unit.test_lineage.TestLineageTracker" name="test_record_order" time="0.001" /><testcase classname="tests.unit.test_lineage.TestLineageTracker" name="test_get_lineage" time="0.018" /><testcase classname="tests.unit.test_lineage.TestLineageTracker" name="test_verify_lineage" time="0.015" /><testcase classname="tests.unit.test_lineage.TestLineageTracker" name="test_persistence" time="0.009" /><testcase classname="tests.unit.test_lineage.TestLinkLineage" name="test_link_full_lineage" time="0.005" /><testcase classname="tests.unit.test_market_clock.TestEquitiesCalendar" name="test_weekend_detection" time="0.000" /><testcase classname="tests.unit.test_market_clock.TestEquitiesCalendar" name="test_holiday_detection" time="0.000" /><testcase classname="tests.unit.test_market_clock.TestEquitiesCalendar" name="test_early_close_detection" time="0.000" /><testcase classname="tests.unit.test_market_clock.TestEquitiesCalendar" name="test_trading_day" time="0.000" /><testcase classname="tests.unit.test_market_clock.TestEquitiesCalendar" name="test_market_open" time="0.000" /><testcase classname="tests.unit.test_market_clock.TestEquitiesCalendar" name="test_session_info" time="0.000" /><testcase classname="tests.unit.test_market_clock.TestEquitiesCalendar" name="test_next_trading_day" time="0.000" /><testcase classname="tests.unit.test_market_clock.TestCryptoClock" name="test_always_open" time="0.000" /><testcase classname="tests.unit.test_market_clock.TestCryptoClock" name="test_continuous_session" time="0.000" /><testcase classname="tests.unit.test_market_clock.TestCryptoClock" name="test_next_scan_aligned" time="0.000" /><testcase classname="tests.unit.test_market_clock.TestCryptoClock" name="test_scan_times_for_day" time="0.000" /><testcase classname="tests.unit.test_market_clock.TestOptionsEventClock" name="test_monthly_expiry" time="0.000" /><testcase classname="tests.unit.test_market_clock.TestOptionsEventClock" name="test_is_expiry_day" time="0.000" /><testcase classname="tests.unit.test_market_clock.TestOptionsEventClock" name="test_weekly_expiries" time="0.000" /><testcase classname="tests.unit.test_market_clock.TestMacroEventCalendar" name="test_fomc_day" time="0.000" /><testcase classname="tests.unit.test_market_clock.TestMacroEventCalendar" name="test_fomc_week" time="0.000" /><testcase classname="tests.unit.test_market_clock.TestMacroEventCalendar" name="test_next_fomc" time="0.000" /><testcase classname="tests.unit.test_market_clock.TestMacroEventCalendar" name="test_high_volatility_period" time="0.000" /><testcase classname="tests.unit.test_market_clock.TestMarketClock" name="test_create_from_config" time="0.000" /><testcase classname="tests.unit.test_market_clock.TestMarketClock" name="test_market_open_equities" time="0.000" /><testcase classname="tests.unit.test_market_clock.TestMarketClock" name="test_market_open_crypto" time="0.000" /><testcase classname="tests.unit.test_market_clock.TestMarketClock" name="test_next_event_equities" time="0.000" /><testcase classname="tests.unit.test_market_clock.TestMarketClock" name="test_next_event_any" time="0.000" /><testcase classname="tests.unit.test_market_clock.TestMarketEvent" name="test_event_ordering" time="0.000" /><testcase classname="tests.unit.test_ml_features.TestTechnicalFeatures" name="test_import" time="0.000" /><testcase classname="tests.unit.test_ml_features.TestTechnicalFeatures" name="test_compute_all_returns_dataframe" time="0.039" /><testcase classname="tests.unit.test_ml_features.TestTechnicalFeatures" name="test_momentum_features_added" time="0.035" /><testcase classname="tests.unit.test_ml_features.TestTechnicalFeatures" name="test_volatility_features_added" time="0.034" /><testcase classname="tests.unit.test_ml_features.TestTechnicalFeatures" name="test_trend_features_added" time="0.050" /><testcase classname="tests.unit.test_ml_features.TestTechnicalFeatures" name="test_volume_features_added" time="0.035" /><testcase classname="tests.unit.test_ml_features.TestTechnicalFeatures" name="test_shift_prevents_lookahead" time="0.060" /><testcase classname="tests.unit.test_ml_features.TestTechnicalFeatures" name="test_empty_dataframe_returns_empty" time="0.001" /><testcase classname="tests.unit.test_ml_features.TestTechnicalFeatures" name="test_missing_columns_handled" time="0.001" /><testcase classname="tests.unit.test_ml_features.TestAnomalyDetection" name="test_import" time="0.000" /><testcase classname="tests.unit.test_ml_features.TestAnomalyDetection" name="test_detect_all_returns_dataframe" time="20.927" /><testcase classname="tests.unit.test_ml_features.TestAnomalyDetection" name="test_anomaly_scores_bounded" time="0.010" /><testcase classname="tests.unit.test_ml_features.TestAnomalyDetection" name="test_high_volatility_detected" time="0.021" /><testcase classname="tests.unit.test_ml_features.TestAnomalyDetection" name="test_volume_spike_detected" time="0.012" /><testcase classname="tests.unit.test_ml_features.TestAnomalyDetection" name="test_get_anomalies_returns_list" time="0.018" /><testcase classname="tests.unit.test_ml_features.TestAnomalyDetection" name="test_insufficient_data_handled" time="0.001" /><testcase classname="tests.unit.test_ml_features.TestFeaturePipeline" name="test_import" time="0.001" /><testcase classname="tests.unit.test_ml_features.TestFeaturePipeline" name="test_extract_returns_dataframe" time="0.167" /><testcase classname="tests.unit.test_ml_features.TestFeaturePipeline" name="test_price_patterns_added" time="0.014" /><testcase classname="tests.unit.test_ml_features.TestFeaturePipeline" name="test_feature_caching" time="0.141" /><testcase classname="tests.unit.test_ml_features.TestFeaturePipeline" name="test_get_feature_names" time="0.177" /><testcase classname="tests.unit.test_ml_features.TestFeaturePipeline" name="test_clear_cache" time="0.139" /><testcase classname="tests.unit.test_ml_features.TestSignalConfidence" name="test_import" time="0.001" /><testcase classname="tests.unit.test_ml_features.TestSignalConfidence" name="test_score_returns_result" time="0.003" /><testcase classname="tests.unit.test_ml_features.TestSignalConfidence" name="test_confidence_bounded" time="0.002" /><testcase classname="tests.unit.test_ml_features.TestSignalConfidence" name="test_score_signals_batch" time="0.006" /><testcase classname="tests.unit.test_ml_features.TestSignalConfidence" name="test_low_rsi_increases_long_confidence" time="0.031" /><testcase classname="tests.unit.test_ml_features.TestSignalConfidence" name="test_reasons_generated" time="0.002" /><testcase classname="tests.unit.test_ml_features.TestRegimeML" name="test_import" time="0.000" /><testcase classname="tests.unit.test_ml_features.TestRegimeML" name="test_fit_returns_self" time="0.006" /><testcase classname="tests.unit.test_ml_features.TestRegimeML" name="test_detect_returns_dataframe" time="0.009" /><testcase classname="tests.unit.test_ml_features.TestRegimeML" name="test_get_current_regime_returns_result" time="0.009" /><testcase classname="tests.unit.test_ml_features.TestRegimeML" name="test_bull_trend_detected" time="0.014" /><testcase classname="tests.unit.test_ml_features.TestRegimeML" name="test_bear_trend_detected" time="0.014" /><testcase classname="tests.unit.test_ml_features.TestRegimeML" name="test_high_volatility_detected" time="0.015" /><testcase classname="tests.unit.test_ml_features.TestRegimeML" name="test_insufficient_data_handled" time="0.009" /><testcase classname="tests.unit.test_ml_features.TestStrategyEnhancer" name="test_import" time="0.000" /><testcase classname="tests.unit.test_ml_features.TestStrategyEnhancer" name="test_enhancer_wraps_strategy" time="0.976" /><testcase classname="tests.unit.test_ml_features.TestStrategyEnhancer" name="test_confidence_added_to_signals" time="0.161" /><testcase classname="tests.unit.test_ml_features.TestStrategyEnhancer" name="test_low_confidence_filtered" time="0.141" /><testcase classname="tests.unit.test_ml_features.TestStrategyEnhancer" name="test_get_stats_returns_dict" time="0.001" /><testcase classname="tests.unit.test_ml_features.TestStrategyEnhancer" name="test_enhance_strategy_function" time="0.001" /><testcase classname="tests.unit.test_ml_features.TestConvenienceFunctions" name="test_compute_momentum_features" time="0.009" /><testcase classname="tests.unit.test_ml_features.TestConvenienceFunctions" name="test_compute_volatility_features" time="0.009" /><testcase classname="tests.unit.test_ml_features.TestConvenienceFunctions" name="test_detect_price_anomalies" time="0.002" /><testcase classname="tests.unit.test_ml_features.TestConvenienceFunctions" name="test_compute_signal_confidence" time="0.002" /><testcase classname="tests.unit.test_ml_features.TestConvenienceFunctions" name="test_detect_regime_ml" time="0.014" /><testcase classname="tests.unit.test_ml_features.TestConvenienceFunctions" name="test_extract_all_features" time="0.116" /><testcase classname="tests.unit.test_playbook_generator.TestPlaybook" name="test_basic_playbook" time="0.001" /><testcase classname="tests.unit.test_playbook_generator.TestPlaybookGenerator" name="test_generate_deterministic" time="0.001" /><testcase classname="tests.unit.test_playbook_generator.TestPlaybookGenerator" name="test_executive_summary_content" time="0.001" /><testcase classname="tests.unit.test_playbook_generator.TestPlaybookGenerator" name="test_risk_section_content" time="0.001" /><testcase classname="tests.unit.test_playbook_generator.TestPlaybookGenerator" name="test_execution_plan_in_playbook" time="0.001" /><testcase classname="tests.unit.test_playbook_generator.TestPlaybookGenerator" name="test_unknowns_tracked" time="0.001" /><testcase classname="tests.unit.test_playbook_generator.TestPlaybookGenerator" name="test_no_fabrication" time="0.001" /><testcase classname="tests.unit.test_playbook_generator.TestPlaybookWithHistoricalAnalogs" name="test_analogs_included" time="0.001" /><testcase classname="tests.unit.test_playbook_generator.TestPlaybookChecklist" name="test_checklist_generation" time="0.001" /><testcase classname="tests.unit.test_portfolio_risk.TestPortfolioRiskLimits" name="test_default_limits" time="0.001" /><testcase classname="tests.unit.test_portfolio_risk.TestPortfolioRiskLimits" name="test_custom_limits" time="0.001" /><testcase classname="tests.unit.test_portfolio_risk.TestPortfolioState" name="test_empty_portfolio" time="0.001" /><testcase classname="tests.unit.test_portfolio_risk.TestPortfolioState" name="test_with_positions" time="0.001" /><testcase classname="tests.unit.test_portfolio_risk.TestSectorMapper" name="test_unknown_sector" time="0.000" /><testcase classname="tests.unit.test_portfolio_risk.TestSectorMapper" name="test_add_mapping" time="0.000" /><testcase classname="tests.unit.test_portfolio_risk.TestSectorMapper" name="test_load_from_csv" time="0.008" /><testcase classname="tests.unit.test_portfolio_risk.TestCorrelationAnalyzer" name="test_compute_correlation" time="0.002" /><testcase classname="tests.unit.test_portfolio_risk.TestCorrelationAnalyzer" name="test_identify_clusters" time="0.004" /><testcase classname="tests.unit.test_portfolio_risk.TestPortfolioRiskGate" name="test_disabled_gate" time="0.000" /><testcase classname="tests.unit.test_portfolio_risk.TestPortfolioRiskGate" name="test_gross_exposure_limit" time="0.000" /><testcase classname="tests.unit.test_portfolio_risk.TestPortfolioRiskGate" name="test_single_name_limit" time="0.000" /><testcase classname="tests.unit.test_portfolio_risk.TestPortfolioRiskGate" name="test_sector_limit" time="0.000" /><testcase classname="tests.unit.test_portfolio_risk.TestPortfolioRiskGate" name="test_position_count_limit" time="0.000" /><testcase classname="tests.unit.test_portfolio_risk.TestPortfolioRiskGate" name="test_approved_trade" time="0.000" /><testcase classname="tests.unit.test_portfolio_risk.TestPortfolioRiskGate" name="test_warning_status" time="0.000" /><testcase classname="tests.unit.test_portfolio_risk.TestPortfolioRiskGate" name="test_from_config" time="0.000" /><testcase classname="tests.unit.test_rate_limiter.TestTokenBucket" name="test_initial_capacity" time="0.000" /><testcase classname="tests.unit.test_rate_limiter.TestTokenBucket" name="test_acquire_decrements_tokens" time="0.000" /><testcase classname="tests.unit.test_rate_limiter.TestTokenBucket" name="test_try_acquire_non_blocking" time="0.000" /><testcase classname="tests.unit.test_rate_limiter.TestTokenBucket" name="test_refill_over_time" time="0.501" /><testcase classname="tests.unit.test_rate_limiter.TestTokenBucket" name="test_capacity_limit" time="0.101" /><testcase classname="tests.unit.test_rate_limiter.TestTokenBucket" name="test_acquire_timeout" time="0.000" /><testcase classname="tests.unit.test_rate_limiter.TestTokenBucket" name="test_thread_safety" time="0.107" /><testcase classname="tests.unit.test_rate_limiter.TestRateLimitedDecorator" name="test_decorator_passes_through" time="0.001" /><testcase classname="tests.unit.test_rate_limiter.TestRateLimitedDecorator" name="test_decorator_preserves_metadata" time="0.000" /><testcase classname="tests.unit.test_rate_limiter.TestWaitForRateLimit" name="test_returns_true_when_disabled" time="0.000" /><testcase classname="tests.unit.test_rate_limiter.TestWithRetry" name="test_succeeds_on_first_try" time="0.000" /><testcase classname="tests.unit.test_rate_limiter.TestWithRetry" name="test_retries_on_rate_limit_error" time="0.032" /><testcase classname="tests.unit.test_rate_limiter.TestWithRetry" name="test_retries_on_429_error" time="0.011" /><testcase classname="tests.unit.test_rate_limiter.TestWithRetry" name="test_raises_after_max_retries" time="0.032" /><testcase classname="tests.unit.test_rate_limiter.TestWithRetry" name="test_non_retryable_error_raises_immediately" time="0.001" /><testcase classname="tests.unit.test_rate_limiter.TestWithRetry" name="test_exponential_backoff" time="0.152" /><testcase classname="tests.unit.test_rate_limiter.TestRateLimitExceeded" name="test_exception_message" time="0.000" /><testcase classname="tests.unit.test_rate_limiter.TestRateLimitExceeded" name="test_exception_inheritance" time="0.000" /><testcase classname="tests.unit.test_reconciliation.TestBrokerPosition" name="test_basic_position" time="0.000" /><testcase classname="tests.unit.test_reconciliation.TestOMSPosition" name="test_basic_position" time="0.000" /><testcase classname="tests.unit.test_reconciliation.TestDiscrepancy" name="test_quantity_mismatch" time="0.000" /><testcase classname="tests.unit.test_reconciliation.TestDiscrepancy" name="test_to_dict" time="0.000" /><testcase classname="tests.unit.test_reconciliation.TestReconciler" name="test_initialization" time="0.000" /><testcase classname="tests.unit.test_reconciliation.TestReconciler" name="test_detect_quantity_mismatch" time="0.000" /><testcase classname="tests.unit.test_reconciliation.TestReconciler" name="test_detect_missing_in_oms" time="0.000" /><testcase classname="tests.unit.test_reconciliation.TestReconciler" name="test_detect_missing_in_broker" time="0.000" /><testcase classname="tests.unit.test_reconciliation.TestReconciler" name="test_detect_price_mismatch" time="0.000" /><testcase classname="tests.unit.test_reconciliation.TestReconciler" name="test_no_discrepancies" time="0.000" /><testcase classname="tests.unit.test_reconciliation.TestReconciler" name="test_detect_partial_fills" time="0.000" /><testcase classname="tests.unit.test_reconciliation.TestReconciliationReport" name="test_report_creation" time="0.000" /><testcase classname="tests.unit.test_reconciliation.TestReconciliationReport" name="test_report_with_discrepancies" time="0.000" /><testcase classname="tests.unit.test_reconciliation.TestReconciliationReport" name="test_report_to_dict" time="0.000" /><testcase classname="tests.unit.test_regime_filter.TestComputeRegimeMask" name="test_empty_dataframe_returns_empty" time="0.001" /><testcase classname="tests.unit.test_regime_filter.TestComputeRegimeMask" name="test_returns_correct_columns" time="0.004" /><testcase classname="tests.unit.test_regime_filter.TestComputeRegimeMask" name="test_trend_filter_above_slow_sma" time="0.003" /><testcase classname="tests.unit.test_regime_filter.TestComputeRegimeMask" name="test_trend_filter_below_slow_sma" time="0.003" /><testcase classname="tests.unit.test_regime_filter.TestComputeRegimeMask" name="test_fast_sma_crossover" time="0.003" /><testcase classname="tests.unit.test_regime_filter.TestComputeRegimeMask" name="test_volatility_filter" time="0.003" /><testcase classname="tests.unit.test_regime_filter.TestComputeRegimeMask" name="test_low_volatility_passes" time="0.003" /><testcase classname="tests.unit.test_regime_filter.TestGetAllowedTimestamps" name="test_returns_empty_when_disabled" time="0.001" /><testcase classname="tests.unit.test_regime_filter.TestGetAllowedTimestamps" name="test_returns_allowed_dates" time="0.003" /><testcase classname="tests.unit.test_regime_filter.TestFilterSignalsByRegime" name="test_returns_all_when_disabled" time="0.001" /><testcase classname="tests.unit.test_regime_filter.TestFilterSignalsByRegime" name="test_returns_empty_for_empty_signals" time="0.001" /><testcase classname="tests.unit.test_regime_filter.TestFilterSignalsByRegime" name="test_filters_by_regime" time="0.004" /><testcase classname="tests.unit.test_regime_filter.TestConfigFunctions" name="test_get_regime_filter_config" time="0.000" /><testcase classname="tests.unit.test_regime_filter.TestConfigFunctions" name="test_is_regime_filter_enabled" time="0.000" /><testcase classname="tests.unit.test_regime_filter.TestEdgeCases" name="test_handles_nan_values" time="0.003" /><testcase classname="tests.unit.test_regime_filter.TestEdgeCases" name="test_handles_insufficient_data" time="0.003" /><testcase classname="tests.unit.test_regime_filter.TestEdgeCases" name="test_handles_zero_volatility" time="0.002" /><testcase classname="tests.unit.test_risk.TestPolicyGate" name="test_policy_gate_import" time="0.000" /><testcase classname="tests.unit.test_risk.TestPolicyGate" name="test_risk_limits_defaults" time="0.000" /><testcase classname="tests.unit.test_risk.TestPolicyGate" name="test_policy_gate_initialization" time="0.000" /><testcase classname="tests.unit.test_risk.TestPolicyGate" name="test_order_within_budget_passes" time="0.000" /><testcase classname="tests.unit.test_risk.TestPolicyGate" name="test_order_exceeds_per_order_budget_fails" time="0.000" /><testcase classname="tests.unit.test_risk.TestPolicyGate" name="test_daily_loss_limit" time="0.000" /><testcase classname="tests.unit.test_risk.TestPolicyGate" name="test_reset_daily" time="0.000" /><testcase classname="tests.unit.test_risk.TestPolicyGate" name="test_price_bounds" time="0.000" /><testcase classname="tests.unit.test_risk.TestPolicyGate" name="test_shorts_disabled_by_default" time="0.000" /><testcase classname="tests.unit.test_risk.TestKillSwitch" name="test_kill_switch_not_active_by_default" time="0.003" /><testcase classname="tests.unit.test_risk.TestKillSwitch" name="test_kill_switch_blocks_trading" time="0.002" /><testcase classname="tests.unit.test_risk.TestKillSwitch" name="test_kill_switch_can_be_deactivated" time="0.002" /><testcase classname="tests.unit.test_risk.TestPositionSizing" name="test_fixed_dollar_sizing" time="0.000" /><testcase classname="tests.unit.test_risk.TestPositionSizing" name="test_position_size_respects_max_pct" time="0.000" /><testcase classname="tests.unit.test_risk.TestPositionLimitGate" name="test_position_limit_gate_import" time="0.000" /><testcase classname="tests.unit.test_risk.TestPositionLimitGate" name="test_position_limits_defaults" time="0.000" /><testcase classname="tests.unit.test_risk.TestPositionLimitGate" name="test_position_limit_gate_initialization" time="0.000" /><testcase classname="tests.unit.test_risk.TestPositionLimitGate" name="test_position_limit_gate_check_returns_tuple" time="0.406" /><testcase classname="tests.unit.test_risk.TestPositionLimitGate" name="test_position_limit_gate_get_status" time="0.361" /><testcase classname="tests.unit.test_risk.TestPositionLimitGate" name="test_position_limit_gate_clear_cache" time="0.000" /><testcase classname="tests.unit.test_risk.TestPositionLimitGate" name="test_get_position_limit_gate_singleton" time="0.000" /><testcase classname="tests.unit.test_risk.TestPositionLimitGate" name="test_position_limit_export_from_risk" time="0.000" /><testcase classname="tests.unit.test_slippage_models.TestZeroSlippage" name="test_no_slippage" time="0.000" /><testcase classname="tests.unit.test_slippage_models.TestFixedBpsSlippage" name="test_default_5bps" time="0.000" /><testcase classname="tests.unit.test_slippage_models.TestFixedBpsSlippage" name="test_custom_bps" time="0.000" /><testcase classname="tests.unit.test_slippage_models.TestFixedBpsSlippage" name="test_buy_adds_slippage" time="0.000" /><testcase classname="tests.unit.test_slippage_models.TestFixedBpsSlippage" name="test_sell_subtracts_slippage" time="0.000" /><testcase classname="tests.unit.test_slippage_models.TestATRFractionSlippage" name="test_with_atr" time="0.000" /><testcase classname="tests.unit.test_slippage_models.TestATRFractionSlippage" name="test_fallback_without_atr" time="0.001" /><testcase classname="tests.unit.test_slippage_models.TestATRFractionSlippage" name="test_zero_atr" time="0.000" /><testcase classname="tests.unit.test_slippage_models.TestSpreadPercentileSlippage" name="test_with_spread" time="0.000" /><testcase classname="tests.unit.test_slippage_models.TestSpreadPercentileSlippage" name="test_with_spread_pct" time="0.000" /><testcase classname="tests.unit.test_slippage_models.TestSpreadPercentileSlippage" name="test_estimated_spread" time="0.000" /><testcase classname="tests.unit.test_slippage_models.TestVolumeImpactSlippage" name="test_small_order" time="0.000" /><testcase classname="tests.unit.test_slippage_models.TestVolumeImpactSlippage" name="test_large_order" time="0.000" /><testcase classname="tests.unit.test_slippage_models.TestVolumeImpactSlippage" name="test_max_cap" time="0.000" /><testcase classname="tests.unit.test_slippage_models.TestVolumeImpactSlippage" name="test_fallback_no_volume" time="0.000" /><testcase classname="tests.unit.test_slippage_models.TestSlippageFactory" name="test_create_zero" time="0.000" /><testcase classname="tests.unit.test_slippage_models.TestSlippageFactory" name="test_create_fixed_bps" time="0.000" /><testcase classname="tests.unit.test_slippage_models.TestSlippageFactory" name="test_create_atr_fraction" time="0.000" /><testcase classname="tests.unit.test_slippage_models.TestSlippageFactory" name="test_create_spread_percentile" time="0.000" /><testcase classname="tests.unit.test_slippage_models.TestSlippageFactory" name="test_create_volume_impact" time="0.000" /><testcase classname="tests.unit.test_slippage_models.TestSlippageFactory" name="test_unknown_type" time="0.000" /><testcase classname="tests.unit.test_slippage_models.TestSlippageFactory" name="test_default_model" time="0.000" /><testcase classname="tests.unit.test_slippage_models.TestSlippageResult" name="test_slippage_pct" time="0.000" /><testcase classname="tests.unit.test_strategies.TestDualStrategyScanner" name="test_scanner_import" time="0.000" /><testcase classname="tests.unit.test_strategies.TestDualStrategyScanner" name="test_signal_generation" time="0.121" /><testcase classname="tests.unit.test_strategies.TestDualStrategyScanner" name="test_scanner_has_required_methods" time="0.000" /><testcase classname="tests.unit.test_strategies.TestStrategyRegistry" name="test_get_production_scanner" time="0.000" /><testcase classname="tests.unit.test_strategies.TestStrategyRegistry" name="test_verified_performance_metadata" time="0.000" /><testcase classname="tests.web.test_main.TestDashboardEndpoints" name="test_read_root" time="0.011" /><testcase classname="tests.web.test_main.TestDashboardEndpoints" name="test_get_bot_status" time="0.004" /><testcase classname="tests.web.test_main.TestDashboardEndpoints" name="test_get_bot_status_error" time="0.003" /><testcase classname="tests.web.test_main.TestDashboardEndpoints" name="test_get_cognitive_system_status" time="0.003" /><testcase classname="tests.web.test_main.TestDashboardEndpoints" name="test_get_cognitive_system_status_error" time="0.003" /><testcase classname="tests.web.test_main.TestDashboardEndpoints" name="test_get_recent_reflections" time="0.003" /><testcase classname="tests.web.test_main.TestDashboardEndpoints" name="test_get_recent_reflections_error" time="0.004" /><testcase classname="tests.web.test_main.TestDashboardEndpoints" name="test_get_recent_tca" time="0.004" /><testcase classname="tests.web.test_main.TestDashboardEndpoints" name="test_get_recent_tca_error" time="0.003" /><testcase classname="tests.web.test_main.TestDashboardEndpoints" name="test_get_ai_self_description" time="0.003" /><testcase classname="tests.web.test_main.TestDashboardEndpoints" name="test_get_ai_self_description_error" time="0.004" /></testsuite></testsuites>